[2026-05-29T20:33:48.174158] CEO Briefing Generated
Accounting: {
  "status": "connected",
  "revenue": 1059.99,
  "expenses": 0,
  "receivable": 1059.99,
  "payable": 0,
  "invoice_count": 1,
  "bill_count": 0,
  "net_position": 1059.99
}
Social Media: {
  "facebook": 12,
  "instagram": 19,
  "twitter": 14,
  "total": 45
}
Communications: {
  "personal": {
    "emails": 0,
    "whatsapp": 9
  },
  "business": {
    "emails": 0,
    "whatsapp": 4
  },
  "total": 13
}
Tasks: {
  "pending": 0,
  "approved": 0,
  "done": 36,
  "rejected": 0
}
Output: /mnt/e/Full-Time-Equivalent-Hackathon-0/Full-Time-Equivalent-0/AI_Employee_Vault/Briefings/CEO_BRIEFING_20260529_203348.md
