[2026-05-19T18:41:32.018481] CEO Briefing Generated
Accounting: {
  "status": "connected",
  "revenue": 1059.99,
  "expenses": 0,
  "receivable": 1059.99,
  "payable": 0,
  "invoice_count": 1,
  "bill_count": 0,
  "net_position": 1059.99
}
Social Media: {
  "facebook": 12,
  "instagram": 19,
  "twitter": 14,
  "total": 45
}
Communications: {
  "personal": {
    "emails": 0,
    "whatsapp": 8
  },
  "business": {
    "emails": 0,
    "whatsapp": 3
  },
  "total": 11
}
Tasks: {
  "pending": 0,
  "approved": 0,
  "done": 35,
  "rejected": 0
}
Output: /mnt/e/Full-Time-Equivalent-Hackathon-0/Full-Time-Equivalent-0/AI_Employee_Vault/Briefings/CEO_BRIEFING_20260519_184132.md
