[2026-06-18T21:39:02.198919] CEO Briefing Generated
Accounting: {
  "status": "connected",
  "revenue": 1059.99,
  "expenses": 0,
  "receivable": 1059.99,
  "payable": 0,
  "invoice_count": 1,
  "bill_count": 0,
  "net_position": 1059.99
}
Social Media: {
  "facebook": 15,
  "instagram": 19,
  "twitter": 19,
  "total": 53
}
Communications: {
  "personal": {
    "emails": 0,
    "whatsapp": 12
  },
  "business": {
    "emails": 0,
    "whatsapp": 7
  },
  "total": 19
}
Tasks: {
  "pending": 6,
  "approved": 0,
  "done": 36,
  "rejected": 0
}
Output: /mnt/e/Full-Time-Equivalent-Hackathon-0/Full-Time-Equivalent-0/AI_Employee_Vault/Briefings/CEO_BRIEFING_20260618_213902.md
