[2026-06-18T16:28:41.323836] CEO Briefing Generated
Accounting: {
  "status": "connected",
  "revenue": 1059.99,
  "expenses": 0,
  "receivable": 1059.99,
  "payable": 0,
  "invoice_count": 1,
  "bill_count": 0,
  "net_position": 1059.99
}
Social Media: {
  "facebook": 15,
  "instagram": 19,
  "twitter": 17,
  "total": 51
}
Communications: {
  "personal": {
    "emails": 0,
    "whatsapp": 11
  },
  "business": {
    "emails": 0,
    "whatsapp": 6
  },
  "total": 17
}
Tasks: {
  "pending": 5,
  "approved": 0,
  "done": 36,
  "rejected": 0
}
Output: /mnt/e/Full-Time-Equivalent-Hackathon-0/Full-Time-Equivalent-0/AI_Employee_Vault/Briefings/CEO_BRIEFING_20260618_162841.md
