[2026-07-28T23:25:08.376385] CEO Briefing Generated
Accounting: {
  "status": "connected",
  "revenue": 76059.99,
  "expenses": 0,
  "receivable": 76059.99,
  "payable": 0,
  "invoice_count": 2,
  "bill_count": 0,
  "net_position": 76059.99
}
Social Media: {
  "facebook": 22,
  "instagram": 24,
  "twitter": 30,
  "total": 76
}
Communications: {
  "personal": {
    "emails": 0,
    "whatsapp": 15
  },
  "business": {
    "emails": 0,
    "whatsapp": 10
  },
  "total": 25
}
Tasks: {
  "pending": 4,
  "approved": 2,
  "done": 424,
  "rejected": 0
}
Output: /mnt/e/Full-Time-Equivalent-Hackathon-0/Full-Time-Equivalent-0/AI_Employee_Vault/Briefings/CEO_BRIEFING_20260728_232508.md
