[2026-04-29 01:40:01] Starting AI Employee scheduled run
[2026-04-29 01:40:01] Running reasoning loop...
2026-04-29 01:40:05,546 - ReasoningLoop - INFO - No new items to process
[2026-04-29 01:40:05] Running approval orchestrator...
[2026-04-29 01:40:06] AI Employee scheduled run complete
---
[2026-04-29 01:45:01] Starting AI Employee scheduled run
[2026-04-29 01:45:01] Running reasoning loop...
2026-04-29 01:45:02,608 - ReasoningLoop - INFO - No new items to process
[2026-04-29 01:45:02] Running approval orchestrator...
[2026-04-29 01:45:03] AI Employee scheduled run complete
---
[2026-04-29 01:50:01] Starting AI Employee scheduled run
[2026-04-29 01:50:01] Running reasoning loop...
2026-04-29 01:50:02,848 - ReasoningLoop - INFO - No new items to process
[2026-04-29 01:50:02] Running approval orchestrator...
[2026-04-29 01:50:04] AI Employee scheduled run complete
---
[2026-04-29 01:55:01] Starting AI Employee scheduled run
[2026-04-29 01:55:01] Running reasoning loop...
2026-04-29 01:55:02,306 - ReasoningLoop - INFO - No new items to process
[2026-04-29 01:55:02] Running approval orchestrator...
[2026-04-29 01:55:03] AI Employee scheduled run complete
---
[2026-04-29 02:00:01] Starting AI Employee scheduled run
[2026-04-29 02:00:01] Running reasoning loop...
2026-04-29 02:00:02,803 - ReasoningLoop - INFO - No new items to process
[2026-04-29 02:00:02] Running approval orchestrator...
[2026-04-29 02:00:04] AI Employee scheduled run complete
---
[2026-04-29 02:05:01] Starting AI Employee scheduled run
[2026-04-29 02:05:01] Running reasoning loop...
2026-04-29 02:05:02,822 - ReasoningLoop - INFO - No new items to process
[2026-04-29 02:05:02] Running approval orchestrator...
[2026-04-29 02:05:04] AI Employee scheduled run complete
---
[2026-04-29 02:10:02] Starting AI Employee scheduled run
[2026-04-29 02:10:02] Running reasoning loop...
2026-04-29 02:10:03,521 - ReasoningLoop - INFO - No new items to process
[2026-04-29 02:10:03] Running approval orchestrator...
[2026-04-29 02:10:05] AI Employee scheduled run complete
---
[2026-04-29 02:15:01] Starting AI Employee scheduled run
[2026-04-29 02:15:01] Running reasoning loop...
2026-04-29 02:15:02,303 - ReasoningLoop - INFO - No new items to process
[2026-04-29 02:15:02] Running approval orchestrator...
[2026-04-29 02:15:03] AI Employee scheduled run complete
---
[2026-04-29 02:20:01] Starting AI Employee scheduled run
[2026-04-29 02:20:01] Running reasoning loop...
2026-04-29 02:20:02,128 - ReasoningLoop - INFO - No new items to process
[2026-04-29 02:20:02] Running approval orchestrator...
[2026-04-29 02:20:02] AI Employee scheduled run complete
---
[2026-04-29 02:25:01] Starting AI Employee scheduled run
[2026-04-29 02:25:01] Running reasoning loop...
2026-04-29 02:25:02,423 - ReasoningLoop - INFO - No new items to process
[2026-04-29 02:25:02] Running approval orchestrator...
[2026-04-29 02:25:03] AI Employee scheduled run complete
---
[2026-04-29 02:30:01] Starting AI Employee scheduled run
[2026-04-29 02:30:01] Running reasoning loop...
2026-04-29 02:30:03,012 - ReasoningLoop - INFO - No new items to process
[2026-04-29 02:30:03] Running approval orchestrator...
[2026-04-29 02:30:04] AI Employee scheduled run complete
---
[2026-04-29 02:35:01] Starting AI Employee scheduled run
[2026-04-29 02:35:01] Running reasoning loop...
2026-04-29 02:35:02,877 - ReasoningLoop - INFO - No new items to process
[2026-04-29 02:35:02] Running approval orchestrator...
[2026-04-29 02:35:05] AI Employee scheduled run complete
---
[2026-04-29 02:40:01] Starting AI Employee scheduled run
[2026-04-29 02:40:01] Running reasoning loop...
2026-04-29 02:40:02,147 - ReasoningLoop - INFO - No new items to process
[2026-04-29 02:40:02] Running approval orchestrator...
[2026-04-29 02:40:03] AI Employee scheduled run complete
---
[2026-04-29 02:45:01] Starting AI Employee scheduled run
[2026-04-29 02:45:01] Running reasoning loop...
2026-04-29 02:45:02,753 - ReasoningLoop - INFO - No new items to process
[2026-04-29 02:45:02] Running approval orchestrator...
[2026-04-29 02:45:04] AI Employee scheduled run complete
---
