[2026-04-28 00:00:01] Starting AI Employee scheduled run
[2026-04-28 00:00:01] Running reasoning loop...
2026-04-28 00:00:06,060 - ReasoningLoop - INFO - No new items to process
[2026-04-28 00:00:06] Running approval orchestrator...
[2026-04-28 00:00:09] AI Employee scheduled run complete
---
[2026-04-28 00:05:01] Starting AI Employee scheduled run
[2026-04-28 00:05:01] Running reasoning loop...
2026-04-28 00:05:02,386 - ReasoningLoop - INFO - Processing: WHATSAPP_20260428_000105_Test_Contact.md
2026-04-28 00:05:02,403 - ReasoningLoop - INFO - Created plan: PLAN_20260428_000502_WHATSAPP_20260428_000105_Test_.md
2026-04-28 00:05:02,416 - ReasoningLoop - INFO - Processed 1 item(s)
[2026-04-28 00:05:02] Running approval orchestrator...
[2026-04-28 00:05:03] AI Employee scheduled run complete
---
[2026-04-28 00:10:01] Starting AI Employee scheduled run
[2026-04-28 00:10:01] Running reasoning loop...
2026-04-28 00:10:02,004 - ReasoningLoop - INFO - Processing: WHATSAPP_20260428_000844_Abdullah_Old.md
2026-04-28 00:10:02,014 - ReasoningLoop - INFO - Created plan: PLAN_20260428_001002_WHATSAPP_20260428_000844_Abdul.md
2026-04-28 00:10:02,028 - ReasoningLoop - INFO - Processed 1 item(s)
[2026-04-28 00:10:02] Running approval orchestrator...
[2026-04-28 00:10:02] AI Employee scheduled run complete
---
[2026-04-28 00:15:01] Starting AI Employee scheduled run
[2026-04-28 00:15:01] Running reasoning loop...
2026-04-28 00:15:03,993 - ReasoningLoop - INFO - No new items to process
[2026-04-28 00:15:04] Running approval orchestrator...
[2026-04-28 00:15:05] AI Employee scheduled run complete
---
[2026-04-28 00:20:01] Starting AI Employee scheduled run
[2026-04-28 00:20:01] Running reasoning loop...
2026-04-28 00:20:04,040 - ReasoningLoop - INFO - No new items to process
[2026-04-28 00:20:04] Running approval orchestrator...
[2026-04-28 00:20:06] AI Employee scheduled run complete
---
[2026-04-28 00:25:01] Starting AI Employee scheduled run
[2026-04-28 00:25:01] Running reasoning loop...
2026-04-28 00:25:03,599 - ReasoningLoop - INFO - No new items to process
[2026-04-28 00:25:03] Running approval orchestrator...
[2026-04-28 00:25:05] AI Employee scheduled run complete
---
[2026-04-28 00:30:01] Starting AI Employee scheduled run
[2026-04-28 00:30:01] Running reasoning loop...
2026-04-28 00:30:03,000 - ReasoningLoop - INFO - No new items to process
[2026-04-28 00:30:03] Running approval orchestrator...
[2026-04-28 00:30:04] AI Employee scheduled run complete
---
[2026-04-28 00:35:02] Starting AI Employee scheduled run
[2026-04-28 00:35:02] Running reasoning loop...
2026-04-28 00:35:04,876 - ReasoningLoop - INFO - No new items to process
[2026-04-28 00:35:04] Running approval orchestrator...
[2026-04-28 00:35:06] AI Employee scheduled run complete
---
[2026-04-28 00:40:01] Starting AI Employee scheduled run
[2026-04-28 00:40:01] Running reasoning loop...
2026-04-28 00:40:04,125 - ReasoningLoop - INFO - No new items to process
[2026-04-28 00:40:04] Running approval orchestrator...
[2026-04-28 00:40:06] AI Employee scheduled run complete
---
[2026-04-28 00:45:01] Starting AI Employee scheduled run
[2026-04-28 00:45:01] Running reasoning loop...
2026-04-28 00:45:03,881 - ReasoningLoop - INFO - No new items to process
[2026-04-28 00:45:03] Running approval orchestrator...
[2026-04-28 00:45:05] AI Employee scheduled run complete
---
[2026-04-28 00:50:01] Starting AI Employee scheduled run
[2026-04-28 00:50:01] Running reasoning loop...
2026-04-28 00:50:02,777 - ReasoningLoop - INFO - No new items to process
[2026-04-28 00:50:02] Running approval orchestrator...
[2026-04-28 00:50:03] AI Employee scheduled run complete
---
[2026-04-28 00:55:02] Starting AI Employee scheduled run
[2026-04-28 00:55:02] Running reasoning loop...
2026-04-28 00:55:03,081 - ReasoningLoop - INFO - No new items to process
[2026-04-28 00:55:03] Running approval orchestrator...
[2026-04-28 00:55:05] AI Employee scheduled run complete
---
[2026-04-28 01:00:01] Starting AI Employee scheduled run
[2026-04-28 01:00:01] Running reasoning loop...
2026-04-28 01:00:02,059 - ReasoningLoop - INFO - No new items to process
[2026-04-28 01:00:02] Running approval orchestrator...
[2026-04-28 01:00:02] AI Employee scheduled run complete
---
[2026-04-28 01:05:01] Starting AI Employee scheduled run
[2026-04-28 01:05:01] Running reasoning loop...
2026-04-28 01:05:02,926 - ReasoningLoop - INFO - No new items to process
[2026-04-28 01:05:02] Running approval orchestrator...
[2026-04-28 01:05:03] AI Employee scheduled run complete
---
[2026-04-28 01:10:01] Starting AI Employee scheduled run
[2026-04-28 01:10:01] Running reasoning loop...
2026-04-28 01:10:02,617 - ReasoningLoop - INFO - No new items to process
[2026-04-28 01:10:02] Running approval orchestrator...
[2026-04-28 01:10:03] AI Employee scheduled run complete
---
[2026-04-28 01:15:01] Starting AI Employee scheduled run
[2026-04-28 01:15:01] Running reasoning loop...
2026-04-28 01:15:02,352 - ReasoningLoop - INFO - No new items to process
[2026-04-28 01:15:02] Running approval orchestrator...
[2026-04-28 01:15:03] AI Employee scheduled run complete
---
[2026-04-28 01:20:01] Starting AI Employee scheduled run
[2026-04-28 01:20:01] Running reasoning loop...
2026-04-28 01:20:02,803 - ReasoningLoop - INFO - No new items to process
[2026-04-28 01:20:02] Running approval orchestrator...
[2026-04-28 01:20:04] AI Employee scheduled run complete
---
[2026-04-28 01:25:01] Starting AI Employee scheduled run
[2026-04-28 01:25:01] Running reasoning loop...
2026-04-28 01:25:02,419 - ReasoningLoop - INFO - Processing: EMAIL_20260428_012259_Writing_help_whenever_you_need.md
2026-04-28 01:25:02,432 - ReasoningLoop - INFO - Created plan: PLAN_20260428_012502_EMAIL_20260428_012259_Writing_.md
2026-04-28 01:25:02,438 - ReasoningLoop - INFO - Created approval request: APPROVAL_20260428_012502_EMAIL_20260428_012259_Writing_.md
2026-04-28 01:25:02,468 - ReasoningLoop - INFO - Processing: EMAIL_20260428_012459_Urgent_Invoice_Required_for_Ap.md
2026-04-28 01:25:02,477 - ReasoningLoop - INFO - Created plan: PLAN_20260428_012502_EMAIL_20260428_012459_Urgent_I.md
2026-04-28 01:25:02,495 - ReasoningLoop - INFO - Created approval request: APPROVAL_20260428_012502_EMAIL_20260428_012459_Urgent_I.md
2026-04-28 01:25:02,514 - ReasoningLoop - INFO - Processing: FILE_20260428_012309_urgent_client_request.md
2026-04-28 01:25:02,537 - ReasoningLoop - INFO - Created plan: PLAN_20260428_012502_FILE_20260428_012309_urgent_cl.md
2026-04-28 01:25:02,576 - ReasoningLoop - INFO - Processed 3 item(s)
[2026-04-28 01:25:02] Running approval orchestrator...
[2026-04-28 01:25:03] AI Employee scheduled run complete
---
[2026-04-28 01:30:01] Starting AI Employee scheduled run
[2026-04-28 01:30:01] Running reasoning loop...
2026-04-28 01:30:02,111 - ReasoningLoop - INFO - No new items to process
[2026-04-28 01:30:02] Running approval orchestrator...
[2026-04-28 01:30:02] AI Employee scheduled run complete
---
[2026-04-28 01:35:01] Starting AI Employee scheduled run
[2026-04-28 01:35:01] Running reasoning loop...
2026-04-28 01:35:02,601 - ReasoningLoop - INFO - No new items to process
[2026-04-28 01:35:02] Running approval orchestrator...
[2026-04-28 01:35:03] AI Employee scheduled run complete
---
[2026-04-28 01:40:01] Starting AI Employee scheduled run
[2026-04-28 01:40:01] Running reasoning loop...
2026-04-28 01:40:02,450 - ReasoningLoop - INFO - No new items to process
[2026-04-28 01:40:02] Running approval orchestrator...
[2026-04-28 01:40:02] AI Employee scheduled run complete
---
[2026-04-28 01:45:01] Starting AI Employee scheduled run
[2026-04-28 01:45:01] Running reasoning loop...
2026-04-28 01:45:02,199 - ReasoningLoop - INFO - No new items to process
[2026-04-28 01:45:02] Running approval orchestrator...
[2026-04-28 01:45:02] AI Employee scheduled run complete
---
[2026-04-28 01:50:02] Starting AI Employee scheduled run
[2026-04-28 01:50:02] Running reasoning loop...
2026-04-28 01:50:03,114 - ReasoningLoop - INFO - No new items to process
[2026-04-28 01:50:03] Running approval orchestrator...
[2026-04-28 01:50:04] AI Employee scheduled run complete
---
[2026-04-28 01:55:01] Starting AI Employee scheduled run
[2026-04-28 01:55:01] Running reasoning loop...
2026-04-28 01:55:02,208 - ReasoningLoop - INFO - No new items to process
[2026-04-28 01:55:02] Running approval orchestrator...
[2026-04-28 01:55:02] AI Employee scheduled run complete
---
[2026-04-28 02:00:02] Starting AI Employee scheduled run
[2026-04-28 02:00:02] Running reasoning loop...
2026-04-28 02:00:02,643 - ReasoningLoop - INFO - No new items to process
[2026-04-28 02:00:02] Running approval orchestrator...
[2026-04-28 02:00:03] AI Employee scheduled run complete
---
[2026-04-28 02:05:01] Starting AI Employee scheduled run
[2026-04-28 02:05:01] Running reasoning loop...
2026-04-28 02:05:01,858 - ReasoningLoop - INFO - No new items to process
[2026-04-28 02:05:01] Running approval orchestrator...
[2026-04-28 02:05:02] AI Employee scheduled run complete
---
[2026-04-28 02:10:01] Starting AI Employee scheduled run
[2026-04-28 02:10:01] Running reasoning loop...
2026-04-28 02:10:02,296 - ReasoningLoop - INFO - No new items to process
[2026-04-28 02:10:02] Running approval orchestrator...
[2026-04-28 02:10:03] AI Employee scheduled run complete
---
[2026-04-28 02:15:01] Starting AI Employee scheduled run
[2026-04-28 02:15:01] Running reasoning loop...
2026-04-28 02:15:02,895 - ReasoningLoop - INFO - No new items to process
[2026-04-28 02:15:02] Running approval orchestrator...
[2026-04-28 02:15:04] AI Employee scheduled run complete
---
[2026-04-28 02:20:01] Starting AI Employee scheduled run
[2026-04-28 02:20:01] Running reasoning loop...
2026-04-28 02:20:02,789 - ReasoningLoop - INFO - No new items to process
[2026-04-28 02:20:02] Running approval orchestrator...
[2026-04-28 02:20:03] AI Employee scheduled run complete
---
[2026-04-28 02:25:01] Starting AI Employee scheduled run
[2026-04-28 02:25:01] Running reasoning loop...
2026-04-28 02:25:04,036 - ReasoningLoop - INFO - No new items to process
[2026-04-28 02:25:04] Running approval orchestrator...
[2026-04-28 02:25:05] AI Employee scheduled run complete
---
[2026-04-28 02:30:01] Starting AI Employee scheduled run
[2026-04-28 02:30:01] Running reasoning loop...
2026-04-28 02:30:03,896 - ReasoningLoop - INFO - No new items to process
[2026-04-28 02:30:03] Running approval orchestrator...
[2026-04-28 02:30:06] AI Employee scheduled run complete
---
[2026-04-28 02:35:01] Starting AI Employee scheduled run
[2026-04-28 02:35:01] Running reasoning loop...
2026-04-28 02:35:01,982 - ReasoningLoop - INFO - No new items to process
[2026-04-28 02:35:01] Running approval orchestrator...
[2026-04-28 02:35:03] AI Employee scheduled run complete
---
[2026-04-28 02:40:01] Starting AI Employee scheduled run
[2026-04-28 02:40:01] Running reasoning loop...
2026-04-28 02:40:02,224 - ReasoningLoop - INFO - No new items to process
[2026-04-28 02:40:02] Running approval orchestrator...
[2026-04-28 02:40:03] AI Employee scheduled run complete
---
[2026-04-28 02:45:01] Starting AI Employee scheduled run
[2026-04-28 02:45:01] Running reasoning loop...
2026-04-28 02:45:03,033 - ReasoningLoop - INFO - No new items to process
[2026-04-28 02:45:03] Running approval orchestrator...
[2026-04-28 02:45:03] AI Employee scheduled run complete
---
[2026-04-28 02:50:01] Starting AI Employee scheduled run
[2026-04-28 02:50:02] Running reasoning loop...
2026-04-28 02:50:03,735 - ReasoningLoop - INFO - No new items to process
[2026-04-28 02:50:03] Running approval orchestrator...
[2026-04-28 02:50:04] AI Employee scheduled run complete
---
[2026-04-28 02:55:02] Starting AI Employee scheduled run
[2026-04-28 02:55:02] Running reasoning loop...
2026-04-28 02:55:03,439 - ReasoningLoop - INFO - No new items to process
[2026-04-28 02:55:03] Running approval orchestrator...
[2026-04-28 02:55:04] AI Employee scheduled run complete
---
[2026-04-28 03:00:01] Starting AI Employee scheduled run
[2026-04-28 03:00:01] Running reasoning loop...
2026-04-28 03:00:03,662 - ReasoningLoop - INFO - No new items to process
[2026-04-28 03:00:03] Running approval orchestrator...
[2026-04-28 03:00:05] AI Employee scheduled run complete
---
[2026-04-28 03:05:01] Starting AI Employee scheduled run
[2026-04-28 03:05:01] Running reasoning loop...
2026-04-28 03:05:03,843 - ReasoningLoop - INFO - No new items to process
[2026-04-28 03:05:03] Running approval orchestrator...
[2026-04-28 03:05:05] AI Employee scheduled run complete
---
[2026-04-28 03:10:02] Starting AI Employee scheduled run
[2026-04-28 03:10:02] Running reasoning loop...
2026-04-28 03:10:05,370 - ReasoningLoop - INFO - No new items to process
[2026-04-28 03:10:05] Running approval orchestrator...
[2026-04-28 03:10:07] AI Employee scheduled run complete
---
[2026-04-28 03:15:01] Starting AI Employee scheduled run
[2026-04-28 03:15:01] Running reasoning loop...
2026-04-28 03:15:03,601 - ReasoningLoop - INFO - No new items to process
[2026-04-28 03:15:03] Running approval orchestrator...
[2026-04-28 03:15:04] AI Employee scheduled run complete
---
[2026-04-28 03:20:01] Starting AI Employee scheduled run
[2026-04-28 03:20:01] Running reasoning loop...
2026-04-28 03:20:02,418 - ReasoningLoop - INFO - No new items to process
[2026-04-28 03:20:02] Running approval orchestrator...
[2026-04-28 03:20:03] AI Employee scheduled run complete
---
[2026-04-28 03:25:02] Starting AI Employee scheduled run
[2026-04-28 03:25:02] Running reasoning loop...
2026-04-28 03:25:03,447 - ReasoningLoop - INFO - No new items to process
[2026-04-28 03:25:03] Running approval orchestrator...
[2026-04-28 03:25:04] AI Employee scheduled run complete
---
[2026-04-28 03:30:02] Starting AI Employee scheduled run
[2026-04-28 03:30:02] Running reasoning loop...
2026-04-28 03:30:04,094 - ReasoningLoop - INFO - No new items to process
[2026-04-28 03:30:04] Running approval orchestrator...
[2026-04-28 03:30:05] AI Employee scheduled run complete
---
[2026-04-28 03:35:02] Starting AI Employee scheduled run
[2026-04-28 03:35:02] Running reasoning loop...
2026-04-28 03:35:04,345 - ReasoningLoop - INFO - No new items to process
[2026-04-28 03:35:04] Running approval orchestrator...
[2026-04-28 03:35:05] AI Employee scheduled run complete
---
[2026-04-28 03:40:02] Starting AI Employee scheduled run
[2026-04-28 03:40:02] Running reasoning loop...
2026-04-28 03:40:03,203 - ReasoningLoop - INFO - No new items to process
[2026-04-28 03:40:03] Running approval orchestrator...
[2026-04-28 03:40:03] AI Employee scheduled run complete
---
[2026-04-28 03:45:01] Starting AI Employee scheduled run
[2026-04-28 03:45:01] Running reasoning loop...
2026-04-28 03:45:02,472 - ReasoningLoop - INFO - No new items to process
[2026-04-28 03:45:02] Running approval orchestrator...
[2026-04-28 03:45:02] AI Employee scheduled run complete
---
[2026-04-28 03:50:02] Starting AI Employee scheduled run
[2026-04-28 03:50:02] Running reasoning loop...
2026-04-28 03:50:02,461 - ReasoningLoop - INFO - No new items to process
[2026-04-28 03:50:02] Running approval orchestrator...
[2026-04-28 03:50:02] AI Employee scheduled run complete
---
[2026-04-28 03:55:02] Starting AI Employee scheduled run
[2026-04-28 03:55:02] Running reasoning loop...
2026-04-28 03:55:02,601 - ReasoningLoop - INFO - No new items to process
[2026-04-28 03:55:02] Running approval orchestrator...
[2026-04-28 03:55:03] AI Employee scheduled run complete
---
[2026-04-28 04:00:01] Starting AI Employee scheduled run
[2026-04-28 04:00:01] Running reasoning loop...
2026-04-28 04:00:01,952 - ReasoningLoop - INFO - No new items to process
[2026-04-28 04:00:01] Running approval orchestrator...
[2026-04-28 04:00:02] AI Employee scheduled run complete
---
[2026-04-28 04:05:01] Starting AI Employee scheduled run
[2026-04-28 04:05:01] Running reasoning loop...
2026-04-28 04:05:02,996 - ReasoningLoop - INFO - No new items to process
[2026-04-28 04:05:03] Running approval orchestrator...
[2026-04-28 04:05:04] AI Employee scheduled run complete
---
[2026-04-28 04:10:01] Starting AI Employee scheduled run
[2026-04-28 04:10:01] Running reasoning loop...
2026-04-28 04:10:02,566 - ReasoningLoop - INFO - No new items to process
[2026-04-28 04:10:02] Running approval orchestrator...
[2026-04-28 04:10:03] AI Employee scheduled run complete
---
[2026-04-28 04:15:02] Starting AI Employee scheduled run
[2026-04-28 04:15:02] Running reasoning loop...
2026-04-28 04:15:02,700 - ReasoningLoop - INFO - No new items to process
[2026-04-28 04:15:02] Running approval orchestrator...
[2026-04-28 04:15:03] AI Employee scheduled run complete
---
[2026-04-28 04:20:01] Starting AI Employee scheduled run
[2026-04-28 04:20:01] Running reasoning loop...
2026-04-28 04:20:02,058 - ReasoningLoop - INFO - No new items to process
[2026-04-28 04:20:02] Running approval orchestrator...
[2026-04-28 04:20:02] AI Employee scheduled run complete
---
[2026-04-28 04:25:01] Starting AI Employee scheduled run
[2026-04-28 04:25:01] Running reasoning loop...
2026-04-28 04:25:03,361 - ReasoningLoop - INFO - No new items to process
[2026-04-28 04:25:03] Running approval orchestrator...
[2026-04-28 04:25:04] AI Employee scheduled run complete
---
[2026-04-28 04:30:01] Starting AI Employee scheduled run
[2026-04-28 04:30:01] Running reasoning loop...
2026-04-28 04:30:02,119 - ReasoningLoop - INFO - No new items to process
[2026-04-28 04:30:02] Running approval orchestrator...
[2026-04-28 04:30:03] AI Employee scheduled run complete
---
[2026-04-28 04:35:01] Starting AI Employee scheduled run
[2026-04-28 04:35:01] Running reasoning loop...
2026-04-28 04:35:02,156 - ReasoningLoop - INFO - No new items to process
[2026-04-28 04:35:02] Running approval orchestrator...
[2026-04-28 04:35:03] AI Employee scheduled run complete
---
[2026-04-28 04:40:01] Starting AI Employee scheduled run
[2026-04-28 04:40:01] Running reasoning loop...
2026-04-28 04:40:02,087 - ReasoningLoop - INFO - No new items to process
[2026-04-28 04:40:02] Running approval orchestrator...
[2026-04-28 04:40:02] AI Employee scheduled run complete
---
[2026-04-28 04:45:02] Starting AI Employee scheduled run
[2026-04-28 04:45:02] Running reasoning loop...
2026-04-28 04:45:02,801 - ReasoningLoop - INFO - No new items to process
[2026-04-28 04:45:02] Running approval orchestrator...
[2026-04-28 04:45:03] AI Employee scheduled run complete
---
[2026-04-28 04:50:01] Starting AI Employee scheduled run
[2026-04-28 04:50:01] Running reasoning loop...
2026-04-28 04:50:03,294 - ReasoningLoop - INFO - No new items to process
[2026-04-28 04:50:03] Running approval orchestrator...
[2026-04-28 04:50:04] AI Employee scheduled run complete
---
[2026-04-28 04:55:01] Starting AI Employee scheduled run
[2026-04-28 04:55:01] Running reasoning loop...
2026-04-28 04:55:02,903 - ReasoningLoop - INFO - No new items to process
[2026-04-28 04:55:02] Running approval orchestrator...
[2026-04-28 04:55:04] AI Employee scheduled run complete
---
[2026-04-28 05:00:01] Starting AI Employee scheduled run
[2026-04-28 05:00:01] Running reasoning loop...
2026-04-28 05:00:02,794 - ReasoningLoop - INFO - No new items to process
[2026-04-28 05:00:02] Running approval orchestrator...
[2026-04-28 05:00:03] AI Employee scheduled run complete
---
[2026-04-28 05:05:01] Starting AI Employee scheduled run
[2026-04-28 05:05:01] Running reasoning loop...
2026-04-28 05:05:02,105 - ReasoningLoop - INFO - No new items to process
[2026-04-28 05:05:02] Running approval orchestrator...
[2026-04-28 05:05:03] AI Employee scheduled run complete
---
[2026-04-28 05:10:01] Starting AI Employee scheduled run
[2026-04-28 05:10:01] Running reasoning loop...
2026-04-28 05:10:03,375 - ReasoningLoop - INFO - No new items to process
[2026-04-28 05:10:03] Running approval orchestrator...
[2026-04-28 05:10:04] AI Employee scheduled run complete
---
[2026-04-28 05:15:01] Starting AI Employee scheduled run
[2026-04-28 05:15:01] Running reasoning loop...
2026-04-28 05:15:02,447 - ReasoningLoop - INFO - No new items to process
[2026-04-28 05:15:02] Running approval orchestrator...
[2026-04-28 05:15:03] AI Employee scheduled run complete
---
[2026-04-28 05:20:01] Starting AI Employee scheduled run
[2026-04-28 05:20:01] Running reasoning loop...
2026-04-28 05:20:03,202 - ReasoningLoop - INFO - No new items to process
[2026-04-28 05:20:03] Running approval orchestrator...
[2026-04-28 05:20:03] AI Employee scheduled run complete
---
[2026-04-28 05:25:01] Starting AI Employee scheduled run
[2026-04-28 05:25:01] Running reasoning loop...
2026-04-28 05:25:03,018 - ReasoningLoop - INFO - No new items to process
[2026-04-28 05:25:03] Running approval orchestrator...
[2026-04-28 05:25:03] AI Employee scheduled run complete
---
[2026-04-28 05:30:02] Starting AI Employee scheduled run
[2026-04-28 05:30:02] Running reasoning loop...
2026-04-28 05:30:02,478 - ReasoningLoop - INFO - No new items to process
[2026-04-28 05:30:02] Running approval orchestrator...
[2026-04-28 05:30:02] AI Employee scheduled run complete
---
[2026-04-28 05:35:01] Starting AI Employee scheduled run
[2026-04-28 05:35:01] Running reasoning loop...
2026-04-28 05:35:02,689 - ReasoningLoop - INFO - No new items to process
[2026-04-28 05:35:02] Running approval orchestrator...
[2026-04-28 05:35:03] AI Employee scheduled run complete
---
[2026-04-28 05:40:01] Starting AI Employee scheduled run
[2026-04-28 05:40:01] Running reasoning loop...
2026-04-28 05:40:02,047 - ReasoningLoop - INFO - No new items to process
[2026-04-28 05:40:02] Running approval orchestrator...
[2026-04-28 05:40:02] AI Employee scheduled run complete
---
[2026-04-28 05:45:01] Starting AI Employee scheduled run
[2026-04-28 05:45:01] Running reasoning loop...
2026-04-28 05:45:02,702 - ReasoningLoop - INFO - No new items to process
[2026-04-28 05:45:02] Running approval orchestrator...
[2026-04-28 05:45:03] AI Employee scheduled run complete
---
[2026-04-28 05:50:01] Starting AI Employee scheduled run
[2026-04-28 05:50:01] Running reasoning loop...
2026-04-28 05:50:02,722 - ReasoningLoop - INFO - No new items to process
[2026-04-28 05:50:02] Running approval orchestrator...
[2026-04-28 05:50:03] AI Employee scheduled run complete
---
[2026-04-28 05:55:02] Starting AI Employee scheduled run
[2026-04-28 05:55:02] Running reasoning loop...
2026-04-28 05:55:02,999 - ReasoningLoop - INFO - No new items to process
[2026-04-28 05:55:03] Running approval orchestrator...
[2026-04-28 05:55:03] AI Employee scheduled run complete
---
[2026-04-28 06:00:01] Starting AI Employee scheduled run
[2026-04-28 06:00:01] Running reasoning loop...
2026-04-28 06:00:02,094 - ReasoningLoop - INFO - No new items to process
[2026-04-28 06:00:02] Running approval orchestrator...
[2026-04-28 06:00:02] AI Employee scheduled run complete
---
[2026-04-28 06:05:01] Starting AI Employee scheduled run
[2026-04-28 06:05:01] Running reasoning loop...
2026-04-28 06:05:02,134 - ReasoningLoop - INFO - No new items to process
[2026-04-28 06:05:02] Running approval orchestrator...
[2026-04-28 06:05:03] AI Employee scheduled run complete
---
[2026-04-28 06:10:01] Starting AI Employee scheduled run
[2026-04-28 06:10:01] Running reasoning loop...
2026-04-28 06:10:01,844 - ReasoningLoop - INFO - No new items to process
[2026-04-28 06:10:01] Running approval orchestrator...
[2026-04-28 06:10:02] AI Employee scheduled run complete
---
[2026-04-28 06:15:01] Starting AI Employee scheduled run
[2026-04-28 06:15:01] Running reasoning loop...
2026-04-28 06:15:02,092 - ReasoningLoop - INFO - No new items to process
[2026-04-28 06:15:02] Running approval orchestrator...
[2026-04-28 06:15:02] AI Employee scheduled run complete
---
[2026-04-28 06:20:01] Starting AI Employee scheduled run
[2026-04-28 06:20:01] Running reasoning loop...
2026-04-28 06:20:02,485 - ReasoningLoop - INFO - No new items to process
[2026-04-28 06:20:02] Running approval orchestrator...
[2026-04-28 06:20:03] AI Employee scheduled run complete
---
[2026-04-28 06:25:01] Starting AI Employee scheduled run
[2026-04-28 06:25:01] Running reasoning loop...
2026-04-28 06:25:02,464 - ReasoningLoop - INFO - No new items to process
[2026-04-28 06:25:02] Running approval orchestrator...
[2026-04-28 06:25:03] AI Employee scheduled run complete
---
[2026-04-28 06:30:01] Starting AI Employee scheduled run
[2026-04-28 06:30:01] Running reasoning loop...
2026-04-28 06:30:02,290 - ReasoningLoop - INFO - No new items to process
[2026-04-28 06:30:02] Running approval orchestrator...
[2026-04-28 06:30:02] AI Employee scheduled run complete
---
[2026-04-28 06:35:02] Starting AI Employee scheduled run
[2026-04-28 06:35:02] Running reasoning loop...
2026-04-28 06:35:02,953 - ReasoningLoop - INFO - No new items to process
[2026-04-28 06:35:02] Running approval orchestrator...
[2026-04-28 06:35:03] AI Employee scheduled run complete
---
[2026-04-28 06:40:01] Starting AI Employee scheduled run
[2026-04-28 06:40:01] Running reasoning loop...
2026-04-28 06:40:02,016 - ReasoningLoop - INFO - No new items to process
[2026-04-28 06:40:02] Running approval orchestrator...
[2026-04-28 06:40:02] AI Employee scheduled run complete
---
[2026-04-28 19:30:01] Starting AI Employee scheduled run
[2026-04-28 19:30:01] Running reasoning loop...
2026-04-28 19:30:03,760 - ReasoningLoop - INFO - No new items to process
[2026-04-28 19:30:03] Running approval orchestrator...
[2026-04-28 19:30:04] AI Employee scheduled run complete
---
[2026-04-28 19:35:01] Starting AI Employee scheduled run
[2026-04-28 19:35:01] Running reasoning loop...
2026-04-28 19:35:02,984 - ReasoningLoop - INFO - No new items to process
[2026-04-28 19:35:03] Running approval orchestrator...
[2026-04-28 19:35:04] AI Employee scheduled run complete
---
[2026-04-28 19:40:01] Starting AI Employee scheduled run
[2026-04-28 19:40:01] Running reasoning loop...
2026-04-28 19:40:08,240 - ReasoningLoop - INFO - No new items to process
[2026-04-28 19:40:08] Running approval orchestrator...
[2026-04-28 19:40:13] AI Employee scheduled run complete
---
[2026-04-28 19:45:01] Starting AI Employee scheduled run
[2026-04-28 19:45:01] Running reasoning loop...
2026-04-28 19:45:02,888 - ReasoningLoop - INFO - Processing: ERROR_NOTIFICATION_20260428_194141.md
2026-04-28 19:45:02,914 - ReasoningLoop - INFO - Created plan: PLAN_20260428_194502_ERROR_NOTIFICATION_20260428_19.md
2026-04-28 19:45:02,919 - ReasoningLoop - INFO - Created approval request: APPROVAL_20260428_194502_ERROR_NOTIFICATION_20260428_19.md
2026-04-28 19:45:02,984 - ReasoningLoop - INFO - Processed 1 item(s)
[2026-04-28 19:45:03] Running approval orchestrator...
[2026-04-28 19:45:04] AI Employee scheduled run complete
---
[2026-04-28 19:50:02] Starting AI Employee scheduled run
[2026-04-28 19:50:02] Running reasoning loop...
2026-04-28 19:50:03,780 - ReasoningLoop - INFO - No new items to process
[2026-04-28 19:50:03] Running approval orchestrator...
[2026-04-28 19:50:05] AI Employee scheduled run complete
---
[2026-04-28 19:55:01] Starting AI Employee scheduled run
[2026-04-28 19:55:01] Running reasoning loop...
2026-04-28 19:55:04,748 - ReasoningLoop - INFO - No new items to process
[2026-04-28 19:55:04] Running approval orchestrator...
[2026-04-28 19:55:06] AI Employee scheduled run complete
---
[2026-04-28 20:00:01] Starting AI Employee scheduled run
[2026-04-28 20:00:01] Running reasoning loop...
2026-04-28 20:00:03,358 - ReasoningLoop - INFO - No new items to process
[2026-04-28 20:00:03] Running approval orchestrator...
[2026-04-28 20:00:05] AI Employee scheduled run complete
---
[2026-04-28 20:05:01] Starting AI Employee scheduled run
[2026-04-28 20:05:01] Running reasoning loop...
2026-04-28 20:05:03,061 - ReasoningLoop - INFO - No new items to process
[2026-04-28 20:05:03] Running approval orchestrator...
[2026-04-28 20:05:04] AI Employee scheduled run complete
---
[2026-04-28 20:10:01] Starting AI Employee scheduled run
[2026-04-28 20:10:01] Running reasoning loop...
2026-04-28 20:10:03,457 - ReasoningLoop - INFO - No new items to process
[2026-04-28 20:10:03] Running approval orchestrator...
[2026-04-28 20:10:05] AI Employee scheduled run complete
---
[2026-04-28 20:15:01] Starting AI Employee scheduled run
[2026-04-28 20:15:01] Running reasoning loop...
2026-04-28 20:15:03,814 - ReasoningLoop - INFO - No new items to process
[2026-04-28 20:15:03] Running approval orchestrator...
[2026-04-28 20:15:06] AI Employee scheduled run complete
---
[2026-04-28 20:20:02] Starting AI Employee scheduled run
[2026-04-28 20:20:02] Running reasoning loop...
2026-04-28 20:20:03,682 - ReasoningLoop - INFO - No new items to process
[2026-04-28 20:20:03] Running approval orchestrator...
[2026-04-28 20:20:05] AI Employee scheduled run complete
---
[2026-04-28 20:25:01] Starting AI Employee scheduled run
[2026-04-28 20:25:01] Running reasoning loop...
2026-04-28 20:25:03,084 - ReasoningLoop - INFO - No new items to process
[2026-04-28 20:25:03] Running approval orchestrator...
[2026-04-28 20:25:04] AI Employee scheduled run complete
---
[2026-04-28 20:30:01] Starting AI Employee scheduled run
[2026-04-28 20:30:01] Running reasoning loop...
2026-04-28 20:30:03,559 - ReasoningLoop - INFO - No new items to process
[2026-04-28 20:30:03] Running approval orchestrator...
[2026-04-28 20:30:05] AI Employee scheduled run complete
---
[2026-04-28 20:35:01] Starting AI Employee scheduled run
[2026-04-28 20:35:01] Running reasoning loop...
2026-04-28 20:35:03,570 - ReasoningLoop - INFO - No new items to process
[2026-04-28 20:35:03] Running approval orchestrator...
[2026-04-28 20:35:05] AI Employee scheduled run complete
---
[2026-04-28 20:40:01] Starting AI Employee scheduled run
[2026-04-28 20:40:01] Running reasoning loop...
2026-04-28 20:40:03,912 - ReasoningLoop - INFO - No new items to process
[2026-04-28 20:40:03] Running approval orchestrator...
[2026-04-28 20:40:07] AI Employee scheduled run complete
---
[2026-04-28 20:45:01] Starting AI Employee scheduled run
[2026-04-28 20:45:01] Running reasoning loop...
2026-04-28 20:45:04,164 - ReasoningLoop - INFO - No new items to process
[2026-04-28 20:45:04] Running approval orchestrator...
[2026-04-28 20:45:06] AI Employee scheduled run complete
---
[2026-04-28 20:50:01] Starting AI Employee scheduled run
[2026-04-28 20:50:01] Running reasoning loop...
2026-04-28 20:50:04,511 - ReasoningLoop - INFO - No new items to process
[2026-04-28 20:50:04] Running approval orchestrator...
[2026-04-28 20:50:07] AI Employee scheduled run complete
---
[2026-04-28 20:55:02] Starting AI Employee scheduled run
[2026-04-28 20:55:02] Running reasoning loop...
2026-04-28 20:55:05,032 - ReasoningLoop - INFO - No new items to process
[2026-04-28 20:55:05] Running approval orchestrator...
[2026-04-28 20:55:07] AI Employee scheduled run complete
---
[2026-04-28 21:00:01] Starting AI Employee scheduled run
[2026-04-28 21:00:01] Running reasoning loop...
2026-04-28 21:00:04,535 - ReasoningLoop - INFO - Processing: ERROR_NOTIFICATION_20260428_205529.md
2026-04-28 21:00:04,555 - ReasoningLoop - INFO - Created plan: PLAN_20260428_210004_ERROR_NOTIFICATION_20260428_20.md
2026-04-28 21:00:04,596 - ReasoningLoop - INFO - Processed 1 item(s)
[2026-04-28 21:00:04] Running approval orchestrator...
[2026-04-28 21:00:07] AI Employee scheduled run complete
---
[2026-04-28 21:05:01] Starting AI Employee scheduled run
[2026-04-28 21:05:01] Running reasoning loop...
2026-04-28 21:05:04,654 - ReasoningLoop - INFO - No new items to process
[2026-04-28 21:05:04] Running approval orchestrator...
[2026-04-28 21:05:07] AI Employee scheduled run complete
---
[2026-04-28 21:10:02] Starting AI Employee scheduled run
[2026-04-28 21:10:02] Running reasoning loop...
2026-04-28 21:10:04,877 - ReasoningLoop - INFO - No new items to process
[2026-04-28 21:10:04] Running approval orchestrator...
[2026-04-28 21:10:07] AI Employee scheduled run complete
---
[2026-04-28 21:15:02] Starting AI Employee scheduled run
[2026-04-28 21:15:02] Running reasoning loop...
2026-04-28 21:15:05,336 - ReasoningLoop - INFO - No new items to process
[2026-04-28 21:15:05] Running approval orchestrator...
[2026-04-28 21:15:07] AI Employee scheduled run complete
---
[2026-04-28 21:20:01] Starting AI Employee scheduled run
[2026-04-28 21:20:01] Running reasoning loop...
2026-04-28 21:20:03,999 - ReasoningLoop - INFO - No new items to process
[2026-04-28 21:20:04] Running approval orchestrator...
[2026-04-28 21:20:06] AI Employee scheduled run complete
---
[2026-04-28 21:25:02] Starting AI Employee scheduled run
[2026-04-28 21:25:02] Running reasoning loop...
2026-04-28 21:25:04,579 - ReasoningLoop - INFO - No new items to process
[2026-04-28 21:25:04] Running approval orchestrator...
[2026-04-28 21:25:07] AI Employee scheduled run complete
---
[2026-04-28 21:30:01] Starting AI Employee scheduled run
[2026-04-28 21:30:01] Running reasoning loop...
2026-04-28 21:30:03,888 - ReasoningLoop - INFO - No new items to process
[2026-04-28 21:30:03] Running approval orchestrator...
[2026-04-28 21:30:06] AI Employee scheduled run complete
---
[2026-04-28 21:35:02] Starting AI Employee scheduled run
[2026-04-28 21:35:02] Running reasoning loop...
2026-04-28 21:35:04,866 - ReasoningLoop - INFO - No new items to process
[2026-04-28 21:35:04] Running approval orchestrator...
[2026-04-28 21:35:07] AI Employee scheduled run complete
---
[2026-04-28 21:40:02] Starting AI Employee scheduled run
[2026-04-28 21:40:02] Running reasoning loop...
2026-04-28 21:40:04,180 - ReasoningLoop - INFO - No new items to process
[2026-04-28 21:40:04] Running approval orchestrator...
[2026-04-28 21:40:06] AI Employee scheduled run complete
---
[2026-04-28 21:45:01] Starting AI Employee scheduled run
[2026-04-28 21:45:01] Running reasoning loop...
2026-04-28 21:45:04,373 - ReasoningLoop - INFO - No new items to process
[2026-04-28 21:45:04] Running approval orchestrator...
[2026-04-28 21:45:06] AI Employee scheduled run complete
---
[2026-04-28 21:50:01] Starting AI Employee scheduled run
[2026-04-28 21:50:01] Running reasoning loop...
2026-04-28 21:50:04,105 - ReasoningLoop - INFO - No new items to process
[2026-04-28 21:50:04] Running approval orchestrator...
[2026-04-28 21:50:06] AI Employee scheduled run complete
---
[2026-04-28 21:55:01] Starting AI Employee scheduled run
[2026-04-28 21:55:01] Running reasoning loop...
2026-04-28 21:55:03,523 - ReasoningLoop - INFO - No new items to process
[2026-04-28 21:55:03] Running approval orchestrator...
[2026-04-28 21:55:06] AI Employee scheduled run complete
---
[2026-04-28 22:00:01] Starting AI Employee scheduled run
[2026-04-28 22:00:01] Running reasoning loop...
2026-04-28 22:00:04,186 - ReasoningLoop - INFO - No new items to process
[2026-04-28 22:00:04] Running approval orchestrator...
[2026-04-28 22:00:06] AI Employee scheduled run complete
---
[2026-04-28 22:05:02] Starting AI Employee scheduled run
[2026-04-28 22:05:02] Running reasoning loop...
2026-04-28 22:05:04,700 - ReasoningLoop - INFO - No new items to process
[2026-04-28 22:05:04] Running approval orchestrator...
[2026-04-28 22:05:07] AI Employee scheduled run complete
---
[2026-04-28 22:10:01] Starting AI Employee scheduled run
[2026-04-28 22:10:01] Running reasoning loop...
2026-04-28 22:10:04,557 - ReasoningLoop - INFO - No new items to process
[2026-04-28 22:10:04] Running approval orchestrator...
[2026-04-28 22:10:07] AI Employee scheduled run complete
---
[2026-04-28 22:15:01] Starting AI Employee scheduled run
[2026-04-28 22:15:01] Running reasoning loop...
2026-04-28 22:15:04,333 - ReasoningLoop - INFO - No new items to process
[2026-04-28 22:15:04] Running approval orchestrator...
[2026-04-28 22:15:06] AI Employee scheduled run complete
---
[2026-04-28 22:20:01] Starting AI Employee scheduled run
[2026-04-28 22:20:01] Running reasoning loop...
2026-04-28 22:20:04,059 - ReasoningLoop - INFO - No new items to process
[2026-04-28 22:20:04] Running approval orchestrator...
[2026-04-28 22:20:06] AI Employee scheduled run complete
---
[2026-04-28 22:25:01] Starting AI Employee scheduled run
[2026-04-28 22:25:01] Running reasoning loop...
2026-04-28 22:25:04,332 - ReasoningLoop - INFO - No new items to process
[2026-04-28 22:25:04] Running approval orchestrator...
[2026-04-28 22:25:06] AI Employee scheduled run complete
---
[2026-04-28 22:30:01] Starting AI Employee scheduled run
[2026-04-28 22:30:01] Running reasoning loop...
2026-04-28 22:30:03,331 - ReasoningLoop - INFO - No new items to process
[2026-04-28 22:30:03] Running approval orchestrator...
[2026-04-28 22:30:05] AI Employee scheduled run complete
---
[2026-04-28 22:35:01] Starting AI Employee scheduled run
[2026-04-28 22:35:01] Running reasoning loop...
2026-04-28 22:35:04,208 - ReasoningLoop - INFO - No new items to process
[2026-04-28 22:35:04] Running approval orchestrator...
[2026-04-28 22:35:07] AI Employee scheduled run complete
---
[2026-04-28 22:40:01] Starting AI Employee scheduled run
[2026-04-28 22:40:01] Running reasoning loop...
2026-04-28 22:40:03,579 - ReasoningLoop - INFO - No new items to process
[2026-04-28 22:40:03] Running approval orchestrator...
[2026-04-28 22:40:06] AI Employee scheduled run complete
---
[2026-04-28 22:45:01] Starting AI Employee scheduled run
[2026-04-28 22:45:01] Running reasoning loop...
2026-04-28 22:45:02,499 - ReasoningLoop - INFO - No new items to process
[2026-04-28 22:45:02] Running approval orchestrator...
[2026-04-28 22:45:03] AI Employee scheduled run complete
---
[2026-04-28 22:50:01] Starting AI Employee scheduled run
[2026-04-28 22:50:01] Running reasoning loop...
2026-04-28 22:50:03,417 - ReasoningLoop - INFO - No new items to process
[2026-04-28 22:50:03] Running approval orchestrator...
[2026-04-28 22:50:04] AI Employee scheduled run complete
---
[2026-04-28 22:55:01] Starting AI Employee scheduled run
[2026-04-28 22:55:01] Running reasoning loop...
2026-04-28 22:55:04,276 - ReasoningLoop - INFO - No new items to process
[2026-04-28 22:55:04] Running approval orchestrator...
[2026-04-28 22:55:06] AI Employee scheduled run complete
---
[2026-04-28 23:00:01] Starting AI Employee scheduled run
[2026-04-28 23:00:01] Running reasoning loop...
2026-04-28 23:00:04,129 - ReasoningLoop - INFO - No new items to process
[2026-04-28 23:00:04] Running approval orchestrator...
[2026-04-28 23:00:06] AI Employee scheduled run complete
---
[2026-04-28 23:05:02] Starting AI Employee scheduled run
[2026-04-28 23:05:02] Running reasoning loop...
2026-04-28 23:05:04,436 - ReasoningLoop - INFO - No new items to process
[2026-04-28 23:05:04] Running approval orchestrator...
[2026-04-28 23:05:06] AI Employee scheduled run complete
---
