[2026-05-20 03:55:03] Starting AI Employee scheduled run
[2026-05-20 03:55:03] Running reasoning loop...
2026-05-20 03:55:15,891 - ReasoningLoop - INFO - No new items to process
[2026-05-20 03:55:16] Running approval orchestrator...
[2026-05-20 03:55:28] AI Employee scheduled run complete
---
[2026-05-20 04:00:03] Starting AI Employee scheduled run
[2026-05-20 04:00:03] Running reasoning loop...
2026-05-20 04:00:06,998 - ReasoningLoop - INFO - No new items to process
[2026-05-20 04:00:07] Running approval orchestrator...
[2026-05-20 04:00:10] AI Employee scheduled run complete
---
[2026-05-20 04:05:03] Starting AI Employee scheduled run
[2026-05-20 04:05:03] Running reasoning loop...
2026-05-20 04:05:08,875 - ReasoningLoop - INFO - No new items to process
[2026-05-20 04:05:08] Running approval orchestrator...
[2026-05-20 04:05:16] AI Employee scheduled run complete
---
[2026-05-20 04:10:03] Starting AI Employee scheduled run
[2026-05-20 04:10:03] Running reasoning loop...
2026-05-20 04:10:06,975 - ReasoningLoop - INFO - No new items to process
[2026-05-20 04:10:06] Running approval orchestrator...
[2026-05-20 04:10:11] AI Employee scheduled run complete
---
[2026-05-20 04:15:03] Starting AI Employee scheduled run
[2026-05-20 04:15:03] Running reasoning loop...
2026-05-20 04:15:06,562 - ReasoningLoop - INFO - No new items to process
[2026-05-20 04:15:06] Running approval orchestrator...
[2026-05-20 04:15:09] AI Employee scheduled run complete
---
[2026-05-20 04:20:03] Starting AI Employee scheduled run
[2026-05-20 04:20:03] Running reasoning loop...
2026-05-20 04:20:06,838 - ReasoningLoop - INFO - No new items to process
[2026-05-20 04:20:06] Running approval orchestrator...
[2026-05-20 04:20:09] AI Employee scheduled run complete
---
[2026-05-20 04:25:03] Starting AI Employee scheduled run
[2026-05-20 04:25:03] Running reasoning loop...
2026-05-20 04:25:15,919 - ReasoningLoop - INFO - No new items to process
[2026-05-20 04:25:15] Running approval orchestrator...
[2026-05-20 04:25:21] AI Employee scheduled run complete
---
[2026-05-20 04:30:03] Starting AI Employee scheduled run
[2026-05-20 04:30:03] Running reasoning loop...
2026-05-20 04:30:06,010 - ReasoningLoop - INFO - No new items to process
[2026-05-20 04:30:06] Running approval orchestrator...
[2026-05-20 04:30:09] AI Employee scheduled run complete
---
[2026-05-20 04:35:04] Starting AI Employee scheduled run
[2026-05-20 04:35:04] Running reasoning loop...
2026-05-20 04:35:06,926 - ReasoningLoop - INFO - No new items to process
[2026-05-20 04:35:06] Running approval orchestrator...
[2026-05-20 04:35:09] AI Employee scheduled run complete
---
[2026-05-20 04:40:03] Starting AI Employee scheduled run
[2026-05-20 04:40:03] Running reasoning loop...
2026-05-20 04:40:06,775 - ReasoningLoop - INFO - No new items to process
[2026-05-20 04:40:06] Running approval orchestrator...
[2026-05-20 04:40:10] AI Employee scheduled run complete
---
[2026-05-20 04:45:03] Starting AI Employee scheduled run
[2026-05-20 04:45:03] Running reasoning loop...
2026-05-20 04:45:06,993 - ReasoningLoop - INFO - No new items to process
[2026-05-20 04:45:07] Running approval orchestrator...
[2026-05-20 04:45:09] AI Employee scheduled run complete
---
[2026-05-20 04:50:04] Starting AI Employee scheduled run
[2026-05-20 04:50:04] Running reasoning loop...
2026-05-20 04:50:07,707 - ReasoningLoop - INFO - No new items to process
[2026-05-20 04:50:07] Running approval orchestrator...
[2026-05-20 04:50:11] AI Employee scheduled run complete
---
[2026-05-20 04:55:03] Starting AI Employee scheduled run
[2026-05-20 04:55:03] Running reasoning loop...
2026-05-20 04:55:08,505 - ReasoningLoop - INFO - No new items to process
[2026-05-20 04:55:08] Running approval orchestrator...
[2026-05-20 04:55:12] AI Employee scheduled run complete
---
[2026-05-20 05:00:04] Starting AI Employee scheduled run
[2026-05-20 05:00:04] Running reasoning loop...
2026-05-20 05:00:07,679 - ReasoningLoop - INFO - No new items to process
[2026-05-20 05:00:07] Running approval orchestrator...
[2026-05-20 05:00:11] AI Employee scheduled run complete
---
[2026-05-20 05:05:03] Starting AI Employee scheduled run
[2026-05-20 05:05:03] Running reasoning loop...
2026-05-20 05:05:08,664 - ReasoningLoop - INFO - No new items to process
[2026-05-20 05:05:08] Running approval orchestrator...
[2026-05-20 05:05:11] AI Employee scheduled run complete
---
[2026-05-20 05:10:04] Starting AI Employee scheduled run
[2026-05-20 05:10:04] Running reasoning loop...
2026-05-20 05:10:08,387 - ReasoningLoop - INFO - No new items to process
[2026-05-20 05:10:08] Running approval orchestrator...
[2026-05-20 05:10:12] AI Employee scheduled run complete
---
[2026-05-20 05:15:03] Starting AI Employee scheduled run
[2026-05-20 05:15:03] Running reasoning loop...
2026-05-20 05:15:06,551 - ReasoningLoop - INFO - No new items to process
[2026-05-20 05:15:06] Running approval orchestrator...
[2026-05-20 05:15:09] AI Employee scheduled run complete
---
[2026-05-20 05:20:03] Starting AI Employee scheduled run
[2026-05-20 05:20:03] Running reasoning loop...
2026-05-20 05:20:06,167 - ReasoningLoop - INFO - No new items to process
[2026-05-20 05:20:06] Running approval orchestrator...
[2026-05-20 05:20:08] AI Employee scheduled run complete
---
[2026-05-20 05:25:03] Starting AI Employee scheduled run
[2026-05-20 05:25:04] Running reasoning loop...
2026-05-20 05:25:06,347 - ReasoningLoop - INFO - No new items to process
[2026-05-20 05:25:06] Running approval orchestrator...
[2026-05-20 05:25:08] AI Employee scheduled run complete
---
[2026-05-20 05:30:03] Starting AI Employee scheduled run
[2026-05-20 05:30:03] Running reasoning loop...
2026-05-20 05:30:05,336 - ReasoningLoop - INFO - No new items to process
[2026-05-20 05:30:05] Running approval orchestrator...
[2026-05-20 05:30:07] AI Employee scheduled run complete
---
[2026-05-20 05:35:04] Starting AI Employee scheduled run
[2026-05-20 05:35:04] Running reasoning loop...
2026-05-20 05:35:06,641 - ReasoningLoop - INFO - No new items to process
[2026-05-20 05:35:06] Running approval orchestrator...
[2026-05-20 05:35:08] AI Employee scheduled run complete
---
[2026-05-20 05:40:02] Starting AI Employee scheduled run
[2026-05-20 05:40:02] Running reasoning loop...
2026-05-20 05:40:06,083 - ReasoningLoop - INFO - No new items to process
[2026-05-20 05:40:06] Running approval orchestrator...
[2026-05-20 05:40:08] AI Employee scheduled run complete
---
[2026-05-20 05:45:03] Starting AI Employee scheduled run
[2026-05-20 05:45:03] Running reasoning loop...
2026-05-20 05:45:06,882 - ReasoningLoop - INFO - No new items to process
[2026-05-20 05:45:06] Running approval orchestrator...
[2026-05-20 05:45:10] AI Employee scheduled run complete
---
[2026-05-20 05:50:03] Starting AI Employee scheduled run
[2026-05-20 05:50:03] Running reasoning loop...
2026-05-20 05:50:08,412 - ReasoningLoop - INFO - No new items to process
[2026-05-20 05:50:08] Running approval orchestrator...
[2026-05-20 05:50:15] AI Employee scheduled run complete
---
[2026-05-20 05:55:04] Starting AI Employee scheduled run
[2026-05-20 05:55:04] Running reasoning loop...
2026-05-20 05:55:11,026 - ReasoningLoop - INFO - No new items to process
[2026-05-20 05:55:11] Running approval orchestrator...
[2026-05-20 05:55:18] AI Employee scheduled run complete
---
[2026-05-20 06:00:04] Starting AI Employee scheduled run
[2026-05-20 06:00:04] Running reasoning loop...
2026-05-20 06:00:11,136 - ReasoningLoop - INFO - No new items to process
[2026-05-20 06:00:11] Running approval orchestrator...
[2026-05-20 06:00:19] AI Employee scheduled run complete
---
[2026-05-20 06:05:03] Starting AI Employee scheduled run
[2026-05-20 06:05:03] Running reasoning loop...
2026-05-20 06:05:06,845 - ReasoningLoop - INFO - No new items to process
[2026-05-20 06:05:06] Running approval orchestrator...
[2026-05-20 06:05:13] AI Employee scheduled run complete
---
[2026-05-20 06:10:03] Starting AI Employee scheduled run
[2026-05-20 06:10:03] Running reasoning loop...
2026-05-20 06:10:05,961 - ReasoningLoop - INFO - No new items to process
[2026-05-20 06:10:05] Running approval orchestrator...
[2026-05-20 06:10:09] AI Employee scheduled run complete
---
[2026-05-20 06:15:04] Starting AI Employee scheduled run
[2026-05-20 06:15:04] Running reasoning loop...
2026-05-20 06:15:07,683 - ReasoningLoop - INFO - No new items to process
[2026-05-20 06:15:07] Running approval orchestrator...
[2026-05-20 06:15:10] AI Employee scheduled run complete
---
[2026-05-20 06:20:03] Starting AI Employee scheduled run
[2026-05-20 06:20:03] Running reasoning loop...
2026-05-20 06:20:06,963 - ReasoningLoop - INFO - No new items to process
[2026-05-20 06:20:07] Running approval orchestrator...
[2026-05-20 06:20:10] AI Employee scheduled run complete
---
[2026-05-20 06:25:03] Starting AI Employee scheduled run
[2026-05-20 06:25:03] Running reasoning loop...
2026-05-20 06:25:06,787 - ReasoningLoop - INFO - No new items to process
[2026-05-20 06:25:06] Running approval orchestrator...
[2026-05-20 06:25:09] AI Employee scheduled run complete
---
[2026-05-20 06:30:03] Starting AI Employee scheduled run
[2026-05-20 06:30:03] Running reasoning loop...
2026-05-20 06:30:06,025 - ReasoningLoop - INFO - No new items to process
[2026-05-20 06:30:06] Running approval orchestrator...
[2026-05-20 06:30:08] AI Employee scheduled run complete
---
[2026-05-20 06:35:03] Starting AI Employee scheduled run
[2026-05-20 06:35:03] Running reasoning loop...
2026-05-20 06:35:08,838 - ReasoningLoop - INFO - No new items to process
[2026-05-20 06:35:08] Running approval orchestrator...
[2026-05-20 06:35:12] AI Employee scheduled run complete
---
[2026-05-20 06:40:03] Starting AI Employee scheduled run
[2026-05-20 06:40:03] Running reasoning loop...
2026-05-20 06:40:05,991 - ReasoningLoop - INFO - No new items to process
[2026-05-20 06:40:06] Running approval orchestrator...
[2026-05-20 06:40:08] AI Employee scheduled run complete
---
[2026-05-20 06:45:04] Starting AI Employee scheduled run
[2026-05-20 06:45:04] Running reasoning loop...
2026-05-20 06:45:07,950 - ReasoningLoop - INFO - No new items to process
[2026-05-20 06:45:08] Running approval orchestrator...
[2026-05-20 06:45:09] AI Employee scheduled run complete
---
[2026-05-20 06:50:04] Starting AI Employee scheduled run
[2026-05-20 06:50:04] Running reasoning loop...
2026-05-20 06:50:06,477 - ReasoningLoop - INFO - No new items to process
[2026-05-20 06:50:06] Running approval orchestrator...
[2026-05-20 06:50:08] AI Employee scheduled run complete
---
[2026-05-20 06:55:04] Starting AI Employee scheduled run
[2026-05-20 06:55:04] Running reasoning loop...
2026-05-20 06:55:06,802 - ReasoningLoop - INFO - No new items to process
[2026-05-20 06:55:06] Running approval orchestrator...
[2026-05-20 06:55:08] AI Employee scheduled run complete
---
[2026-05-20 07:00:04] Starting AI Employee scheduled run
[2026-05-20 07:00:04] Running reasoning loop...
2026-05-20 07:00:06,936 - ReasoningLoop - INFO - No new items to process
[2026-05-20 07:00:06] Running approval orchestrator...
[2026-05-20 07:00:09] AI Employee scheduled run complete
---
[2026-05-20 07:05:02] Starting AI Employee scheduled run
[2026-05-20 07:05:02] Running reasoning loop...
2026-05-20 07:05:07,176 - ReasoningLoop - INFO - No new items to process
[2026-05-20 07:05:07] Running approval orchestrator...
[2026-05-20 07:05:10] AI Employee scheduled run complete
---
[2026-05-20 07:10:04] Starting AI Employee scheduled run
[2026-05-20 07:10:04] Running reasoning loop...
2026-05-20 07:10:07,131 - ReasoningLoop - INFO - No new items to process
[2026-05-20 07:10:07] Running approval orchestrator...
[2026-05-20 07:10:09] AI Employee scheduled run complete
---
