[2026-07-11 20:30:00] Starting AI Employee scheduled run
[2026-07-11 20:30:00] Running reasoning loop...
2026-07-11 20:30:04,162 - ReasoningLoop - INFO - No new items to process
[2026-07-11 20:30:04] Running approval orchestrator...
[2026-07-11 20:30:06] AI Employee scheduled run complete
---
[2026-07-11 20:35:01] Starting AI Employee scheduled run
[2026-07-11 20:35:01] Running reasoning loop...
2026-07-11 20:35:03,301 - ReasoningLoop - INFO - No new items to process
[2026-07-11 20:35:03] Running approval orchestrator...
[2026-07-11 20:35:04] AI Employee scheduled run complete
---
[2026-07-11 20:40:01] Starting AI Employee scheduled run
[2026-07-11 20:40:01] Running reasoning loop...
2026-07-11 20:40:02,131 - ReasoningLoop - INFO - No new items to process
[2026-07-11 20:40:02] Running approval orchestrator...
[2026-07-11 20:40:03] AI Employee scheduled run complete
---
[2026-07-11 20:45:02] Starting AI Employee scheduled run
[2026-07-11 20:45:02] Running reasoning loop...
2026-07-11 20:45:03,681 - ReasoningLoop - INFO - No new items to process
[2026-07-11 20:45:03] Running approval orchestrator...
[2026-07-11 20:45:05] AI Employee scheduled run complete
---
[2026-07-11 20:50:01] Starting AI Employee scheduled run
[2026-07-11 20:50:01] Running reasoning loop...
2026-07-11 20:50:03,088 - ReasoningLoop - INFO - Processing: TASK_ahmed_khan_invoice.md
2026-07-11 20:50:03,100 - ReasoningLoop - INFO - Created plan: PLAN_20260711_205003_TASK_ahmed_khan_invoice.md
2026-07-11 20:50:03,108 - ReasoningLoop - INFO - Created approval request: APPROVAL_20260711_205003_TASK_ahmed_khan_invoice.md
2026-07-11 20:50:03,132 - ReasoningLoop - INFO - Processed 1 item(s)
[2026-07-11 20:50:03] Running approval orchestrator...
[2026-07-11 20:50:04] AI Employee scheduled run complete
---
[2026-07-11 20:55:00] Starting AI Employee scheduled run
[2026-07-11 20:55:00] Running reasoning loop...
2026-07-11 20:55:01,590 - ReasoningLoop - INFO - No new items to process
[2026-07-11 20:55:01] Running approval orchestrator...
[2026-07-11 20:55:02] AI Employee scheduled run complete
---
[2026-07-11 21:00:01] Starting AI Employee scheduled run
[2026-07-11 21:00:01] Running reasoning loop...
2026-07-11 21:00:04,253 - ReasoningLoop - INFO - No new items to process
[2026-07-11 21:00:04] Running approval orchestrator...
[2026-07-11 21:00:06] AI Employee scheduled run complete
---
[2026-07-11 21:05:01] Starting AI Employee scheduled run
[2026-07-11 21:05:01] Running reasoning loop...
2026-07-11 21:05:03,040 - ReasoningLoop - INFO - No new items to process
[2026-07-11 21:05:03] Running approval orchestrator...
[2026-07-11 21:05:04] AI Employee scheduled run complete
---
[2026-07-11 21:10:01] Starting AI Employee scheduled run
[2026-07-11 21:10:01] Running reasoning loop...
2026-07-11 21:10:02,650 - ReasoningLoop - INFO - No new items to process
[2026-07-11 21:10:02] Running approval orchestrator...
[2026-07-11 21:10:03] AI Employee scheduled run complete
---
[2026-07-11 21:15:01] Starting AI Employee scheduled run
[2026-07-11 21:15:01] Running reasoning loop...
2026-07-11 21:15:02,469 - ReasoningLoop - INFO - No new items to process
[2026-07-11 21:15:02] Running approval orchestrator...
[2026-07-11 21:15:03] AI Employee scheduled run complete
---
[2026-07-11 21:20:01] Starting AI Employee scheduled run
[2026-07-11 21:20:01] Running reasoning loop...
2026-07-11 21:20:02,617 - ReasoningLoop - INFO - No new items to process
[2026-07-11 21:20:02] Running approval orchestrator...
[2026-07-11 21:20:04] AI Employee scheduled run complete
---
[2026-07-11 21:25:00] Starting AI Employee scheduled run
[2026-07-11 21:25:00] Running reasoning loop...
2026-07-11 21:25:01,391 - ReasoningLoop - INFO - No new items to process
[2026-07-11 21:25:01] Running approval orchestrator...
[2026-07-11 21:25:02] AI Employee scheduled run complete
---
[2026-07-11 21:30:01] Starting AI Employee scheduled run
[2026-07-11 21:30:01] Running reasoning loop...
2026-07-11 21:30:02,878 - ReasoningLoop - INFO - No new items to process
[2026-07-11 21:30:02] Running approval orchestrator...
[2026-07-11 21:30:03] AI Employee scheduled run complete
---
[2026-07-11 21:35:00] Starting AI Employee scheduled run
[2026-07-11 21:35:00] Running reasoning loop...
2026-07-11 21:35:01,380 - ReasoningLoop - INFO - No new items to process
[2026-07-11 21:35:01] Running approval orchestrator...
[2026-07-11 21:35:02] AI Employee scheduled run complete
---
[2026-07-11 21:40:01] Starting AI Employee scheduled run
[2026-07-11 21:40:01] Running reasoning loop...
2026-07-11 21:40:01,986 - ReasoningLoop - INFO - No new items to process
[2026-07-11 21:40:02] Running approval orchestrator...
[2026-07-11 21:40:03] AI Employee scheduled run complete
---
[2026-07-11 21:45:01] Starting AI Employee scheduled run
[2026-07-11 21:45:01] Running reasoning loop...
2026-07-11 21:45:03,583 - ReasoningLoop - INFO - No new items to process
[2026-07-11 21:45:03] Running approval orchestrator...
[2026-07-11 21:45:05] AI Employee scheduled run complete
---
[2026-07-11 21:50:01] Starting AI Employee scheduled run
[2026-07-11 21:50:01] Running reasoning loop...
2026-07-11 21:50:02,247 - ReasoningLoop - INFO - No new items to process
[2026-07-11 21:50:02] Running approval orchestrator...
[2026-07-11 21:50:03] AI Employee scheduled run complete
---
[2026-07-11 21:55:00] Starting AI Employee scheduled run
[2026-07-11 21:55:00] Running reasoning loop...
2026-07-11 21:55:01,562 - ReasoningLoop - INFO - No new items to process
[2026-07-11 21:55:01] Running approval orchestrator...
[2026-07-11 21:55:03] AI Employee scheduled run complete
---
[2026-07-11 22:00:01] Starting AI Employee scheduled run
[2026-07-11 22:00:01] Running reasoning loop...
2026-07-11 22:00:05,117 - ReasoningLoop - INFO - No new items to process
[2026-07-11 22:00:05] Running approval orchestrator...
[2026-07-11 22:00:08] AI Employee scheduled run complete
---
[2026-07-11 22:05:01] Starting AI Employee scheduled run
[2026-07-11 22:05:01] Running reasoning loop...
2026-07-11 22:05:01,105 - ReasoningLoop - INFO - No new items to process
[2026-07-11 22:05:01] Running approval orchestrator...
[2026-07-11 22:05:02] AI Employee scheduled run complete
---
[2026-07-11 22:10:01] Starting AI Employee scheduled run
[2026-07-11 22:10:01] Running reasoning loop...
2026-07-11 22:10:04,333 - ReasoningLoop - INFO - No new items to process
[2026-07-11 22:10:04] Running approval orchestrator...
[2026-07-11 22:10:08] AI Employee scheduled run complete
---
[2026-07-11 22:15:01] Starting AI Employee scheduled run
[2026-07-11 22:15:01] Running reasoning loop...
2026-07-11 22:15:01,837 - ReasoningLoop - INFO - No new items to process
[2026-07-11 22:15:01] Running approval orchestrator...
[2026-07-11 22:15:03] AI Employee scheduled run complete
---
[2026-07-11 22:20:01] Starting AI Employee scheduled run
[2026-07-11 22:20:01] Running reasoning loop...
2026-07-11 22:20:03,891 - ReasoningLoop - INFO - No new items to process
[2026-07-11 22:20:03] Running approval orchestrator...
[2026-07-11 22:20:06] AI Employee scheduled run complete
---
[2026-07-11 22:25:02] Starting AI Employee scheduled run
[2026-07-11 22:25:02] Running reasoning loop...
2026-07-11 22:25:03,467 - ReasoningLoop - INFO - No new items to process
[2026-07-11 22:25:03] Running approval orchestrator...
[2026-07-11 22:25:03] AI Employee scheduled run complete
---
[2026-07-11 22:30:02] Starting AI Employee scheduled run
[2026-07-11 22:30:02] Running reasoning loop...
2026-07-11 22:30:07,542 - ReasoningLoop - INFO - No new items to process
[2026-07-11 22:30:07] Running approval orchestrator...
[2026-07-11 22:30:12] AI Employee scheduled run complete
---
[2026-07-11 22:35:01] Starting AI Employee scheduled run
[2026-07-11 22:35:01] Running reasoning loop...
2026-07-11 22:35:02,561 - ReasoningLoop - INFO - No new items to process
[2026-07-11 22:35:02] Running approval orchestrator...
[2026-07-11 22:35:03] AI Employee scheduled run complete
---
[2026-07-11 22:40:01] Starting AI Employee scheduled run
[2026-07-11 22:40:01] Running reasoning loop...
2026-07-11 22:40:02,539 - ReasoningLoop - INFO - No new items to process
[2026-07-11 22:40:02] Running approval orchestrator...
[2026-07-11 22:40:03] AI Employee scheduled run complete
---
[2026-07-11 22:45:01] Starting AI Employee scheduled run
[2026-07-11 22:45:01] Running reasoning loop...
2026-07-11 22:45:05,230 - ReasoningLoop - INFO - No new items to process
[2026-07-11 22:45:05] Running approval orchestrator...
[2026-07-11 22:45:07] AI Employee scheduled run complete
---
[2026-07-11 22:50:01] Starting AI Employee scheduled run
[2026-07-11 22:50:01] Running reasoning loop...
2026-07-11 22:50:02,858 - ReasoningLoop - INFO - No new items to process
[2026-07-11 22:50:02] Running approval orchestrator...
[2026-07-11 22:50:03] AI Employee scheduled run complete
---
[2026-07-11 22:55:01] Starting AI Employee scheduled run
[2026-07-11 22:55:01] Running reasoning loop...
2026-07-11 22:55:02,130 - ReasoningLoop - INFO - No new items to process
[2026-07-11 22:55:02] Running approval orchestrator...
[2026-07-11 22:55:03] AI Employee scheduled run complete
---
[2026-07-11 23:00:01] Starting AI Employee scheduled run
[2026-07-11 23:00:01] Running reasoning loop...
2026-07-11 23:00:02,444 - ReasoningLoop - INFO - No new items to process
[2026-07-11 23:00:02] Running approval orchestrator...
[2026-07-11 23:00:03] AI Employee scheduled run complete
---
[2026-07-11 23:05:01] Starting AI Employee scheduled run
[2026-07-11 23:05:01] Running reasoning loop...
2026-07-11 23:05:02,945 - ReasoningLoop - INFO - No new items to process
[2026-07-11 23:05:02] Running approval orchestrator...
[2026-07-11 23:05:04] AI Employee scheduled run complete
---
[2026-07-11 23:10:01] Starting AI Employee scheduled run
[2026-07-11 23:10:01] Running reasoning loop...
2026-07-11 23:10:03,347 - ReasoningLoop - INFO - No new items to process
[2026-07-11 23:10:03] Running approval orchestrator...
[2026-07-11 23:10:05] AI Employee scheduled run complete
---
[2026-07-11 23:15:01] Starting AI Employee scheduled run
[2026-07-11 23:15:01] Running reasoning loop...
2026-07-11 23:15:03,314 - ReasoningLoop - INFO - No new items to process
[2026-07-11 23:15:03] Running approval orchestrator...
[2026-07-11 23:15:04] AI Employee scheduled run complete
---
[2026-07-11 23:20:01] Starting AI Employee scheduled run
[2026-07-11 23:20:01] Running reasoning loop...
2026-07-11 23:20:03,114 - ReasoningLoop - INFO - No new items to process
[2026-07-11 23:20:03] Running approval orchestrator...
[2026-07-11 23:20:04] AI Employee scheduled run complete
---
[2026-07-11 23:25:01] Starting AI Employee scheduled run
[2026-07-11 23:25:01] Running reasoning loop...
2026-07-11 23:25:02,701 - ReasoningLoop - INFO - No new items to process
[2026-07-11 23:25:02] Running approval orchestrator...
[2026-07-11 23:25:03] AI Employee scheduled run complete
---
[2026-07-11 23:30:01] Starting AI Employee scheduled run
[2026-07-11 23:30:01] Running reasoning loop...
2026-07-11 23:30:02,258 - ReasoningLoop - INFO - No new items to process
[2026-07-11 23:30:02] Running approval orchestrator...
[2026-07-11 23:30:03] AI Employee scheduled run complete
---
