[2026-07-16 19:10:02] Starting AI Employee scheduled run
[2026-07-16 19:10:02] Running reasoning loop...
2026-07-16 19:10:04,183 - ReasoningLoop - INFO - No new items to process
[2026-07-16 19:10:04] Running approval orchestrator...
[2026-07-16 19:10:05] AI Employee scheduled run complete
---
[2026-07-16 19:15:03] Starting AI Employee scheduled run
[2026-07-16 19:15:03] Running reasoning loop...
2026-07-16 19:15:04,551 - ReasoningLoop - INFO - No new items to process
[2026-07-16 19:15:04] Running approval orchestrator...
[2026-07-16 19:15:05] AI Employee scheduled run complete
---
[2026-07-16 19:20:03] Starting AI Employee scheduled run
[2026-07-16 19:20:03] Running reasoning loop...
2026-07-16 19:20:06,837 - ReasoningLoop - INFO - No new items to process
[2026-07-16 19:20:06] Running approval orchestrator...
[2026-07-16 19:20:10] AI Employee scheduled run complete
---
[2026-07-16 19:25:04] Starting AI Employee scheduled run
[2026-07-16 19:25:04] Running reasoning loop...
2026-07-16 19:25:04,986 - ReasoningLoop - INFO - No new items to process
[2026-07-16 19:25:05] Running approval orchestrator...
[2026-07-16 19:25:06] AI Employee scheduled run complete
---
[2026-07-16 19:30:03] Starting AI Employee scheduled run
[2026-07-16 19:30:04] Running reasoning loop...
2026-07-16 19:30:05,294 - ReasoningLoop - INFO - No new items to process
[2026-07-16 19:30:05] Running approval orchestrator...
[2026-07-16 19:30:06] AI Employee scheduled run complete
---
[2026-07-16 19:35:03] Starting AI Employee scheduled run
[2026-07-16 19:35:04] Running reasoning loop...
2026-07-16 19:35:04,866 - ReasoningLoop - INFO - No new items to process
[2026-07-16 19:35:04] Running approval orchestrator...
[2026-07-16 19:35:05] AI Employee scheduled run complete
---
[2026-07-16 19:40:03] Starting AI Employee scheduled run
[2026-07-16 19:40:03] Running reasoning loop...
2026-07-16 19:40:04,611 - ReasoningLoop - INFO - No new items to process
[2026-07-16 19:40:04] Running approval orchestrator...
[2026-07-16 19:40:05] AI Employee scheduled run complete
---
[2026-07-16 19:45:04] Starting AI Employee scheduled run
[2026-07-16 19:45:04] Running reasoning loop...
2026-07-16 19:45:09,979 - ReasoningLoop - INFO - No new items to process
[2026-07-16 19:45:10] Running approval orchestrator...
[2026-07-16 19:45:15] AI Employee scheduled run complete
---
[2026-07-16 19:50:04] Starting AI Employee scheduled run
[2026-07-16 19:50:04] Running reasoning loop...
2026-07-16 19:50:05,179 - ReasoningLoop - INFO - No new items to process
[2026-07-16 19:50:05] Running approval orchestrator...
[2026-07-16 19:50:05] AI Employee scheduled run complete
---
[2026-07-16 19:55:03] Starting AI Employee scheduled run
[2026-07-16 19:55:03] Running reasoning loop...
2026-07-16 19:55:04,837 - ReasoningLoop - INFO - No new items to process
[2026-07-16 19:55:04] Running approval orchestrator...
[2026-07-16 19:55:05] AI Employee scheduled run complete
---
[2026-07-16 20:00:03] Starting AI Employee scheduled run
[2026-07-16 20:00:03] Running reasoning loop...
2026-07-16 20:00:06,101 - ReasoningLoop - INFO - No new items to process
[2026-07-16 20:00:06] Running approval orchestrator...
[2026-07-16 20:00:09] AI Employee scheduled run complete
---
[2026-07-16 20:05:03] Starting AI Employee scheduled run
[2026-07-16 20:05:03] Running reasoning loop...
2026-07-16 20:05:08,216 - ReasoningLoop - INFO - No new items to process
[2026-07-16 20:05:08] Running approval orchestrator...
[2026-07-16 20:05:10] AI Employee scheduled run complete
---
[2026-07-16 20:10:03] Starting AI Employee scheduled run
[2026-07-16 20:10:03] Running reasoning loop...
2026-07-16 20:10:04,672 - ReasoningLoop - INFO - No new items to process
[2026-07-16 20:10:04] Running approval orchestrator...
[2026-07-16 20:10:05] AI Employee scheduled run complete
---
[2026-07-16 20:15:04] Starting AI Employee scheduled run
[2026-07-16 20:15:04] Running reasoning loop...
2026-07-16 20:15:07,318 - ReasoningLoop - INFO - No new items to process
[2026-07-16 20:15:07] Running approval orchestrator...
[2026-07-16 20:15:10] AI Employee scheduled run complete
---
[2026-07-16 20:20:03] Starting AI Employee scheduled run
[2026-07-16 20:20:03] Running reasoning loop...
2026-07-16 20:20:04,485 - ReasoningLoop - INFO - No new items to process
[2026-07-16 20:20:04] Running approval orchestrator...
[2026-07-16 20:20:05] AI Employee scheduled run complete
---
[2026-07-16 20:25:04] Starting AI Employee scheduled run
[2026-07-16 20:25:04] Running reasoning loop...
2026-07-16 20:25:05,523 - ReasoningLoop - INFO - No new items to process
[2026-07-16 20:25:05] Running approval orchestrator...
[2026-07-16 20:25:06] AI Employee scheduled run complete
---
[2026-07-16 20:30:04] Starting AI Employee scheduled run
[2026-07-16 20:30:04] Running reasoning loop...
2026-07-16 20:30:05,083 - ReasoningLoop - INFO - No new items to process
[2026-07-16 20:30:05] Running approval orchestrator...
[2026-07-16 20:30:05] AI Employee scheduled run complete
---
[2026-07-16 20:35:02] Starting AI Employee scheduled run
[2026-07-16 20:35:02] Running reasoning loop...
2026-07-16 20:35:05,177 - ReasoningLoop - INFO - No new items to process
[2026-07-16 20:35:05] Running approval orchestrator...
[2026-07-16 20:35:06] AI Employee scheduled run complete
---
[2026-07-16 20:40:04] Starting AI Employee scheduled run
[2026-07-16 20:40:04] Running reasoning loop...
2026-07-16 20:40:05,033 - ReasoningLoop - INFO - No new items to process
[2026-07-16 20:40:05] Running approval orchestrator...
[2026-07-16 20:40:05] AI Employee scheduled run complete
---
[2026-07-16 20:45:03] Starting AI Employee scheduled run
[2026-07-16 20:45:03] Running reasoning loop...
2026-07-16 20:45:04,799 - ReasoningLoop - INFO - No new items to process
[2026-07-16 20:45:04] Running approval orchestrator...
[2026-07-16 20:45:05] AI Employee scheduled run complete
---
[2026-07-16 20:50:04] Starting AI Employee scheduled run
[2026-07-16 20:50:04] Running reasoning loop...
2026-07-16 20:50:05,019 - ReasoningLoop - INFO - No new items to process
[2026-07-16 20:50:05] Running approval orchestrator...
[2026-07-16 20:50:05] AI Employee scheduled run complete
---
[2026-07-16 20:55:03] Starting AI Employee scheduled run
[2026-07-16 20:55:03] Running reasoning loop...
2026-07-16 20:55:04,490 - ReasoningLoop - INFO - No new items to process
[2026-07-16 20:55:04] Running approval orchestrator...
[2026-07-16 20:55:05] AI Employee scheduled run complete
---
[2026-07-16 21:00:02] Starting AI Employee scheduled run
[2026-07-16 21:00:02] Running reasoning loop...
2026-07-16 21:00:03,628 - ReasoningLoop - INFO - No new items to process
[2026-07-16 21:00:03] Running approval orchestrator...
[2026-07-16 21:00:04] AI Employee scheduled run complete
---
[2026-07-16 21:05:04] Starting AI Employee scheduled run
[2026-07-16 21:05:04] Running reasoning loop...
2026-07-16 21:05:05,398 - ReasoningLoop - INFO - No new items to process
[2026-07-16 21:05:05] Running approval orchestrator...
[2026-07-16 21:05:06] AI Employee scheduled run complete
---
[2026-07-16 21:10:03] Starting AI Employee scheduled run
[2026-07-16 21:10:03] Running reasoning loop...
2026-07-16 21:10:05,418 - ReasoningLoop - INFO - No new items to process
[2026-07-16 21:10:05] Running approval orchestrator...
[2026-07-16 21:10:06] AI Employee scheduled run complete
---
[2026-07-16 21:15:03] Starting AI Employee scheduled run
[2026-07-16 21:15:03] Running reasoning loop...
2026-07-16 21:15:09,741 - ReasoningLoop - INFO - No new items to process
[2026-07-16 21:15:09] Running approval orchestrator...
[2026-07-16 21:15:21] AI Employee scheduled run complete
---
[2026-07-16 21:20:04] Starting AI Employee scheduled run
[2026-07-16 21:20:04] Running reasoning loop...
2026-07-16 21:20:06,463 - ReasoningLoop - INFO - No new items to process
[2026-07-16 21:20:06] Running approval orchestrator...
[2026-07-16 21:20:07] AI Employee scheduled run complete
---
[2026-07-16 21:25:04] Starting AI Employee scheduled run
[2026-07-16 21:25:04] Running reasoning loop...
2026-07-16 21:25:05,673 - ReasoningLoop - INFO - No new items to process
[2026-07-16 21:25:05] Running approval orchestrator...
[2026-07-16 21:25:07] AI Employee scheduled run complete
---
[2026-07-16 21:30:04] Starting AI Employee scheduled run
[2026-07-16 21:30:04] Running reasoning loop...
2026-07-16 21:30:05,666 - ReasoningLoop - INFO - No new items to process
[2026-07-16 21:30:05] Running approval orchestrator...
[2026-07-16 21:30:06] AI Employee scheduled run complete
---
[2026-07-16 21:35:02] Starting AI Employee scheduled run
[2026-07-16 21:35:02] Running reasoning loop...
2026-07-16 21:35:04,933 - ReasoningLoop - INFO - No new items to process
[2026-07-16 21:35:04] Running approval orchestrator...
[2026-07-16 21:35:08] AI Employee scheduled run complete
---
[2026-07-16 21:40:04] Starting AI Employee scheduled run
[2026-07-16 21:40:04] Running reasoning loop...
2026-07-16 21:40:07,483 - ReasoningLoop - INFO - No new items to process
[2026-07-16 21:40:07] Running approval orchestrator...
[2026-07-16 21:40:14] AI Employee scheduled run complete
---
[2026-07-16 21:45:04] Starting AI Employee scheduled run
[2026-07-16 21:45:04] Running reasoning loop...
2026-07-16 21:45:11,164 - ReasoningLoop - INFO - No new items to process
[2026-07-16 21:45:11] Running approval orchestrator...
[2026-07-16 21:45:18] AI Employee scheduled run complete
---
