[2026-07-15 00:30:02] Starting AI Employee scheduled run
[2026-07-15 00:30:02] Running reasoning loop...
2026-07-15 00:30:03,786 - ReasoningLoop - INFO - No new items to process
[2026-07-15 00:30:03] Running approval orchestrator...
[2026-07-15 00:30:05] AI Employee scheduled run complete
---
[2026-07-15 00:35:02] Starting AI Employee scheduled run
[2026-07-15 00:35:02] Running reasoning loop...
2026-07-15 00:35:04,302 - ReasoningLoop - INFO - No new items to process
[2026-07-15 00:35:04] Running approval orchestrator...
[2026-07-15 00:35:06] AI Employee scheduled run complete
---
[2026-07-15 00:40:01] Starting AI Employee scheduled run
[2026-07-15 00:40:01] Running reasoning loop...
2026-07-15 00:40:03,630 - ReasoningLoop - INFO - No new items to process
[2026-07-15 00:40:03] Running approval orchestrator...
[2026-07-15 00:40:04] AI Employee scheduled run complete
---
[2026-07-15 00:45:02] Starting AI Employee scheduled run
[2026-07-15 00:45:02] Running reasoning loop...
2026-07-15 00:45:06,098 - ReasoningLoop - INFO - No new items to process
[2026-07-15 00:45:06] Running approval orchestrator...
[2026-07-15 00:45:08] AI Employee scheduled run complete
---
[2026-07-15 00:50:02] Starting AI Employee scheduled run
[2026-07-15 00:50:02] Running reasoning loop...
2026-07-15 00:50:11,298 - ReasoningLoop - INFO - No new items to process
[2026-07-15 00:50:11] Running approval orchestrator...
[2026-07-15 00:50:21] AI Employee scheduled run complete
---
[2026-07-15 00:55:04] Starting AI Employee scheduled run
[2026-07-15 00:55:04] Running reasoning loop...
2026-07-15 00:55:28,793 - ReasoningLoop - INFO - No new items to process
[2026-07-15 00:55:29] Running approval orchestrator...
[2026-07-15 00:55:48] AI Employee scheduled run complete
---
[2026-07-15 01:00:02] Starting AI Employee scheduled run
[2026-07-15 01:00:02] Running reasoning loop...
2026-07-15 01:00:04,520 - ReasoningLoop - INFO - No new items to process
[2026-07-15 01:00:04] Running approval orchestrator...
[2026-07-15 01:00:06] AI Employee scheduled run complete
---
[2026-07-15 01:05:02] Starting AI Employee scheduled run
[2026-07-15 01:05:02] Running reasoning loop...
2026-07-15 01:05:05,806 - ReasoningLoop - INFO - No new items to process
[2026-07-15 01:05:05] Running approval orchestrator...
[2026-07-15 01:05:09] AI Employee scheduled run complete
---
[2026-07-15 01:10:02] Starting AI Employee scheduled run
[2026-07-15 01:10:02] Running reasoning loop...
2026-07-15 01:10:05,732 - ReasoningLoop - INFO - No new items to process
[2026-07-15 01:10:05] Running approval orchestrator...
[2026-07-15 01:10:08] AI Employee scheduled run complete
---
[2026-07-15 01:15:02] Starting AI Employee scheduled run
[2026-07-15 01:15:02] Running reasoning loop...
2026-07-15 01:15:04,489 - ReasoningLoop - INFO - No new items to process
[2026-07-15 01:15:04] Running approval orchestrator...
[2026-07-15 01:15:06] AI Employee scheduled run complete
---
[2026-07-15 01:20:01] Starting AI Employee scheduled run
[2026-07-15 01:20:02] Running reasoning loop...
2026-07-15 01:20:04,436 - ReasoningLoop - INFO - No new items to process
[2026-07-15 01:20:04] Running approval orchestrator...
[2026-07-15 01:20:07] AI Employee scheduled run complete
---
[2026-07-15 01:25:02] Starting AI Employee scheduled run
[2026-07-15 01:25:02] Running reasoning loop...
2026-07-15 01:25:05,515 - ReasoningLoop - INFO - No new items to process
[2026-07-15 01:25:05] Running approval orchestrator...
[2026-07-15 01:25:07] AI Employee scheduled run complete
---
[2026-07-15 01:30:02] Starting AI Employee scheduled run
[2026-07-15 01:30:02] Running reasoning loop...
2026-07-15 01:30:07,702 - ReasoningLoop - INFO - No new items to process
[2026-07-15 01:30:07] Running approval orchestrator...
[2026-07-15 01:30:10] AI Employee scheduled run complete
---
[2026-07-15 01:35:01] Starting AI Employee scheduled run
[2026-07-15 01:35:01] Running reasoning loop...
2026-07-15 01:35:04,466 - ReasoningLoop - INFO - No new items to process
[2026-07-15 01:35:04] Running approval orchestrator...
[2026-07-15 01:35:06] AI Employee scheduled run complete
---
[2026-07-15 01:40:01] Starting AI Employee scheduled run
[2026-07-15 01:40:01] Running reasoning loop...
2026-07-15 01:40:02,925 - ReasoningLoop - INFO - No new items to process
[2026-07-15 01:40:02] Running approval orchestrator...
[2026-07-15 01:40:03] AI Employee scheduled run complete
---
[2026-07-15 01:45:02] Starting AI Employee scheduled run
[2026-07-15 01:45:02] Running reasoning loop...
2026-07-15 01:45:08,025 - ReasoningLoop - INFO - No new items to process
[2026-07-15 01:45:08] Running approval orchestrator...
[2026-07-15 01:45:18] AI Employee scheduled run complete
---
[2026-07-15 01:50:02] Starting AI Employee scheduled run
[2026-07-15 01:50:02] Running reasoning loop...
2026-07-15 01:50:06,191 - ReasoningLoop - INFO - No new items to process
[2026-07-15 01:50:06] Running approval orchestrator...
[2026-07-15 01:50:10] AI Employee scheduled run complete
---
[2026-07-15 01:55:02] Starting AI Employee scheduled run
[2026-07-15 01:55:02] Running reasoning loop...
2026-07-15 01:55:12,402 - ReasoningLoop - INFO - No new items to process
[2026-07-15 01:55:12] Running approval orchestrator...
[2026-07-15 01:55:39] AI Employee scheduled run complete
---
[2026-07-15 02:00:03] Starting AI Employee scheduled run
[2026-07-15 02:00:03] Running reasoning loop...
2026-07-15 02:00:07,794 - ReasoningLoop - INFO - No new items to process
[2026-07-15 02:00:07] Running approval orchestrator...
[2026-07-15 02:00:09] AI Employee scheduled run complete
---
[2026-07-15 02:05:02] Starting AI Employee scheduled run
[2026-07-15 02:05:02] Running reasoning loop...
2026-07-15 02:05:03,244 - ReasoningLoop - INFO - No new items to process
[2026-07-15 02:05:03] Running approval orchestrator...
[2026-07-15 02:05:04] AI Employee scheduled run complete
---
[2026-07-15 02:10:02] Starting AI Employee scheduled run
[2026-07-15 02:10:02] Running reasoning loop...
2026-07-15 02:10:04,000 - ReasoningLoop - INFO - No new items to process
[2026-07-15 02:10:04] Running approval orchestrator...
[2026-07-15 02:10:06] AI Employee scheduled run complete
---
[2026-07-15 02:15:01] Starting AI Employee scheduled run
[2026-07-15 02:15:02] Running reasoning loop...
2026-07-15 02:15:03,545 - ReasoningLoop - INFO - No new items to process
[2026-07-15 02:15:03] Running approval orchestrator...
[2026-07-15 02:15:04] AI Employee scheduled run complete
---
[2026-07-15 02:20:01] Starting AI Employee scheduled run
[2026-07-15 02:20:01] Running reasoning loop...
2026-07-15 02:20:02,945 - ReasoningLoop - INFO - No new items to process
[2026-07-15 02:20:02] Running approval orchestrator...
[2026-07-15 02:20:04] AI Employee scheduled run complete
---
[2026-07-15 02:25:02] Starting AI Employee scheduled run
[2026-07-15 02:25:02] Running reasoning loop...
2026-07-15 02:25:05,501 - ReasoningLoop - INFO - No new items to process
[2026-07-15 02:25:05] Running approval orchestrator...
[2026-07-15 02:25:07] AI Employee scheduled run complete
---
[2026-07-15 02:30:02] Starting AI Employee scheduled run
[2026-07-15 02:30:02] Running reasoning loop...
2026-07-15 02:30:04,886 - ReasoningLoop - INFO - No new items to process
[2026-07-15 02:30:04] Running approval orchestrator...
[2026-07-15 02:30:07] AI Employee scheduled run complete
---
[2026-07-15 02:35:01] Starting AI Employee scheduled run
[2026-07-15 02:35:01] Running reasoning loop...
2026-07-15 02:35:03,515 - ReasoningLoop - INFO - No new items to process
[2026-07-15 02:35:03] Running approval orchestrator...
[2026-07-15 02:35:05] AI Employee scheduled run complete
---
[2026-07-15 02:40:01] Starting AI Employee scheduled run
[2026-07-15 02:40:01] Running reasoning loop...
2026-07-15 02:40:02,345 - ReasoningLoop - INFO - No new items to process
[2026-07-15 02:40:02] Running approval orchestrator...
[2026-07-15 02:40:03] AI Employee scheduled run complete
---
[2026-07-15 02:45:02] Starting AI Employee scheduled run
[2026-07-15 02:45:02] Running reasoning loop...
2026-07-15 02:45:06,754 - ReasoningLoop - INFO - No new items to process
[2026-07-15 02:45:06] Running approval orchestrator...
[2026-07-15 02:45:12] AI Employee scheduled run complete
---
[2026-07-15 02:50:01] Starting AI Employee scheduled run
[2026-07-15 02:50:01] Running reasoning loop...
2026-07-15 02:50:03,308 - ReasoningLoop - INFO - No new items to process
[2026-07-15 02:50:03] Running approval orchestrator...
[2026-07-15 02:50:04] AI Employee scheduled run complete
---
[2026-07-15 02:55:02] Starting AI Employee scheduled run
[2026-07-15 02:55:02] Running reasoning loop...
2026-07-15 02:55:04,310 - ReasoningLoop - INFO - No new items to process
[2026-07-15 02:55:04] Running approval orchestrator...
[2026-07-15 02:55:06] AI Employee scheduled run complete
---
[2026-07-15 03:00:02] Starting AI Employee scheduled run
[2026-07-15 03:00:02] Running reasoning loop...
2026-07-15 03:00:04,451 - ReasoningLoop - INFO - No new items to process
[2026-07-15 03:00:04] Running approval orchestrator...
[2026-07-15 03:00:07] AI Employee scheduled run complete
---
[2026-07-15 03:05:01] Starting AI Employee scheduled run
[2026-07-15 03:05:01] Running reasoning loop...
2026-07-15 03:05:04,853 - ReasoningLoop - INFO - No new items to process
[2026-07-15 03:05:04] Running approval orchestrator...
[2026-07-15 03:05:08] AI Employee scheduled run complete
---
[2026-07-15 03:10:02] Starting AI Employee scheduled run
[2026-07-15 03:10:02] Running reasoning loop...
2026-07-15 03:10:05,622 - ReasoningLoop - INFO - No new items to process
[2026-07-15 03:10:05] Running approval orchestrator...
[2026-07-15 03:10:08] AI Employee scheduled run complete
---
[2026-07-15 03:15:01] Starting AI Employee scheduled run
[2026-07-15 03:15:01] Running reasoning loop...
2026-07-15 03:15:06,105 - ReasoningLoop - INFO - No new items to process
[2026-07-15 03:15:06] Running approval orchestrator...
[2026-07-15 03:15:11] AI Employee scheduled run complete
---
[2026-07-15 03:20:01] Starting AI Employee scheduled run
[2026-07-15 03:20:01] Running reasoning loop...
2026-07-15 03:20:07,486 - ReasoningLoop - INFO - No new items to process
[2026-07-15 03:20:07] Running approval orchestrator...
[2026-07-15 03:20:11] AI Employee scheduled run complete
---
[2026-07-15 03:25:02] Starting AI Employee scheduled run
[2026-07-15 03:25:02] Running reasoning loop...
2026-07-15 03:25:06,250 - ReasoningLoop - INFO - No new items to process
[2026-07-15 03:25:06] Running approval orchestrator...
[2026-07-15 03:25:09] AI Employee scheduled run complete
---
[2026-07-15 03:30:02] Starting AI Employee scheduled run
[2026-07-15 03:30:02] Running reasoning loop...
2026-07-15 03:30:04,074 - ReasoningLoop - INFO - No new items to process
[2026-07-15 03:30:04] Running approval orchestrator...
[2026-07-15 03:30:05] AI Employee scheduled run complete
---
[2026-07-15 03:35:02] Starting AI Employee scheduled run
[2026-07-15 03:35:02] Running reasoning loop...
2026-07-15 03:35:05,273 - ReasoningLoop - INFO - No new items to process
[2026-07-15 03:35:05] Running approval orchestrator...
[2026-07-15 03:35:07] AI Employee scheduled run complete
---
[2026-07-15 03:40:01] Starting AI Employee scheduled run
[2026-07-15 03:40:01] Running reasoning loop...
2026-07-15 03:40:02,988 - ReasoningLoop - INFO - No new items to process
[2026-07-15 03:40:03] Running approval orchestrator...
[2026-07-15 03:40:03] AI Employee scheduled run complete
---
[2026-07-15 03:45:02] Starting AI Employee scheduled run
[2026-07-15 03:45:02] Running reasoning loop...
2026-07-15 03:45:04,254 - ReasoningLoop - INFO - No new items to process
[2026-07-15 03:45:04] Running approval orchestrator...
[2026-07-15 03:45:06] AI Employee scheduled run complete
---
[2026-07-15 03:50:01] Starting AI Employee scheduled run
[2026-07-15 03:50:01] Running reasoning loop...
2026-07-15 03:50:02,791 - ReasoningLoop - INFO - No new items to process
[2026-07-15 03:50:02] Running approval orchestrator...
[2026-07-15 03:50:04] AI Employee scheduled run complete
---
[2026-07-15 03:55:02] Starting AI Employee scheduled run
[2026-07-15 03:55:02] Running reasoning loop...
2026-07-15 03:55:05,172 - ReasoningLoop - INFO - No new items to process
[2026-07-15 03:55:05] Running approval orchestrator...
[2026-07-15 03:55:08] AI Employee scheduled run complete
---
[2026-07-15 04:00:02] Starting AI Employee scheduled run
[2026-07-15 04:00:02] Running reasoning loop...
2026-07-15 04:00:04,000 - ReasoningLoop - INFO - No new items to process
[2026-07-15 04:00:04] Running approval orchestrator...
[2026-07-15 04:00:05] AI Employee scheduled run complete
---
[2026-07-15 04:05:02] Starting AI Employee scheduled run
[2026-07-15 04:05:02] Running reasoning loop...
2026-07-15 04:05:03,296 - ReasoningLoop - INFO - No new items to process
[2026-07-15 04:05:03] Running approval orchestrator...
[2026-07-15 04:05:05] AI Employee scheduled run complete
---
[2026-07-15 04:10:02] Starting AI Employee scheduled run
[2026-07-15 04:10:02] Running reasoning loop...
2026-07-15 04:10:02,950 - ReasoningLoop - INFO - No new items to process
[2026-07-15 04:10:02] Running approval orchestrator...
[2026-07-15 04:10:04] AI Employee scheduled run complete
---
[2026-07-15 04:15:02] Starting AI Employee scheduled run
[2026-07-15 04:15:02] Running reasoning loop...
2026-07-15 04:15:03,931 - ReasoningLoop - INFO - No new items to process
[2026-07-15 04:15:03] Running approval orchestrator...
[2026-07-15 04:15:05] AI Employee scheduled run complete
---
[2026-07-15 04:20:03] Starting AI Employee scheduled run
[2026-07-15 04:20:03] Running reasoning loop...
2026-07-15 04:20:15,947 - ReasoningLoop - INFO - No new items to process
[2026-07-15 04:20:16] Running approval orchestrator...
[2026-07-15 04:20:25] AI Employee scheduled run complete
---
[2026-07-15 04:25:02] Starting AI Employee scheduled run
[2026-07-15 04:25:02] Running reasoning loop...
2026-07-15 04:25:21,228 - ReasoningLoop - INFO - No new items to process
[2026-07-15 04:25:21] Running approval orchestrator...
[2026-07-15 04:25:57] AI Employee scheduled run complete
---
[2026-07-15 04:30:02] Starting AI Employee scheduled run
[2026-07-15 04:30:02] Running reasoning loop...
2026-07-15 04:30:04,401 - ReasoningLoop - INFO - No new items to process
[2026-07-15 04:30:04] Running approval orchestrator...
[2026-07-15 04:30:07] AI Employee scheduled run complete
---
[2026-07-15 04:35:02] Starting AI Employee scheduled run
[2026-07-15 04:35:02] Running reasoning loop...
2026-07-15 04:35:04,244 - ReasoningLoop - INFO - No new items to process
[2026-07-15 04:35:04] Running approval orchestrator...
[2026-07-15 04:35:07] AI Employee scheduled run complete
---
[2026-07-15 04:40:02] Starting AI Employee scheduled run
[2026-07-15 04:40:02] Running reasoning loop...
2026-07-15 04:40:04,684 - ReasoningLoop - INFO - No new items to process
[2026-07-15 04:40:04] Running approval orchestrator...
[2026-07-15 04:40:07] AI Employee scheduled run complete
---
[2026-07-15 04:45:01] Starting AI Employee scheduled run
[2026-07-15 04:45:01] Running reasoning loop...
2026-07-15 04:45:03,321 - ReasoningLoop - INFO - No new items to process
[2026-07-15 04:45:03] Running approval orchestrator...
[2026-07-15 04:45:05] AI Employee scheduled run complete
---
[2026-07-15 04:50:02] Starting AI Employee scheduled run
[2026-07-15 04:50:02] Running reasoning loop...
2026-07-15 04:50:04,093 - ReasoningLoop - INFO - No new items to process
[2026-07-15 04:50:04] Running approval orchestrator...
[2026-07-15 04:50:05] AI Employee scheduled run complete
---
[2026-07-15 04:55:02] Starting AI Employee scheduled run
[2026-07-15 04:55:02] Running reasoning loop...
2026-07-15 04:55:04,800 - ReasoningLoop - INFO - No new items to process
[2026-07-15 04:55:04] Running approval orchestrator...
[2026-07-15 04:55:07] AI Employee scheduled run complete
---
[2026-07-15 05:00:02] Starting AI Employee scheduled run
[2026-07-15 05:00:02] Running reasoning loop...
2026-07-15 05:00:02,934 - ReasoningLoop - INFO - No new items to process
[2026-07-15 05:00:02] Running approval orchestrator...
[2026-07-15 05:00:03] AI Employee scheduled run complete
---
[2026-07-15 05:05:01] Starting AI Employee scheduled run
[2026-07-15 05:05:01] Running reasoning loop...
2026-07-15 05:05:02,869 - ReasoningLoop - INFO - No new items to process
[2026-07-15 05:05:02] Running approval orchestrator...
[2026-07-15 05:05:03] AI Employee scheduled run complete
---
[2026-07-15 05:10:02] Starting AI Employee scheduled run
[2026-07-15 05:10:02] Running reasoning loop...
2026-07-15 05:10:02,981 - ReasoningLoop - INFO - No new items to process
[2026-07-15 05:10:02] Running approval orchestrator...
[2026-07-15 05:10:03] AI Employee scheduled run complete
---
[2026-07-15 05:15:01] Starting AI Employee scheduled run
[2026-07-15 05:15:01] Running reasoning loop...
2026-07-15 05:15:02,065 - ReasoningLoop - INFO - No new items to process
[2026-07-15 05:15:02] Running approval orchestrator...
[2026-07-15 05:15:02] AI Employee scheduled run complete
---
[2026-07-15 05:20:02] Starting AI Employee scheduled run
[2026-07-15 05:20:02] Running reasoning loop...
2026-07-15 05:20:02,959 - ReasoningLoop - INFO - No new items to process
[2026-07-15 05:20:02] Running approval orchestrator...
[2026-07-15 05:20:03] AI Employee scheduled run complete
---
[2026-07-15 05:25:01] Starting AI Employee scheduled run
[2026-07-15 05:25:01] Running reasoning loop...
2026-07-15 05:25:02,788 - ReasoningLoop - INFO - No new items to process
[2026-07-15 05:25:02] Running approval orchestrator...
[2026-07-15 05:25:03] AI Employee scheduled run complete
---
[2026-07-15 05:30:02] Starting AI Employee scheduled run
[2026-07-15 05:30:02] Running reasoning loop...
2026-07-15 05:30:03,101 - ReasoningLoop - INFO - No new items to process
[2026-07-15 05:30:03] Running approval orchestrator...
[2026-07-15 05:30:03] AI Employee scheduled run complete
---
[2026-07-15 05:35:02] Starting AI Employee scheduled run
[2026-07-15 05:35:02] Running reasoning loop...
2026-07-15 05:35:03,366 - ReasoningLoop - INFO - No new items to process
[2026-07-15 05:35:03] Running approval orchestrator...
[2026-07-15 05:35:04] AI Employee scheduled run complete
---
[2026-07-15 05:40:02] Starting AI Employee scheduled run
[2026-07-15 05:40:02] Running reasoning loop...
2026-07-15 05:40:03,786 - ReasoningLoop - INFO - No new items to process
[2026-07-15 05:40:03] Running approval orchestrator...
[2026-07-15 05:40:04] AI Employee scheduled run complete
---
[2026-07-15 05:45:02] Starting AI Employee scheduled run
[2026-07-15 05:45:02] Running reasoning loop...
2026-07-15 05:45:02,840 - ReasoningLoop - INFO - No new items to process
[2026-07-15 05:45:02] Running approval orchestrator...
[2026-07-15 05:45:03] AI Employee scheduled run complete
---
[2026-07-15 05:50:01] Starting AI Employee scheduled run
[2026-07-15 05:50:01] Running reasoning loop...
2026-07-15 05:50:02,797 - ReasoningLoop - INFO - No new items to process
[2026-07-15 05:50:02] Running approval orchestrator...
[2026-07-15 05:50:03] AI Employee scheduled run complete
---
[2026-07-15 05:55:02] Starting AI Employee scheduled run
[2026-07-15 05:55:02] Running reasoning loop...
2026-07-15 05:55:03,392 - ReasoningLoop - INFO - No new items to process
[2026-07-15 05:55:03] Running approval orchestrator...
[2026-07-15 05:55:04] AI Employee scheduled run complete
---
[2026-07-15 06:00:02] Starting AI Employee scheduled run
[2026-07-15 06:00:02] Running reasoning loop...
2026-07-15 06:00:03,102 - ReasoningLoop - INFO - No new items to process
[2026-07-15 06:00:03] Running approval orchestrator...
[2026-07-15 06:00:04] AI Employee scheduled run complete
---
[2026-07-15 06:05:02] Starting AI Employee scheduled run
[2026-07-15 06:05:02] Running reasoning loop...
2026-07-15 06:05:04,076 - ReasoningLoop - INFO - No new items to process
[2026-07-15 06:05:04] Running approval orchestrator...
[2026-07-15 06:05:05] AI Employee scheduled run complete
---
[2026-07-15 06:10:02] Starting AI Employee scheduled run
[2026-07-15 06:10:02] Running reasoning loop...
2026-07-15 06:10:04,136 - ReasoningLoop - INFO - No new items to process
[2026-07-15 06:10:04] Running approval orchestrator...
[2026-07-15 06:10:05] AI Employee scheduled run complete
---
[2026-07-15 06:15:03] Starting AI Employee scheduled run
[2026-07-15 06:15:03] Running reasoning loop...
2026-07-15 06:15:03,915 - ReasoningLoop - INFO - No new items to process
[2026-07-15 06:15:03] Running approval orchestrator...
[2026-07-15 06:15:04] AI Employee scheduled run complete
---
[2026-07-15 06:20:01] Starting AI Employee scheduled run
[2026-07-15 06:20:02] Running reasoning loop...
2026-07-15 06:20:02,832 - ReasoningLoop - INFO - No new items to process
[2026-07-15 06:20:02] Running approval orchestrator...
[2026-07-15 18:45:03] Starting AI Employee scheduled run
[2026-07-15 18:45:03] Running reasoning loop...
2026-07-15 18:45:05,995 - ReasoningLoop - INFO - No new items to process
[2026-07-15 18:45:06] Running approval orchestrator...
[2026-07-15 18:45:07] AI Employee scheduled run complete
---
[2026-07-15 18:50:03] Starting AI Employee scheduled run
[2026-07-15 18:50:03] Running reasoning loop...
2026-07-15 18:50:05,228 - ReasoningLoop - INFO - No new items to process
[2026-07-15 18:50:05] Running approval orchestrator...
[2026-07-15 18:50:06] AI Employee scheduled run complete
---
[2026-07-15 18:55:03] Starting AI Employee scheduled run
[2026-07-15 18:55:03] Running reasoning loop...
2026-07-15 18:55:04,861 - ReasoningLoop - INFO - No new items to process
[2026-07-15 18:55:04] Running approval orchestrator...
[2026-07-15 18:55:05] AI Employee scheduled run complete
---
[2026-07-15 19:00:03] Starting AI Employee scheduled run
[2026-07-15 19:00:03] Running reasoning loop...
2026-07-15 19:00:05,238 - ReasoningLoop - INFO - No new items to process
[2026-07-15 19:00:05] Running approval orchestrator...
[2026-07-15 19:00:07] AI Employee scheduled run complete
---
[2026-07-15 19:05:03] Starting AI Employee scheduled run
[2026-07-15 19:05:03] Running reasoning loop...
2026-07-15 19:05:05,337 - ReasoningLoop - INFO - No new items to process
[2026-07-15 19:05:05] Running approval orchestrator...
[2026-07-15 19:05:06] AI Employee scheduled run complete
---
[2026-07-15 19:10:04] Starting AI Employee scheduled run
[2026-07-15 19:10:04] Running reasoning loop...
2026-07-15 19:10:04,912 - ReasoningLoop - INFO - No new items to process
[2026-07-15 19:10:04] Running approval orchestrator...
[2026-07-15 19:10:05] AI Employee scheduled run complete
---
[2026-07-15 19:15:04] Starting AI Employee scheduled run
[2026-07-15 19:15:04] Running reasoning loop...
2026-07-15 19:15:05,958 - ReasoningLoop - INFO - No new items to process
[2026-07-15 19:15:05] Running approval orchestrator...
[2026-07-15 19:15:07] AI Employee scheduled run complete
---
[2026-07-15 19:20:05] Starting AI Employee scheduled run
[2026-07-15 19:20:05] Running reasoning loop...
2026-07-15 19:20:31,877 - ReasoningLoop - INFO - No new items to process
[2026-07-15 19:20:32] Running approval orchestrator...
[2026-07-15 19:20:43] AI Employee scheduled run complete
---
[2026-07-15 19:25:04] Starting AI Employee scheduled run
[2026-07-15 19:25:04] Running reasoning loop...
2026-07-15 19:25:15,466 - ReasoningLoop - INFO - No new items to process
[2026-07-15 19:25:15] Running approval orchestrator...
[2026-07-15 19:25:25] AI Employee scheduled run complete
---
[2026-07-15 19:30:04] Starting AI Employee scheduled run
[2026-07-15 19:30:04] Running reasoning loop...
2026-07-15 19:30:08,490 - ReasoningLoop - INFO - No new items to process
[2026-07-15 19:30:08] Running approval orchestrator...
[2026-07-15 19:30:10] AI Employee scheduled run complete
---
[2026-07-15 19:35:04] Starting AI Employee scheduled run
[2026-07-15 19:35:04] Running reasoning loop...
2026-07-15 19:35:06,199 - ReasoningLoop - INFO - No new items to process
[2026-07-15 19:35:06] Running approval orchestrator...
[2026-07-15 19:35:07] AI Employee scheduled run complete
---
[2026-07-15 19:40:02] Starting AI Employee scheduled run
[2026-07-15 19:40:02] Running reasoning loop...
2026-07-15 19:40:03,631 - ReasoningLoop - INFO - No new items to process
[2026-07-15 19:40:03] Running approval orchestrator...
[2026-07-15 19:40:06] AI Employee scheduled run complete
---
[2026-07-15 19:45:04] Starting AI Employee scheduled run
[2026-07-15 19:45:04] Running reasoning loop...
2026-07-15 19:45:09,428 - ReasoningLoop - INFO - No new items to process
[2026-07-15 19:45:09] Running approval orchestrator...
[2026-07-15 19:45:11] AI Employee scheduled run complete
---
[2026-07-15 19:50:04] Starting AI Employee scheduled run
[2026-07-15 19:50:04] Running reasoning loop...
2026-07-15 19:50:06,298 - ReasoningLoop - INFO - No new items to process
[2026-07-15 19:50:06] Running approval orchestrator...
[2026-07-15 19:50:07] AI Employee scheduled run complete
---
[2026-07-15 19:55:04] Starting AI Employee scheduled run
[2026-07-15 19:55:04] Running reasoning loop...
2026-07-15 19:55:06,601 - ReasoningLoop - INFO - No new items to process
[2026-07-15 19:55:06] Running approval orchestrator...
[2026-07-15 19:55:08] AI Employee scheduled run complete
---
[2026-07-15 20:00:04] Starting AI Employee scheduled run
[2026-07-15 20:00:04] Running reasoning loop...
2026-07-15 20:00:06,826 - ReasoningLoop - INFO - No new items to process
[2026-07-15 20:00:06] Running approval orchestrator...
[2026-07-15 20:00:08] AI Employee scheduled run complete
---
[2026-07-15 20:05:05] Starting AI Employee scheduled run
[2026-07-15 20:05:05] Running reasoning loop...
2026-07-15 20:05:06,619 - ReasoningLoop - INFO - No new items to process
[2026-07-15 20:05:06] Running approval orchestrator...
[2026-07-15 20:05:08] AI Employee scheduled run complete
---
[2026-07-15 20:10:04] Starting AI Employee scheduled run
[2026-07-15 20:10:04] Running reasoning loop...
2026-07-15 20:10:06,496 - ReasoningLoop - INFO - No new items to process
[2026-07-15 20:10:06] Running approval orchestrator...
[2026-07-15 20:10:08] AI Employee scheduled run complete
---
[2026-07-15 20:15:04] Starting AI Employee scheduled run
[2026-07-15 20:15:04] Running reasoning loop...
2026-07-15 20:15:05,339 - ReasoningLoop - INFO - No new items to process
[2026-07-15 20:15:05] Running approval orchestrator...
[2026-07-15 20:15:06] AI Employee scheduled run complete
---
[2026-07-15 20:20:04] Starting AI Employee scheduled run
[2026-07-15 20:20:04] Running reasoning loop...
2026-07-15 20:20:05,532 - ReasoningLoop - INFO - No new items to process
[2026-07-15 20:20:05] Running approval orchestrator...
[2026-07-15 20:20:07] AI Employee scheduled run complete
---
[2026-07-15 20:25:04] Starting AI Employee scheduled run
[2026-07-15 20:25:04] Running reasoning loop...
2026-07-15 20:25:06,113 - ReasoningLoop - INFO - No new items to process
[2026-07-15 20:25:06] Running approval orchestrator...
[2026-07-15 20:25:07] AI Employee scheduled run complete
---
[2026-07-15 20:30:04] Starting AI Employee scheduled run
[2026-07-15 20:30:04] Running reasoning loop...
2026-07-15 20:30:05,570 - ReasoningLoop - INFO - No new items to process
[2026-07-15 20:30:05] Running approval orchestrator...
[2026-07-15 20:30:06] AI Employee scheduled run complete
---
[2026-07-15 20:35:04] Starting AI Employee scheduled run
[2026-07-15 20:35:04] Running reasoning loop...
2026-07-15 20:35:06,234 - ReasoningLoop - INFO - No new items to process
[2026-07-15 20:35:06] Running approval orchestrator...
[2026-07-15 20:35:07] AI Employee scheduled run complete
---
[2026-07-15 20:40:03] Starting AI Employee scheduled run
[2026-07-15 20:40:03] Running reasoning loop...
2026-07-15 20:40:05,931 - ReasoningLoop - INFO - No new items to process
[2026-07-15 20:40:06] Running approval orchestrator...
[2026-07-15 20:40:07] AI Employee scheduled run complete
---
[2026-07-15 20:45:04] Starting AI Employee scheduled run
[2026-07-15 20:45:04] Running reasoning loop...
2026-07-15 20:45:05,807 - ReasoningLoop - INFO - No new items to process
[2026-07-15 20:45:05] Running approval orchestrator...
[2026-07-15 20:45:07] AI Employee scheduled run complete
---
[2026-07-15 20:50:02] Starting AI Employee scheduled run
[2026-07-15 20:50:02] Running reasoning loop...
2026-07-15 20:50:09,532 - ReasoningLoop - INFO - No new items to process
[2026-07-15 20:50:09] Running approval orchestrator...
[2026-07-15 20:50:12] AI Employee scheduled run complete
---
[2026-07-15 20:55:05] Starting AI Employee scheduled run
[2026-07-15 20:55:05] Running reasoning loop...
2026-07-15 20:55:06,259 - ReasoningLoop - INFO - No new items to process
[2026-07-15 20:55:06] Running approval orchestrator...
[2026-07-15 20:55:07] AI Employee scheduled run complete
---
[2026-07-15 21:00:02] Starting AI Employee scheduled run
[2026-07-15 21:00:02] Running reasoning loop...
2026-07-15 21:00:03,490 - ReasoningLoop - INFO - No new items to process
[2026-07-15 21:00:03] Running approval orchestrator...
[2026-07-15 21:00:04] AI Employee scheduled run complete
---
[2026-07-15 21:05:04] Starting AI Employee scheduled run
[2026-07-15 21:05:04] Running reasoning loop...
2026-07-15 21:05:06,374 - ReasoningLoop - INFO - No new items to process
[2026-07-15 21:05:06] Running approval orchestrator...
[2026-07-15 21:05:08] AI Employee scheduled run complete
---
[2026-07-15 21:10:04] Starting AI Employee scheduled run
[2026-07-15 21:10:04] Running reasoning loop...
2026-07-15 21:10:06,096 - ReasoningLoop - INFO - No new items to process
[2026-07-15 21:10:06] Running approval orchestrator...
[2026-07-15 21:10:11] AI Employee scheduled run complete
---
[2026-07-15 21:15:04] Starting AI Employee scheduled run
[2026-07-15 21:15:04] Running reasoning loop...
2026-07-15 21:15:07,162 - ReasoningLoop - INFO - No new items to process
[2026-07-15 21:15:07] Running approval orchestrator...
[2026-07-15 21:15:08] AI Employee scheduled run complete
---
[2026-07-15 21:20:04] Starting AI Employee scheduled run
[2026-07-15 21:20:04] Running reasoning loop...
2026-07-15 21:20:05,996 - ReasoningLoop - INFO - No new items to process
[2026-07-15 21:20:06] Running approval orchestrator...
[2026-07-15 21:20:07] AI Employee scheduled run complete
---
