[2026-05-11 19:50:01] Starting AI Employee scheduled run
[2026-05-11 19:50:01] Running reasoning loop...
2026-05-11 19:50:03,909 - ReasoningLoop - INFO - No new items to process
[2026-05-11 19:50:03] Running approval orchestrator...
[2026-05-11 19:50:05] AI Employee scheduled run complete
---
[2026-05-11 19:55:03] Starting AI Employee scheduled run
[2026-05-11 19:55:03] Running reasoning loop...
2026-05-11 19:55:03,931 - ReasoningLoop - INFO - No new items to process
[2026-05-11 19:55:03] Running approval orchestrator...
[2026-05-11 19:55:04] AI Employee scheduled run complete
---
[2026-05-11 20:00:03] Starting AI Employee scheduled run
[2026-05-11 20:00:03] Running reasoning loop...
2026-05-11 20:00:03,984 - ReasoningLoop - INFO - No new items to process
[2026-05-11 20:00:04] Running approval orchestrator...
[2026-05-11 20:00:04] AI Employee scheduled run complete
---
[2026-05-11 20:05:03] Starting AI Employee scheduled run
[2026-05-11 20:05:03] Running reasoning loop...
2026-05-11 20:05:05,418 - ReasoningLoop - INFO - No new items to process
[2026-05-11 20:05:05] Running approval orchestrator...
[2026-05-11 20:05:06] AI Employee scheduled run complete
---
[2026-05-11 20:10:03] Starting AI Employee scheduled run
[2026-05-11 20:10:03] Running reasoning loop...
2026-05-11 20:10:04,899 - ReasoningLoop - INFO - No new items to process
[2026-05-11 20:10:04] Running approval orchestrator...
[2026-05-11 20:10:06] AI Employee scheduled run complete
---
[2026-05-11 20:15:03] Starting AI Employee scheduled run
[2026-05-11 20:15:03] Running reasoning loop...
2026-05-11 20:15:04,808 - ReasoningLoop - INFO - No new items to process
[2026-05-11 20:15:04] Running approval orchestrator...
[2026-05-11 20:15:05] AI Employee scheduled run complete
---
[2026-05-11 20:20:03] Starting AI Employee scheduled run
[2026-05-11 20:20:03] Running reasoning loop...
2026-05-11 20:20:05,313 - ReasoningLoop - INFO - Processing: FILE_20260511_201941_01_test_bronze.md
2026-05-11 20:20:05,330 - ReasoningLoop - INFO - Created plan: PLAN_20260511_202005_FILE_20260511_201941_01_test_b.md
2026-05-11 20:20:05,349 - ReasoningLoop - INFO - Processed 1 item(s)
[2026-05-11 20:20:05] Running approval orchestrator...
[2026-05-11 20:20:07] AI Employee scheduled run complete
---
[2026-05-11 20:25:03] Starting AI Employee scheduled run
[2026-05-11 20:25:03] Running reasoning loop...
2026-05-11 20:25:06,499 - ReasoningLoop - INFO - No new items to process
[2026-05-11 20:25:06] Running approval orchestrator...
[2026-05-11 20:25:08] AI Employee scheduled run complete
---
[2026-05-11 20:30:04] Starting AI Employee scheduled run
[2026-05-11 20:30:04] Running reasoning loop...
2026-05-11 20:30:05,174 - ReasoningLoop - INFO - No new items to process
[2026-05-11 20:30:05] Running approval orchestrator...
[2026-05-11 20:30:05] AI Employee scheduled run complete
---
[2026-05-11 20:35:03] Starting AI Employee scheduled run
[2026-05-11 20:35:03] Running reasoning loop...
2026-05-11 20:35:04,898 - ReasoningLoop - INFO - No new items to process
[2026-05-11 20:35:04] Running approval orchestrator...
[2026-05-11 20:35:05] AI Employee scheduled run complete
---
[2026-05-11 20:40:03] Starting AI Employee scheduled run
[2026-05-11 20:40:03] Running reasoning loop...
2026-05-11 20:40:04,475 - ReasoningLoop - INFO - No new items to process
[2026-05-11 20:40:04] Running approval orchestrator...
[2026-05-11 20:40:05] AI Employee scheduled run complete
---
[2026-05-11 20:45:03] Starting AI Employee scheduled run
[2026-05-11 20:45:03] Running reasoning loop...
2026-05-11 20:45:04,368 - ReasoningLoop - INFO - No new items to process
[2026-05-11 20:45:04] Running approval orchestrator...
[2026-05-11 20:45:04] AI Employee scheduled run complete
---
[2026-05-11 20:50:03] Starting AI Employee scheduled run
[2026-05-11 20:50:03] Running reasoning loop...
2026-05-11 20:50:04,747 - ReasoningLoop - INFO - Processing: EMAIL_20260511_204545_Get_real_help_not_just_answers.md
2026-05-11 20:50:04,763 - ReasoningLoop - INFO - Created plan: PLAN_20260511_205004_EMAIL_20260511_204545_Get_real.md
2026-05-11 20:50:04,770 - ReasoningLoop - INFO - Created approval request: APPROVAL_20260511_205004_EMAIL_20260511_204545_Get_real.md
2026-05-11 20:50:04,782 - ReasoningLoop - INFO - Processing: EMAIL_20260511_204545_Welcome_to_Facebook.md
2026-05-11 20:50:04,791 - ReasoningLoop - INFO - Created plan: PLAN_20260511_205004_EMAIL_20260511_204545_Welcome_.md
2026-05-11 20:50:04,801 - ReasoningLoop - INFO - Created approval request: APPROVAL_20260511_205004_EMAIL_20260511_204545_Welcome_.md
2026-05-11 20:50:04,813 - ReasoningLoop - INFO - Processing: EMAIL_20260511_204546_Reimagine_your_photos_with_jus.md
2026-05-11 20:50:04,822 - ReasoningLoop - INFO - Created plan: PLAN_20260511_205004_EMAIL_20260511_204546_Reimagin.md
2026-05-11 20:50:04,827 - ReasoningLoop - INFO - Created approval request: APPROVAL_20260511_205004_EMAIL_20260511_204546_Reimagin.md
2026-05-11 20:50:04,842 - ReasoningLoop - INFO - Processed 3 item(s)
[2026-05-11 20:50:04] Running approval orchestrator...
[2026-05-11 20:50:06] AI Employee scheduled run complete
---
[2026-05-11 20:55:04] Starting AI Employee scheduled run
[2026-05-11 20:55:04] Running reasoning loop...
2026-05-11 20:55:05,033 - ReasoningLoop - INFO - No new items to process
[2026-05-11 20:55:05] Running approval orchestrator...
[2026-05-11 20:55:06] AI Employee scheduled run complete
---
[2026-05-11 21:00:03] Starting AI Employee scheduled run
[2026-05-11 21:00:04] Running reasoning loop...
2026-05-11 21:00:05,823 - ReasoningLoop - INFO - No new items to process
[2026-05-11 21:00:05] Running approval orchestrator...
[2026-05-11 21:00:07] AI Employee scheduled run complete
---
[2026-05-11 21:05:04] Starting AI Employee scheduled run
[2026-05-11 21:05:04] Running reasoning loop...
2026-05-11 21:05:05,629 - ReasoningLoop - INFO - No new items to process
[2026-05-11 21:05:05] Running approval orchestrator...
[2026-05-11 21:05:07] AI Employee scheduled run complete
---
[2026-05-11 21:10:03] Starting AI Employee scheduled run
[2026-05-11 21:10:03] Running reasoning loop...
2026-05-11 21:10:04,910 - ReasoningLoop - INFO - No new items to process
[2026-05-11 21:10:04] Running approval orchestrator...
[2026-05-11 21:10:06] AI Employee scheduled run complete
---
[2026-05-11 21:15:03] Starting AI Employee scheduled run
[2026-05-11 21:15:03] Running reasoning loop...
2026-05-11 21:15:04,360 - ReasoningLoop - INFO - Processing: FILE_20260511_211419_test_bronz_tier_done.md
2026-05-11 21:15:04,370 - ReasoningLoop - INFO - Created plan: PLAN_20260511_211504_FILE_20260511_211419_test_bron.md
2026-05-11 21:15:04,389 - ReasoningLoop - INFO - Processed 1 item(s)
[2026-05-11 21:15:04] Running approval orchestrator...
[2026-05-11 21:15:05] AI Employee scheduled run complete
---
[2026-05-11 21:20:04] Starting AI Employee scheduled run
[2026-05-11 21:20:04] Running reasoning loop...
2026-05-11 21:20:05,197 - ReasoningLoop - INFO - Processing: EMAIL_20260511_211919_Fwd_Gmail_Watcher_Test.md
2026-05-11 21:20:05,214 - ReasoningLoop - INFO - Created plan: PLAN_20260511_212005_EMAIL_20260511_211919_Fwd_Gmai.md
2026-05-11 21:20:05,225 - ReasoningLoop - INFO - Created approval request: APPROVAL_20260511_212005_EMAIL_20260511_211919_Fwd_Gmai.md
2026-05-11 21:20:05,242 - ReasoningLoop - INFO - Processed 1 item(s)
[2026-05-11 21:20:05] Running approval orchestrator...
[2026-05-11 21:20:06] AI Employee scheduled run complete
---
[2026-05-11 21:25:03] Starting AI Employee scheduled run
[2026-05-11 21:25:03] Running reasoning loop...
2026-05-11 21:25:04,722 - ReasoningLoop - INFO - No new items to process
[2026-05-11 21:25:04] Running approval orchestrator...
[2026-05-11 21:25:06] AI Employee scheduled run complete
---
[2026-05-11 21:30:03] Starting AI Employee scheduled run
[2026-05-11 21:30:03] Running reasoning loop...
2026-05-11 21:30:04,463 - ReasoningLoop - INFO - No new items to process
[2026-05-11 21:30:04] Running approval orchestrator...
[2026-05-11 21:30:05] AI Employee scheduled run complete
---
[2026-05-11 21:35:04] Starting AI Employee scheduled run
[2026-05-11 21:35:04] Running reasoning loop...
2026-05-11 21:35:05,622 - ReasoningLoop - INFO - No new items to process
[2026-05-11 21:35:05] Running approval orchestrator...
[2026-05-11 21:35:06] AI Employee scheduled run complete
---
[2026-05-11 21:40:03] Starting AI Employee scheduled run
[2026-05-11 21:40:03] Running reasoning loop...
2026-05-11 21:40:05,656 - ReasoningLoop - INFO - No new items to process
[2026-05-11 21:40:05] Running approval orchestrator...
[2026-05-11 21:40:07] AI Employee scheduled run complete
---
[2026-05-11 21:45:03] Starting AI Employee scheduled run
[2026-05-11 21:45:03] Running reasoning loop...
2026-05-11 21:45:03,894 - ReasoningLoop - INFO - No new items to process
[2026-05-11 21:45:03] Running approval orchestrator...
[2026-05-11 21:45:04] AI Employee scheduled run complete
---
[2026-05-11 21:50:03] Starting AI Employee scheduled run
[2026-05-11 21:50:03] Running reasoning loop...
2026-05-11 21:50:04,969 - ReasoningLoop - INFO - No new items to process
[2026-05-11 21:50:04] Running approval orchestrator...
[2026-05-11 21:50:06] AI Employee scheduled run complete
---
[2026-05-11 21:55:04] Starting AI Employee scheduled run
[2026-05-11 21:55:04] Running reasoning loop...
2026-05-11 21:55:05,622 - ReasoningLoop - INFO - No new items to process
[2026-05-11 21:55:05] Running approval orchestrator...
[2026-05-11 21:55:06] AI Employee scheduled run complete
---
[2026-05-11 22:00:03] Starting AI Employee scheduled run
[2026-05-11 22:00:03] Running reasoning loop...
2026-05-11 22:00:04,781 - ReasoningLoop - INFO - No new items to process
[2026-05-11 22:00:04] Running approval orchestrator...
[2026-05-11 22:00:05] AI Employee scheduled run complete
---
[2026-05-11 22:05:03] Starting AI Employee scheduled run
[2026-05-11 22:05:03] Running reasoning loop...
2026-05-11 22:05:05,139 - ReasoningLoop - INFO - No new items to process
[2026-05-11 22:05:05] Running approval orchestrator...
[2026-05-11 22:05:06] AI Employee scheduled run complete
---
[2026-05-11 22:10:03] Starting AI Employee scheduled run
[2026-05-11 22:10:03] Running reasoning loop...
2026-05-11 22:10:04,611 - ReasoningLoop - INFO - No new items to process
[2026-05-11 22:10:04] Running approval orchestrator...
[2026-05-11 22:10:05] AI Employee scheduled run complete
---
[2026-05-11 22:15:03] Starting AI Employee scheduled run
[2026-05-11 22:15:03] Running reasoning loop...
2026-05-11 22:15:05,095 - ReasoningLoop - INFO - No new items to process
[2026-05-11 22:15:05] Running approval orchestrator...
[2026-05-11 22:15:06] AI Employee scheduled run complete
---
[2026-05-11 22:20:03] Starting AI Employee scheduled run
[2026-05-11 22:20:03] Running reasoning loop...
2026-05-11 22:20:04,470 - ReasoningLoop - INFO - No new items to process
[2026-05-11 22:20:04] Running approval orchestrator...
[2026-05-11 22:20:05] AI Employee scheduled run complete
---
[2026-05-11 22:25:04] Starting AI Employee scheduled run
[2026-05-11 22:25:04] Running reasoning loop...
2026-05-11 22:25:05,827 - ReasoningLoop - INFO - No new items to process
[2026-05-11 22:25:05] Running approval orchestrator...
[2026-05-11 22:25:07] AI Employee scheduled run complete
---
[2026-05-11 22:30:03] Starting AI Employee scheduled run
[2026-05-11 22:30:03] Running reasoning loop...
2026-05-11 22:30:06,025 - ReasoningLoop - INFO - No new items to process
[2026-05-11 22:30:06] Running approval orchestrator...
[2026-05-11 22:30:07] AI Employee scheduled run complete
---
[2026-05-11 22:35:04] Starting AI Employee scheduled run
[2026-05-11 22:35:04] Running reasoning loop...
2026-05-11 22:35:05,882 - ReasoningLoop - INFO - No new items to process
[2026-05-11 22:35:05] Running approval orchestrator...
[2026-05-11 22:35:07] AI Employee scheduled run complete
---
[2026-05-11 22:40:03] Starting AI Employee scheduled run
[2026-05-11 22:40:03] Running reasoning loop...
2026-05-11 22:40:05,600 - ReasoningLoop - INFO - No new items to process
[2026-05-11 22:40:05] Running approval orchestrator...
[2026-05-11 22:40:06] AI Employee scheduled run complete
---
[2026-05-11 22:50:01] Starting AI Employee scheduled run
[2026-05-11 22:50:01] Running reasoning loop...
2026-05-11 22:50:05,180 - ReasoningLoop - INFO - No new items to process
[2026-05-11 22:50:05] Running approval orchestrator...
[2026-05-11 22:50:06] AI Employee scheduled run complete
---
[2026-05-11 22:55:01] Starting AI Employee scheduled run
[2026-05-11 22:55:01] Running reasoning loop...
2026-05-11 22:55:03,803 - ReasoningLoop - INFO - No new items to process
[2026-05-11 22:55:03] Running approval orchestrator...
[2026-05-11 22:55:05] AI Employee scheduled run complete
---
[2026-05-11 23:00:01] Starting AI Employee scheduled run
[2026-05-11 23:00:01] Running reasoning loop...
2026-05-11 23:00:02,894 - ReasoningLoop - INFO - No new items to process
[2026-05-11 23:00:02] Running approval orchestrator...
[2026-05-11 23:00:03] AI Employee scheduled run complete
---
[2026-05-11 23:05:01] Starting AI Employee scheduled run
[2026-05-11 23:05:01] Running reasoning loop...
2026-05-11 23:05:02,824 - ReasoningLoop - INFO - No new items to process
[2026-05-11 23:05:02] Running approval orchestrator...
[2026-05-11 23:05:03] AI Employee scheduled run complete
---
[2026-05-11 23:10:02] Starting AI Employee scheduled run
[2026-05-11 23:10:02] Running reasoning loop...
2026-05-11 23:10:03,536 - ReasoningLoop - INFO - No new items to process
[2026-05-11 23:10:03] Running approval orchestrator...
[2026-05-11 23:10:04] AI Employee scheduled run complete
---
[2026-05-11 23:15:01] Starting AI Employee scheduled run
[2026-05-11 23:15:01] Running reasoning loop...
2026-05-11 23:15:03,423 - ReasoningLoop - INFO - No new items to process
[2026-05-11 23:15:03] Running approval orchestrator...
[2026-05-11 23:15:04] AI Employee scheduled run complete
---
[2026-05-11 23:20:01] Starting AI Employee scheduled run
[2026-05-11 23:20:01] Running reasoning loop...
2026-05-11 23:20:02,599 - ReasoningLoop - INFO - No new items to process
[2026-05-11 23:20:02] Running approval orchestrator...
[2026-05-11 23:20:03] AI Employee scheduled run complete
---
[2026-05-11 23:35:01] Starting AI Employee scheduled run
[2026-05-11 23:35:01] Running reasoning loop...
2026-05-11 23:35:03,035 - ReasoningLoop - INFO - No new items to process
[2026-05-11 23:35:03] Running approval orchestrator...
[2026-05-11 23:35:03] AI Employee scheduled run complete
---
[2026-05-11 23:40:01] Starting AI Employee scheduled run
[2026-05-11 23:40:01] Running reasoning loop...
2026-05-11 23:40:03,148 - ReasoningLoop - INFO - No new items to process
[2026-05-11 23:40:03] Running approval orchestrator...
[2026-05-11 23:40:04] AI Employee scheduled run complete
---
[2026-05-11 23:45:01] Starting AI Employee scheduled run
[2026-05-11 23:45:01] Running reasoning loop...
2026-05-11 23:45:03,473 - ReasoningLoop - INFO - No new items to process
[2026-05-11 23:45:03] Running approval orchestrator...
[2026-05-11 23:45:04] AI Employee scheduled run complete
---
[2026-05-11 23:50:01] Starting AI Employee scheduled run
[2026-05-11 23:50:01] Running reasoning loop...
2026-05-11 23:50:02,710 - ReasoningLoop - INFO - No new items to process
[2026-05-11 23:50:02] Running approval orchestrator...
[2026-05-11 23:50:03] AI Employee scheduled run complete
---
[2026-05-11 23:55:01] Starting AI Employee scheduled run
[2026-05-11 23:55:01] Running reasoning loop...
2026-05-11 23:55:03,284 - ReasoningLoop - INFO - No new items to process
[2026-05-11 23:55:03] Running approval orchestrator...
[2026-05-11 23:55:04] AI Employee scheduled run complete
---
