[2026-06-01 19:20:01] Starting AI Employee scheduled run
[2026-06-01 19:20:01] Running reasoning loop...
2026-06-01 19:20:05,577 - ReasoningLoop - INFO - No new items to process
[2026-06-01 19:20:05] Running approval orchestrator...
[2026-06-01 19:20:07] AI Employee scheduled run complete
---
[2026-06-01 19:25:01] Starting AI Employee scheduled run
[2026-06-01 19:25:01] Running reasoning loop...
2026-06-01 19:25:03,596 - ReasoningLoop - INFO - No new items to process
[2026-06-01 19:25:03] Running approval orchestrator...
[2026-06-01 19:25:05] AI Employee scheduled run complete
---
[2026-06-01 19:30:01] Starting AI Employee scheduled run
[2026-06-01 19:30:01] Running reasoning loop...
2026-06-01 19:30:03,166 - ReasoningLoop - INFO - No new items to process
[2026-06-01 19:30:03] Running approval orchestrator...
[2026-06-01 19:30:04] AI Employee scheduled run complete
---
[2026-06-01 19:35:01] Starting AI Employee scheduled run
[2026-06-01 19:35:01] Running reasoning loop...
2026-06-01 19:35:02,178 - ReasoningLoop - INFO - No new items to process
[2026-06-01 19:35:02] Running approval orchestrator...
[2026-06-01 19:35:03] AI Employee scheduled run complete
---
[2026-06-01 19:40:01] Starting AI Employee scheduled run
[2026-06-01 19:40:01] Running reasoning loop...
2026-06-01 19:40:02,294 - ReasoningLoop - INFO - No new items to process
[2026-06-01 19:40:02] Running approval orchestrator...
[2026-06-01 19:40:03] AI Employee scheduled run complete
---
[2026-06-01 19:45:01] Starting AI Employee scheduled run
[2026-06-01 19:45:01] Running reasoning loop...
2026-06-01 19:45:03,495 - ReasoningLoop - INFO - No new items to process
[2026-06-01 19:45:03] Running approval orchestrator...
[2026-06-01 19:45:05] AI Employee scheduled run complete
---
[2026-06-01 19:50:01] Starting AI Employee scheduled run
[2026-06-01 19:50:01] Running reasoning loop...
2026-06-01 19:50:02,158 - ReasoningLoop - INFO - Processing: DEMO_ACTION_20260601_194651.md
2026-06-01 19:50:02,164 - ReasoningLoop - INFO - Created plan: PLAN_20260601_195002_DEMO_ACTION_20260601_194651.md
2026-06-01 19:50:02,176 - ReasoningLoop - INFO - Processed 1 item(s)
[2026-06-01 19:50:02] Running approval orchestrator...
[2026-06-01 19:50:02] AI Employee scheduled run complete
---
[2026-06-01 19:55:01] Starting AI Employee scheduled run
[2026-06-01 19:55:01] Running reasoning loop...
2026-06-01 19:55:02,600 - ReasoningLoop - INFO - No new items to process
[2026-06-01 19:55:02] Running approval orchestrator...
[2026-06-01 19:55:03] AI Employee scheduled run complete
---
[2026-06-01 20:00:01] Starting AI Employee scheduled run
[2026-06-01 20:00:01] Running reasoning loop...
2026-06-01 20:00:01,895 - ReasoningLoop - INFO - No new items to process
[2026-06-01 20:00:01] Running approval orchestrator...
[2026-06-01 20:00:02] AI Employee scheduled run complete
---
[2026-06-01 20:05:01] Starting AI Employee scheduled run
[2026-06-01 20:05:01] Running reasoning loop...
2026-06-01 20:05:02,528 - ReasoningLoop - INFO - No new items to process
[2026-06-01 20:05:02] Running approval orchestrator...
[2026-06-01 20:05:03] AI Employee scheduled run complete
---
[2026-06-01 20:10:01] Starting AI Employee scheduled run
[2026-06-01 20:10:01] Running reasoning loop...
2026-06-01 20:10:02,225 - ReasoningLoop - INFO - No new items to process
[2026-06-01 20:10:02] Running approval orchestrator...
[2026-06-01 20:10:03] AI Employee scheduled run complete
---
