[2026-05-19 01:35:05] Starting AI Employee scheduled run
[2026-05-19 01:35:05] Running reasoning loop...
2026-05-19 01:35:07,261 - ReasoningLoop - INFO - No new items to process
[2026-05-19 01:35:07] Running approval orchestrator...
[2026-05-19 01:35:08] AI Employee scheduled run complete
---
[2026-05-19 01:40:03] Starting AI Employee scheduled run
[2026-05-19 01:40:03] Running reasoning loop...
2026-05-19 01:40:04,181 - ReasoningLoop - INFO - No new items to process
[2026-05-19 01:40:04] Running approval orchestrator...
[2026-05-19 01:40:05] AI Employee scheduled run complete
---
[2026-05-19 01:45:06] Starting AI Employee scheduled run
[2026-05-19 01:45:06] Running reasoning loop...
2026-05-19 01:45:06,907 - ReasoningLoop - INFO - No new items to process
[2026-05-19 01:45:06] Running approval orchestrator...
[2026-05-19 01:45:07] AI Employee scheduled run complete
---
[2026-05-19 01:50:06] Starting AI Employee scheduled run
[2026-05-19 01:50:06] Running reasoning loop...
2026-05-19 01:50:06,826 - ReasoningLoop - INFO - No new items to process
[2026-05-19 01:50:06] Running approval orchestrator...
[2026-05-19 01:50:07] AI Employee scheduled run complete
---
[2026-05-19 01:55:03] Starting AI Employee scheduled run
[2026-05-19 01:55:03] Running reasoning loop...
2026-05-19 01:55:05,134 - ReasoningLoop - INFO - No new items to process
[2026-05-19 01:55:05] Running approval orchestrator...
[2026-05-19 01:55:06] AI Employee scheduled run complete
---
[2026-05-19 02:00:06] Starting AI Employee scheduled run
[2026-05-19 02:00:06] Running reasoning loop...
2026-05-19 02:00:07,478 - ReasoningLoop - INFO - Processing: FILE_20260519_015835_gold_demo.md
2026-05-19 02:00:07,502 - ReasoningLoop - INFO - Created plan: PLAN_20260519_020007_FILE_20260519_015835_gold_demo.md
2026-05-19 02:00:07,513 - ReasoningLoop - INFO - Processed 1 item(s)
[2026-05-19 02:00:07] Running approval orchestrator...
[2026-05-19 02:00:08] AI Employee scheduled run complete
---
[2026-05-19 02:05:06] Starting AI Employee scheduled run
[2026-05-19 02:05:06] Running reasoning loop...
2026-05-19 02:05:07,384 - ReasoningLoop - INFO - No new items to process
[2026-05-19 02:05:07] Running approval orchestrator...
[2026-05-19 02:05:08] AI Employee scheduled run complete
---
[2026-05-19 02:10:06] Starting AI Employee scheduled run
[2026-05-19 02:10:06] Running reasoning loop...
2026-05-19 02:10:07,593 - ReasoningLoop - INFO - No new items to process
[2026-05-19 02:10:07] Running approval orchestrator...
[2026-05-19 02:10:08] AI Employee scheduled run complete
---
[2026-05-19 02:15:04] Starting AI Employee scheduled run
[2026-05-19 02:15:04] Running reasoning loop...
2026-05-19 02:15:05,436 - ReasoningLoop - INFO - No new items to process
[2026-05-19 02:15:05] Running approval orchestrator...
[2026-05-19 02:15:09] AI Employee scheduled run complete
---
[2026-05-19 02:20:06] Starting AI Employee scheduled run
[2026-05-19 02:20:06] Running reasoning loop...
2026-05-19 02:20:07,689 - ReasoningLoop - INFO - No new items to process
[2026-05-19 02:20:07] Running approval orchestrator...
[2026-05-19 02:20:08] AI Employee scheduled run complete
---
[2026-05-19 02:25:06] Starting AI Employee scheduled run
[2026-05-19 02:25:06] Running reasoning loop...
2026-05-19 02:25:07,588 - ReasoningLoop - INFO - No new items to process
[2026-05-19 02:25:07] Running approval orchestrator...
[2026-05-19 02:25:08] AI Employee scheduled run complete
---
[2026-05-19 02:30:06] Starting AI Employee scheduled run
[2026-05-19 02:30:06] Running reasoning loop...
2026-05-19 02:30:07,304 - ReasoningLoop - INFO - No new items to process
[2026-05-19 02:30:07] Running approval orchestrator...
[2026-05-19 02:30:08] AI Employee scheduled run complete
---
[2026-05-19 02:35:06] Starting AI Employee scheduled run
[2026-05-19 02:35:06] Running reasoning loop...
2026-05-19 02:35:07,845 - ReasoningLoop - INFO - No new items to process
[2026-05-19 02:35:07] Running approval orchestrator...
[2026-05-19 02:35:08] AI Employee scheduled run complete
---
[2026-05-19 02:40:06] Starting AI Employee scheduled run
[2026-05-19 02:40:06] Running reasoning loop...
2026-05-19 02:40:08,005 - ReasoningLoop - INFO - No new items to process
[2026-05-19 02:40:08] Running approval orchestrator...
[2026-05-19 02:40:09] AI Employee scheduled run complete
---
[2026-05-19 02:45:06] Starting AI Employee scheduled run
[2026-05-19 02:45:06] Running reasoning loop...
2026-05-19 02:45:07,512 - ReasoningLoop - INFO - No new items to process
[2026-05-19 02:45:07] Running approval orchestrator...
[2026-05-19 02:45:08] AI Employee scheduled run complete
---
[2026-05-19 02:50:06] Starting AI Employee scheduled run
[2026-05-19 02:50:06] Running reasoning loop...
2026-05-19 02:50:07,863 - ReasoningLoop - INFO - No new items to process
[2026-05-19 02:50:07] Running approval orchestrator...
[2026-05-19 02:50:09] AI Employee scheduled run complete
---
[2026-05-19 02:55:07] Starting AI Employee scheduled run
[2026-05-19 02:55:07] Running reasoning loop...
2026-05-19 02:55:08,274 - ReasoningLoop - INFO - No new items to process
[2026-05-19 02:55:08] Running approval orchestrator...
[2026-05-19 02:55:09] AI Employee scheduled run complete
---
[2026-05-19 03:00:04] Starting AI Employee scheduled run
[2026-05-19 03:00:04] Running reasoning loop...
2026-05-19 03:00:05,129 - ReasoningLoop - INFO - No new items to process
[2026-05-19 03:00:05] Running approval orchestrator...
[2026-05-19 03:00:07] AI Employee scheduled run complete
---
[2026-05-19 03:05:06] Starting AI Employee scheduled run
[2026-05-19 03:05:06] Running reasoning loop...
2026-05-19 03:05:07,811 - ReasoningLoop - INFO - No new items to process
[2026-05-19 03:05:07] Running approval orchestrator...
[2026-05-19 03:05:08] AI Employee scheduled run complete
---
[2026-05-19 03:10:06] Starting AI Employee scheduled run
[2026-05-19 03:10:06] Running reasoning loop...
2026-05-19 03:10:08,086 - ReasoningLoop - INFO - No new items to process
[2026-05-19 03:10:08] Running approval orchestrator...
[2026-05-19 03:10:09] AI Employee scheduled run complete
---
[2026-05-19 03:15:06] Starting AI Employee scheduled run
[2026-05-19 03:15:06] Running reasoning loop...
2026-05-19 03:15:07,822 - ReasoningLoop - INFO - No new items to process
[2026-05-19 03:15:07] Running approval orchestrator...
[2026-05-19 03:15:10] AI Employee scheduled run complete
---
[2026-05-19 03:20:06] Starting AI Employee scheduled run
[2026-05-19 03:20:06] Running reasoning loop...
2026-05-19 03:20:07,882 - ReasoningLoop - INFO - No new items to process
[2026-05-19 03:20:07] Running approval orchestrator...
[2026-05-19 03:20:08] AI Employee scheduled run complete
---
[2026-05-19 03:25:06] Starting AI Employee scheduled run
[2026-05-19 03:25:06] Running reasoning loop...
2026-05-19 03:25:08,043 - ReasoningLoop - INFO - Processing: FILE_20260519_032110_gold_demo.md
2026-05-19 03:25:08,063 - ReasoningLoop - INFO - Created plan: PLAN_20260519_032508_FILE_20260519_032110_gold_demo.md
2026-05-19 03:25:08,079 - ReasoningLoop - INFO - Processed 1 item(s)
[2026-05-19 03:25:08] Running approval orchestrator...
[2026-05-19 03:25:09] AI Employee scheduled run complete
---
[2026-05-19 03:30:07] Starting AI Employee scheduled run
[2026-05-19 03:30:07] Running reasoning loop...
2026-05-19 03:30:08,177 - ReasoningLoop - INFO - No new items to process
[2026-05-19 03:30:08] Running approval orchestrator...
[2026-05-19 03:30:09] AI Employee scheduled run complete
---
[2026-05-19 03:35:06] Starting AI Employee scheduled run
[2026-05-19 03:35:06] Running reasoning loop...
2026-05-19 03:35:09,807 - ReasoningLoop - INFO - No new items to process
[2026-05-19 03:35:09] Running approval orchestrator...
[2026-05-19 03:35:10] AI Employee scheduled run complete
---
[2026-05-19 03:40:06] Starting AI Employee scheduled run
[2026-05-19 03:40:06] Running reasoning loop...
2026-05-19 03:40:08,302 - ReasoningLoop - INFO - No new items to process
[2026-05-19 03:40:08] Running approval orchestrator...
[2026-05-19 03:40:09] AI Employee scheduled run complete
---
[2026-05-19 03:45:03] Starting AI Employee scheduled run
[2026-05-19 03:45:03] Running reasoning loop...
2026-05-19 03:45:05,570 - ReasoningLoop - INFO - No new items to process
[2026-05-19 03:45:05] Running approval orchestrator...
[2026-05-19 03:45:07] AI Employee scheduled run complete
---
[2026-05-19 03:50:07] Starting AI Employee scheduled run
[2026-05-19 03:50:07] Running reasoning loop...
2026-05-19 03:50:09,399 - ReasoningLoop - INFO - No new items to process
[2026-05-19 03:50:09] Running approval orchestrator...
[2026-05-19 03:50:10] AI Employee scheduled run complete
---
[2026-05-19 03:55:06] Starting AI Employee scheduled run
[2026-05-19 03:55:06] Running reasoning loop...
2026-05-19 03:55:08,272 - ReasoningLoop - INFO - No new items to process
[2026-05-19 03:55:08] Running approval orchestrator...
[2026-05-19 03:55:10] AI Employee scheduled run complete
---
[2026-05-19 04:00:06] Starting AI Employee scheduled run
[2026-05-19 04:00:06] Running reasoning loop...
2026-05-19 04:00:08,113 - ReasoningLoop - INFO - No new items to process
[2026-05-19 04:00:08] Running approval orchestrator...
[2026-05-19 04:00:09] AI Employee scheduled run complete
---
[2026-05-19 17:15:01] Starting AI Employee scheduled run
[2026-05-19 17:15:01] Running reasoning loop...
2026-05-19 17:15:04,219 - ReasoningLoop - INFO - No new items to process
[2026-05-19 17:15:04] Running approval orchestrator...
[2026-05-19 17:15:05] AI Employee scheduled run complete
---
[2026-05-19 17:20:01] Starting AI Employee scheduled run
[2026-05-19 17:20:01] Running reasoning loop...
2026-05-19 17:20:02,650 - ReasoningLoop - INFO - No new items to process
[2026-05-19 17:20:02] Running approval orchestrator...
[2026-05-19 17:20:03] AI Employee scheduled run complete
---
[2026-05-19 17:25:01] Starting AI Employee scheduled run
[2026-05-19 17:25:01] Running reasoning loop...
2026-05-19 17:25:02,840 - ReasoningLoop - INFO - No new items to process
[2026-05-19 17:25:02] Running approval orchestrator...
[2026-05-19 17:25:03] AI Employee scheduled run complete
---
[2026-05-19 17:30:01] Starting AI Employee scheduled run
[2026-05-19 17:30:02] Running reasoning loop...
2026-05-19 17:30:03,157 - ReasoningLoop - INFO - Processing: FILE_20260519_172933_gold_demo.md
2026-05-19 17:30:03,178 - ReasoningLoop - INFO - Created plan: PLAN_20260519_173003_FILE_20260519_172933_gold_demo.md
2026-05-19 17:30:03,215 - ReasoningLoop - INFO - Processed 1 item(s)
[2026-05-19 17:30:03] Running approval orchestrator...
[2026-05-19 17:30:04] AI Employee scheduled run complete
---
[2026-05-19 17:35:01] Starting AI Employee scheduled run
[2026-05-19 17:35:01] Running reasoning loop...
2026-05-19 17:35:02,486 - ReasoningLoop - INFO - No new items to process
[2026-05-19 17:35:02] Running approval orchestrator...
[2026-05-19 17:35:03] AI Employee scheduled run complete
---
[2026-05-19 17:40:01] Starting AI Employee scheduled run
[2026-05-19 17:40:01] Running reasoning loop...
2026-05-19 17:40:02,389 - ReasoningLoop - INFO - No new items to process
[2026-05-19 17:40:02] Running approval orchestrator...
[2026-05-19 17:40:03] AI Employee scheduled run complete
---
[2026-05-19 17:45:01] Starting AI Employee scheduled run
[2026-05-19 17:45:01] Running reasoning loop...
2026-05-19 17:45:02,466 - ReasoningLoop - INFO - Processing: FILE_20260519_174411_gold_demo.md
2026-05-19 17:45:02,487 - ReasoningLoop - INFO - Created plan: PLAN_20260519_174502_FILE_20260519_174411_gold_demo.md
2026-05-19 17:45:02,498 - ReasoningLoop - INFO - Processed 1 item(s)
[2026-05-19 17:45:02] Running approval orchestrator...
[2026-05-19 17:45:03] AI Employee scheduled run complete
---
[2026-05-19 17:50:01] Starting AI Employee scheduled run
[2026-05-19 17:50:01] Running reasoning loop...
2026-05-19 17:50:02,877 - ReasoningLoop - INFO - No new items to process
[2026-05-19 17:50:02] Running approval orchestrator...
[2026-05-19 17:50:03] AI Employee scheduled run complete
---
[2026-05-19 17:55:02] Starting AI Employee scheduled run
[2026-05-19 17:55:02] Running reasoning loop...
2026-05-19 17:55:03,965 - ReasoningLoop - INFO - No new items to process
[2026-05-19 17:55:03] Running approval orchestrator...
[2026-05-19 17:55:05] AI Employee scheduled run complete
---
[2026-05-19 18:00:01] Starting AI Employee scheduled run
[2026-05-19 18:00:01] Running reasoning loop...
2026-05-19 18:00:04,589 - ReasoningLoop - INFO - No new items to process
[2026-05-19 18:00:04] Running approval orchestrator...
[2026-05-19 18:00:07] AI Employee scheduled run complete
---
[2026-05-19 18:05:01] Starting AI Employee scheduled run
[2026-05-19 18:05:01] Running reasoning loop...
2026-05-19 18:05:03,047 - ReasoningLoop - INFO - No new items to process
[2026-05-19 18:05:03] Running approval orchestrator...
[2026-05-19 18:05:04] AI Employee scheduled run complete
---
[2026-05-19 18:10:01] Starting AI Employee scheduled run
[2026-05-19 18:10:01] Running reasoning loop...
2026-05-19 18:10:03,933 - ReasoningLoop - INFO - No new items to process
[2026-05-19 18:10:03] Running approval orchestrator...
[2026-05-19 18:10:06] AI Employee scheduled run complete
---
[2026-05-19 18:15:01] Starting AI Employee scheduled run
[2026-05-19 18:15:01] Running reasoning loop...
2026-05-19 18:15:03,080 - ReasoningLoop - INFO - No new items to process
[2026-05-19 18:15:03] Running approval orchestrator...
[2026-05-19 18:15:05] AI Employee scheduled run complete
---
[2026-05-19 18:20:01] Starting AI Employee scheduled run
[2026-05-19 18:20:01] Running reasoning loop...
2026-05-19 18:20:03,225 - ReasoningLoop - INFO - No new items to process
[2026-05-19 18:20:03] Running approval orchestrator...
[2026-05-19 18:20:05] AI Employee scheduled run complete
---
[2026-05-19 18:25:02] Starting AI Employee scheduled run
[2026-05-19 18:25:02] Running reasoning loop...
2026-05-19 18:25:12,039 - ReasoningLoop - INFO - No new items to process
[2026-05-19 18:25:12] Running approval orchestrator...
[2026-05-19 18:25:23] AI Employee scheduled run complete
---
[2026-05-19 18:30:01] Starting AI Employee scheduled run
[2026-05-19 18:30:01] Running reasoning loop...
2026-05-19 18:30:03,423 - ReasoningLoop - INFO - No new items to process
[2026-05-19 18:30:03] Running approval orchestrator...
[2026-05-19 18:30:05] AI Employee scheduled run complete
---
[2026-05-19 18:35:01] Starting AI Employee scheduled run
[2026-05-19 18:35:01] Running reasoning loop...
2026-05-19 18:35:02,940 - ReasoningLoop - INFO - No new items to process
[2026-05-19 18:35:02] Running approval orchestrator...
[2026-05-19 18:35:04] AI Employee scheduled run complete
---
[2026-05-19 18:40:01] Starting AI Employee scheduled run
[2026-05-19 18:40:01] Running reasoning loop...
2026-05-19 18:40:03,828 - ReasoningLoop - INFO - No new items to process
[2026-05-19 18:40:03] Running approval orchestrator...
[2026-05-19 18:40:05] AI Employee scheduled run complete
---
[2026-05-19 18:45:01] Starting AI Employee scheduled run
[2026-05-19 18:45:02] Running reasoning loop...
2026-05-19 18:45:06,719 - ReasoningLoop - INFO - No new items to process
[2026-05-19 18:45:06] Running approval orchestrator...
[2026-05-19 18:45:09] AI Employee scheduled run complete
---
[2026-05-19 18:50:01] Starting AI Employee scheduled run
[2026-05-19 18:50:01] Running reasoning loop...
2026-05-19 18:50:02,576 - ReasoningLoop - INFO - No new items to process
[2026-05-19 18:50:02] Running approval orchestrator...
[2026-05-19 18:50:03] AI Employee scheduled run complete
---
[2026-05-19 18:55:01] Starting AI Employee scheduled run
[2026-05-19 18:55:01] Running reasoning loop...
2026-05-19 18:55:02,857 - ReasoningLoop - INFO - Processing: ERROR_NOTIFICATION_20260519_185406.md
2026-05-19 18:55:02,866 - ReasoningLoop - INFO - Created plan: PLAN_20260519_185502_ERROR_NOTIFICATION_20260519_18.md
2026-05-19 18:55:02,889 - ReasoningLoop - INFO - Processed 1 item(s)
[2026-05-19 18:55:02] Running approval orchestrator...
[2026-05-19 18:55:04] AI Employee scheduled run complete
---
[2026-05-19 19:00:01] Starting AI Employee scheduled run
[2026-05-19 19:00:01] Running reasoning loop...
2026-05-19 19:00:02,735 - ReasoningLoop - INFO - No new items to process
[2026-05-19 19:00:02] Running approval orchestrator...
[2026-05-19 19:00:04] AI Employee scheduled run complete
---
[2026-05-19 19:05:01] Starting AI Employee scheduled run
[2026-05-19 19:05:01] Running reasoning loop...
2026-05-19 19:05:03,537 - ReasoningLoop - INFO - No new items to process
[2026-05-19 19:05:03] Running approval orchestrator...
[2026-05-19 19:05:05] AI Employee scheduled run complete
---
[2026-05-19 19:10:02] Starting AI Employee scheduled run
[2026-05-19 19:10:02] Running reasoning loop...
2026-05-19 19:10:04,479 - ReasoningLoop - INFO - No new items to process
[2026-05-19 19:10:04] Running approval orchestrator...
[2026-05-19 19:10:06] AI Employee scheduled run complete
---
[2026-05-19 19:15:01] Starting AI Employee scheduled run
[2026-05-19 19:15:01] Running reasoning loop...
2026-05-19 19:15:03,142 - ReasoningLoop - INFO - No new items to process
[2026-05-19 19:15:03] Running approval orchestrator...
[2026-05-19 19:15:05] AI Employee scheduled run complete
---
[2026-05-19 19:20:01] Starting AI Employee scheduled run
[2026-05-19 19:20:01] Running reasoning loop...
2026-05-19 19:20:03,265 - ReasoningLoop - INFO - No new items to process
[2026-05-19 19:20:03] Running approval orchestrator...
[2026-05-19 19:20:05] AI Employee scheduled run complete
---
[2026-05-19 19:25:01] Starting AI Employee scheduled run
[2026-05-19 19:25:01] Running reasoning loop...
2026-05-19 19:25:04,377 - ReasoningLoop - INFO - No new items to process
[2026-05-19 19:25:04] Running approval orchestrator...
[2026-05-19 19:25:06] AI Employee scheduled run complete
---
[2026-05-19 19:30:01] Starting AI Employee scheduled run
[2026-05-19 19:30:01] Running reasoning loop...
2026-05-19 19:30:03,688 - ReasoningLoop - INFO - No new items to process
[2026-05-19 19:30:03] Running approval orchestrator...
[2026-05-19 19:30:05] AI Employee scheduled run complete
---
[2026-05-19 19:35:01] Starting AI Employee scheduled run
[2026-05-19 19:35:01] Running reasoning loop...
2026-05-19 19:35:04,094 - ReasoningLoop - INFO - No new items to process
[2026-05-19 19:35:04] Running approval orchestrator...
[2026-05-19 19:35:06] AI Employee scheduled run complete
---
[2026-05-19 19:40:01] Starting AI Employee scheduled run
[2026-05-19 19:40:01] Running reasoning loop...
2026-05-19 19:40:03,573 - ReasoningLoop - INFO - No new items to process
[2026-05-19 19:40:03] Running approval orchestrator...
[2026-05-19 19:40:05] AI Employee scheduled run complete
---
[2026-05-19 19:45:01] Starting AI Employee scheduled run
[2026-05-19 19:45:01] Running reasoning loop...
2026-05-19 19:45:05,635 - ReasoningLoop - INFO - No new items to process
[2026-05-19 19:45:05] Running approval orchestrator...
[2026-05-19 19:45:08] AI Employee scheduled run complete
---
[2026-05-19 19:50:01] Starting AI Employee scheduled run
[2026-05-19 19:50:01] Running reasoning loop...
2026-05-19 19:50:05,037 - ReasoningLoop - INFO - No new items to process
[2026-05-19 19:50:05] Running approval orchestrator...
[2026-05-19 19:50:07] AI Employee scheduled run complete
---
[2026-05-19 19:55:02] Starting AI Employee scheduled run
[2026-05-19 19:55:02] Running reasoning loop...
2026-05-19 19:55:10,337 - ReasoningLoop - INFO - No new items to process
[2026-05-19 19:55:10] Running approval orchestrator...
[2026-05-19 19:55:17] AI Employee scheduled run complete
---
[2026-05-19 20:00:01] Starting AI Employee scheduled run
[2026-05-19 20:00:01] Running reasoning loop...
2026-05-19 20:00:06,940 - ReasoningLoop - INFO - No new items to process
[2026-05-19 20:00:06] Running approval orchestrator...
[2026-05-19 20:00:09] AI Employee scheduled run complete
---
[2026-05-19 20:05:01] Starting AI Employee scheduled run
[2026-05-19 20:05:01] Running reasoning loop...
2026-05-19 20:05:03,539 - ReasoningLoop - INFO - No new items to process
[2026-05-19 20:05:03] Running approval orchestrator...
[2026-05-19 20:05:05] AI Employee scheduled run complete
---
[2026-05-19 20:10:01] Starting AI Employee scheduled run
[2026-05-19 20:10:01] Running reasoning loop...
2026-05-19 20:10:04,471 - ReasoningLoop - INFO - No new items to process
[2026-05-19 20:10:04] Running approval orchestrator...
[2026-05-19 20:10:06] AI Employee scheduled run complete
---
[2026-05-19 20:15:01] Starting AI Employee scheduled run
[2026-05-19 20:15:01] Running reasoning loop...
2026-05-19 20:15:04,456 - ReasoningLoop - INFO - No new items to process
[2026-05-19 20:15:04] Running approval orchestrator...
[2026-05-19 20:15:06] AI Employee scheduled run complete
---
[2026-05-19 20:20:01] Starting AI Employee scheduled run
[2026-05-19 20:20:01] Running reasoning loop...
2026-05-19 20:20:03,063 - ReasoningLoop - INFO - No new items to process
[2026-05-19 20:20:03] Running approval orchestrator...
[2026-05-19 20:20:04] AI Employee scheduled run complete
---
[2026-05-19 20:25:02] Starting AI Employee scheduled run
[2026-05-19 20:25:02] Running reasoning loop...
2026-05-19 20:25:04,016 - ReasoningLoop - INFO - No new items to process
[2026-05-19 20:25:04] Running approval orchestrator...
[2026-05-19 20:25:05] AI Employee scheduled run complete
---
[2026-05-19 20:30:01] Starting AI Employee scheduled run
[2026-05-19 20:30:01] Running reasoning loop...
2026-05-19 20:30:02,998 - ReasoningLoop - INFO - No new items to process
[2026-05-19 20:30:03] Running approval orchestrator...
[2026-05-19 20:30:05] AI Employee scheduled run complete
---
[2026-05-19 20:35:01] Starting AI Employee scheduled run
[2026-05-19 20:35:01] Running reasoning loop...
2026-05-19 20:35:02,828 - ReasoningLoop - INFO - No new items to process
[2026-05-19 20:35:02] Running approval orchestrator...
[2026-05-19 20:35:04] AI Employee scheduled run complete
---
[2026-05-19 20:40:01] Starting AI Employee scheduled run
[2026-05-19 20:40:01] Running reasoning loop...
2026-05-19 20:40:03,463 - ReasoningLoop - INFO - No new items to process
[2026-05-19 20:40:03] Running approval orchestrator...
[2026-05-19 20:40:05] AI Employee scheduled run complete
---
[2026-05-19 20:45:01] Starting AI Employee scheduled run
[2026-05-19 20:45:01] Running reasoning loop...
2026-05-19 20:45:02,984 - ReasoningLoop - INFO - No new items to process
[2026-05-19 20:45:03] Running approval orchestrator...
[2026-05-19 20:45:04] AI Employee scheduled run complete
---
[2026-05-19 20:50:01] Starting AI Employee scheduled run
[2026-05-19 20:50:01] Running reasoning loop...
2026-05-19 20:50:03,828 - ReasoningLoop - INFO - No new items to process
[2026-05-19 20:50:03] Running approval orchestrator...
[2026-05-19 20:50:05] AI Employee scheduled run complete
---
[2026-05-19 20:55:01] Starting AI Employee scheduled run
[2026-05-19 20:55:02] Running reasoning loop...
2026-05-19 20:55:04,318 - ReasoningLoop - INFO - No new items to process
[2026-05-19 20:55:04] Running approval orchestrator...
[2026-05-19 20:55:06] AI Employee scheduled run complete
---
[2026-05-19 21:00:01] Starting AI Employee scheduled run
[2026-05-19 21:00:01] Running reasoning loop...
2026-05-19 21:00:04,233 - ReasoningLoop - INFO - No new items to process
[2026-05-19 21:00:04] Running approval orchestrator...
[2026-05-19 21:00:07] AI Employee scheduled run complete
---
[2026-05-19 21:05:01] Starting AI Employee scheduled run
[2026-05-19 21:05:01] Running reasoning loop...
2026-05-19 21:05:04,008 - ReasoningLoop - INFO - No new items to process
[2026-05-19 21:05:04] Running approval orchestrator...
[2026-05-19 21:05:07] AI Employee scheduled run complete
---
[2026-05-19 21:10:01] Starting AI Employee scheduled run
[2026-05-19 21:10:01] Running reasoning loop...
2026-05-19 21:10:04,730 - ReasoningLoop - INFO - No new items to process
[2026-05-19 21:10:04] Running approval orchestrator...
[2026-05-19 21:10:07] AI Employee scheduled run complete
---
[2026-05-19 21:15:01] Starting AI Employee scheduled run
[2026-05-19 21:15:01] Running reasoning loop...
2026-05-19 21:15:07,279 - ReasoningLoop - INFO - No new items to process
[2026-05-19 21:15:07] Running approval orchestrator...
[2026-05-19 21:15:12] AI Employee scheduled run complete
---
[2026-05-19 21:20:01] Starting AI Employee scheduled run
[2026-05-19 21:20:01] Running reasoning loop...
2026-05-19 21:20:04,546 - ReasoningLoop - INFO - No new items to process
[2026-05-19 21:20:04] Running approval orchestrator...
[2026-05-19 21:20:07] AI Employee scheduled run complete
---
[2026-05-19 21:25:01] Starting AI Employee scheduled run
[2026-05-19 21:25:01] Running reasoning loop...
2026-05-19 21:25:02,470 - ReasoningLoop - INFO - No new items to process
[2026-05-19 21:25:02] Running approval orchestrator...
[2026-05-19 21:25:03] AI Employee scheduled run complete
---
[2026-05-19 21:30:01] Starting AI Employee scheduled run
[2026-05-19 21:30:01] Running reasoning loop...
2026-05-19 21:30:03,820 - ReasoningLoop - INFO - No new items to process
[2026-05-19 21:30:03] Running approval orchestrator...
[2026-05-19 21:30:05] AI Employee scheduled run complete
---
[2026-05-19 21:35:01] Starting AI Employee scheduled run
[2026-05-19 21:35:01] Running reasoning loop...
2026-05-19 21:35:03,739 - ReasoningLoop - INFO - No new items to process
[2026-05-19 21:35:03] Running approval orchestrator...
[2026-05-19 21:35:05] AI Employee scheduled run complete
---
[2026-05-19 21:40:01] Starting AI Employee scheduled run
[2026-05-19 21:40:01] Running reasoning loop...
2026-05-19 21:40:03,407 - ReasoningLoop - INFO - No new items to process
[2026-05-19 21:40:03] Running approval orchestrator...
[2026-05-19 21:40:04] AI Employee scheduled run complete
---
[2026-05-19 21:45:01] Starting AI Employee scheduled run
[2026-05-19 21:45:01] Running reasoning loop...
2026-05-19 21:45:03,668 - ReasoningLoop - INFO - No new items to process
[2026-05-19 21:45:03] Running approval orchestrator...
[2026-05-19 21:45:05] AI Employee scheduled run complete
---
[2026-05-19 21:50:02] Starting AI Employee scheduled run
[2026-05-19 21:50:02] Running reasoning loop...
2026-05-19 21:50:05,595 - ReasoningLoop - INFO - No new items to process
[2026-05-19 21:50:05] Running approval orchestrator...
[2026-05-19 21:50:09] AI Employee scheduled run complete
---
[2026-05-19 21:55:01] Starting AI Employee scheduled run
[2026-05-19 21:55:01] Running reasoning loop...
2026-05-19 21:55:04,775 - ReasoningLoop - INFO - No new items to process
[2026-05-19 21:55:04] Running approval orchestrator...
[2026-05-19 21:55:07] AI Employee scheduled run complete
---
[2026-05-19 22:00:02] Starting AI Employee scheduled run
[2026-05-19 22:00:02] Running reasoning loop...
2026-05-19 22:00:05,938 - ReasoningLoop - INFO - No new items to process
[2026-05-19 22:00:05] Running approval orchestrator...
[2026-05-19 22:00:09] AI Employee scheduled run complete
---
[2026-05-19 22:05:01] Starting AI Employee scheduled run
[2026-05-19 22:05:01] Running reasoning loop...
2026-05-19 22:05:05,133 - ReasoningLoop - INFO - No new items to process
[2026-05-19 22:05:05] Running approval orchestrator...
[2026-05-19 22:05:08] AI Employee scheduled run complete
---
[2026-05-19 22:10:01] Starting AI Employee scheduled run
[2026-05-19 22:10:01] Running reasoning loop...
2026-05-19 22:10:04,397 - ReasoningLoop - INFO - No new items to process
[2026-05-19 22:10:04] Running approval orchestrator...
[2026-05-19 22:10:06] AI Employee scheduled run complete
---
[2026-05-19 22:15:01] Starting AI Employee scheduled run
[2026-05-19 22:15:01] Running reasoning loop...
2026-05-19 22:15:05,388 - ReasoningLoop - INFO - No new items to process
[2026-05-19 22:15:05] Running approval orchestrator...
[2026-05-19 22:15:08] AI Employee scheduled run complete
---
[2026-05-19 22:20:02] Starting AI Employee scheduled run
[2026-05-19 22:20:02] Running reasoning loop...
2026-05-19 22:20:06,220 - ReasoningLoop - INFO - No new items to process
[2026-05-19 22:20:06] Running approval orchestrator...
[2026-05-19 22:20:10] AI Employee scheduled run complete
---
[2026-05-19 22:25:01] Starting AI Employee scheduled run
[2026-05-19 22:25:01] Running reasoning loop...
2026-05-19 22:25:05,234 - ReasoningLoop - INFO - No new items to process
[2026-05-19 22:25:05] Running approval orchestrator...
[2026-05-19 22:25:08] AI Employee scheduled run complete
---
[2026-05-19 22:30:01] Starting AI Employee scheduled run
[2026-05-19 22:30:01] Running reasoning loop...
2026-05-19 22:30:05,483 - ReasoningLoop - INFO - No new items to process
[2026-05-19 22:30:05] Running approval orchestrator...
[2026-05-19 22:30:08] AI Employee scheduled run complete
---
[2026-05-19 22:35:01] Starting AI Employee scheduled run
[2026-05-19 22:35:01] Running reasoning loop...
2026-05-19 22:35:05,357 - ReasoningLoop - INFO - No new items to process
[2026-05-19 22:35:05] Running approval orchestrator...
[2026-05-19 22:35:08] AI Employee scheduled run complete
---
[2026-05-19 22:40:01] Starting AI Employee scheduled run
[2026-05-19 22:40:01] Running reasoning loop...
2026-05-19 22:40:05,042 - ReasoningLoop - INFO - No new items to process
[2026-05-19 22:40:05] Running approval orchestrator...
[2026-05-19 22:40:07] AI Employee scheduled run complete
---
[2026-05-19 22:45:01] Starting AI Employee scheduled run
[2026-05-19 22:45:01] Running reasoning loop...
2026-05-19 22:45:05,374 - ReasoningLoop - INFO - No new items to process
[2026-05-19 22:45:05] Running approval orchestrator...
[2026-05-19 22:45:08] AI Employee scheduled run complete
---
[2026-05-19 22:50:01] Starting AI Employee scheduled run
[2026-05-19 22:50:01] Running reasoning loop...
2026-05-19 22:50:04,585 - ReasoningLoop - INFO - No new items to process
[2026-05-19 22:50:04] Running approval orchestrator...
[2026-05-19 22:50:07] AI Employee scheduled run complete
---
[2026-05-19 22:55:01] Starting AI Employee scheduled run
[2026-05-19 22:55:01] Running reasoning loop...
2026-05-19 22:55:04,781 - ReasoningLoop - INFO - No new items to process
[2026-05-19 22:55:04] Running approval orchestrator...
[2026-05-19 22:55:07] AI Employee scheduled run complete
---
[2026-05-19 23:00:01] Starting AI Employee scheduled run
[2026-05-19 23:00:01] Running reasoning loop...
2026-05-19 23:00:04,350 - ReasoningLoop - INFO - No new items to process
[2026-05-19 23:00:04] Running approval orchestrator...
[2026-05-19 23:01:17] AI Employee scheduled run complete
---
