[2026-07-18 15:30:01] Starting AI Employee scheduled run
[2026-07-18 15:30:01] Running reasoning loop...
2026-07-18 15:30:03,941 - ReasoningLoop - INFO - No new items to process
[2026-07-18 15:30:03] Running approval orchestrator...
[2026-07-18 15:30:05] AI Employee scheduled run complete
---
[2026-07-18 15:35:01] Starting AI Employee scheduled run
[2026-07-18 15:35:01] Running reasoning loop...
2026-07-18 15:35:02,582 - ReasoningLoop - INFO - No new items to process
[2026-07-18 15:35:02] Running approval orchestrator...
[2026-07-18 15:35:03] AI Employee scheduled run complete
---
[2026-07-18 15:40:01] Starting AI Employee scheduled run
[2026-07-18 15:40:01] Running reasoning loop...
2026-07-18 15:40:04,261 - ReasoningLoop - INFO - No new items to process
[2026-07-18 15:40:04] Running approval orchestrator...
[2026-07-18 15:40:05] AI Employee scheduled run complete
---
[2026-07-18 15:45:02] Starting AI Employee scheduled run
[2026-07-18 15:45:02] Running reasoning loop...
2026-07-18 15:45:04,564 - ReasoningLoop - INFO - No new items to process
[2026-07-18 15:45:04] Running approval orchestrator...
[2026-07-18 15:45:06] AI Employee scheduled run complete
---
[2026-07-18 15:50:01] Starting AI Employee scheduled run
[2026-07-18 15:50:01] Running reasoning loop...
2026-07-18 15:50:03,095 - ReasoningLoop - INFO - No new items to process
[2026-07-18 15:50:03] Running approval orchestrator...
[2026-07-18 15:50:05] AI Employee scheduled run complete
---
[2026-07-18 15:55:01] Starting AI Employee scheduled run
[2026-07-18 15:55:01] Running reasoning loop...
2026-07-18 15:55:03,002 - ReasoningLoop - INFO - No new items to process
[2026-07-18 15:55:03] Running approval orchestrator...
[2026-07-18 15:55:04] AI Employee scheduled run complete
---
[2026-07-18 16:00:02] Starting AI Employee scheduled run
[2026-07-18 16:00:02] Running reasoning loop...
2026-07-18 16:00:04,361 - ReasoningLoop - INFO - No new items to process
[2026-07-18 16:00:04] Running approval orchestrator...
[2026-07-18 16:00:06] AI Employee scheduled run complete
---
[2026-07-18 23:00:01] Starting AI Employee scheduled run
[2026-07-18 23:00:01] Running reasoning loop...
2026-07-18 23:00:03,174 - ReasoningLoop - INFO - No new items to process
[2026-07-18 23:00:03] Running approval orchestrator...
[2026-07-18 23:00:04] AI Employee scheduled run complete
---
[2026-07-18 23:05:01] Starting AI Employee scheduled run
[2026-07-18 23:05:01] Running reasoning loop...
2026-07-18 23:05:02,922 - ReasoningLoop - INFO - No new items to process
[2026-07-18 23:05:02] Running approval orchestrator...
[2026-07-18 23:05:04] AI Employee scheduled run complete
---
[2026-07-18 23:10:01] Starting AI Employee scheduled run
[2026-07-18 23:10:01] Running reasoning loop...
2026-07-18 23:10:02,444 - ReasoningLoop - INFO - No new items to process
[2026-07-18 23:10:02] Running approval orchestrator...
[2026-07-18 23:10:04] AI Employee scheduled run complete
---
[2026-07-18 23:15:01] Starting AI Employee scheduled run
[2026-07-18 23:15:01] Running reasoning loop...
2026-07-18 23:15:02,579 - ReasoningLoop - INFO - No new items to process
[2026-07-18 23:15:02] Running approval orchestrator...
[2026-07-18 23:15:04] AI Employee scheduled run complete
---
[2026-07-18 23:20:01] Starting AI Employee scheduled run
[2026-07-18 23:20:01] Running reasoning loop...
2026-07-18 23:20:02,834 - ReasoningLoop - INFO - No new items to process
[2026-07-18 23:20:02] Running approval orchestrator...
[2026-07-18 23:20:04] AI Employee scheduled run complete
---
[2026-07-18 23:25:01] Starting AI Employee scheduled run
[2026-07-18 23:25:01] Running reasoning loop...
2026-07-18 23:25:02,334 - ReasoningLoop - INFO - No new items to process
[2026-07-18 23:25:02] Running approval orchestrator...
[2026-07-18 23:25:03] AI Employee scheduled run complete
---
[2026-07-18 23:30:01] Starting AI Employee scheduled run
[2026-07-18 23:30:01] Running reasoning loop...
2026-07-18 23:30:03,113 - ReasoningLoop - INFO - No new items to process
[2026-07-18 23:30:03] Running approval orchestrator...
[2026-07-18 23:30:04] AI Employee scheduled run complete
---
[2026-07-18 23:35:01] Starting AI Employee scheduled run
[2026-07-18 23:35:01] Running reasoning loop...
2026-07-18 23:35:02,050 - ReasoningLoop - INFO - No new items to process
[2026-07-18 23:35:02] Running approval orchestrator...
[2026-07-18 23:35:03] AI Employee scheduled run complete
---
[2026-07-18 23:40:00] Starting AI Employee scheduled run
[2026-07-18 23:40:00] Running reasoning loop...
2026-07-18 23:40:01,923 - ReasoningLoop - INFO - No new items to process
[2026-07-18 23:40:01] Running approval orchestrator...
[2026-07-18 23:40:03] AI Employee scheduled run complete
---
[2026-07-18 23:45:00] Starting AI Employee scheduled run
[2026-07-18 23:45:00] Running reasoning loop...
2026-07-18 23:45:01,238 - ReasoningLoop - INFO - No new items to process
[2026-07-18 23:45:01] Running approval orchestrator...
[2026-07-18 23:45:02] AI Employee scheduled run complete
---
[2026-07-18 23:50:00] Starting AI Employee scheduled run
[2026-07-18 23:50:00] Running reasoning loop...
2026-07-18 23:50:01,891 - ReasoningLoop - INFO - No new items to process
[2026-07-18 23:50:01] Running approval orchestrator...
[2026-07-18 23:50:02] AI Employee scheduled run complete
---
[2026-07-18 23:55:00] Starting AI Employee scheduled run
[2026-07-18 23:55:00] Running reasoning loop...
2026-07-18 23:55:01,698 - ReasoningLoop - INFO - No new items to process
[2026-07-18 23:55:01] Running approval orchestrator...
[2026-07-18 23:55:02] AI Employee scheduled run complete
---
