[2026-05-05 03:00:03] Starting AI Employee scheduled run
[2026-05-05 03:00:03] Running reasoning loop...
2026-05-05 03:00:05,597 - ReasoningLoop - INFO - No new items to process
[2026-05-05 03:00:05] Running approval orchestrator...
[2026-05-05 03:00:07] AI Employee scheduled run complete
---
[2026-05-05 03:05:03] Starting AI Employee scheduled run
[2026-05-05 03:05:03] Running reasoning loop...
2026-05-05 03:05:05,015 - ReasoningLoop - INFO - No new items to process
[2026-05-05 03:05:05] Running approval orchestrator...
[2026-05-05 03:05:06] AI Employee scheduled run complete
---
[2026-05-05 03:10:03] Starting AI Employee scheduled run
[2026-05-05 03:10:03] Running reasoning loop...
2026-05-05 03:10:09,267 - ReasoningLoop - INFO - No new items to process
[2026-05-05 03:10:09] Running approval orchestrator...
[2026-05-05 03:10:12] AI Employee scheduled run complete
---
[2026-05-05 03:15:04] Starting AI Employee scheduled run
[2026-05-05 03:15:04] Running reasoning loop...
2026-05-05 03:15:06,720 - ReasoningLoop - INFO - No new items to process
[2026-05-05 03:15:06] Running approval orchestrator...
[2026-05-05 03:15:09] AI Employee scheduled run complete
---
[2026-05-05 03:20:03] Starting AI Employee scheduled run
[2026-05-05 03:20:03] Running reasoning loop...
2026-05-05 03:20:05,919 - ReasoningLoop - INFO - No new items to process
[2026-05-05 03:20:06] Running approval orchestrator...
[2026-05-05 03:20:08] AI Employee scheduled run complete
---
[2026-05-05 03:25:05] Starting AI Employee scheduled run
[2026-05-05 03:25:05] Running reasoning loop...
2026-05-05 03:25:06,374 - ReasoningLoop - INFO - No new items to process
[2026-05-05 03:25:06] Running approval orchestrator...
[2026-05-05 03:25:07] AI Employee scheduled run complete
---
[2026-05-05 03:30:04] Starting AI Employee scheduled run
[2026-05-05 03:30:05] Running reasoning loop...
2026-05-05 03:30:07,045 - ReasoningLoop - INFO - No new items to process
[2026-05-05 03:30:07] Running approval orchestrator...
[2026-05-05 03:30:10] AI Employee scheduled run complete
---
[2026-05-05 03:35:02] Starting AI Employee scheduled run
[2026-05-05 03:35:02] Running reasoning loop...
2026-05-05 03:35:03,642 - ReasoningLoop - INFO - No new items to process
[2026-05-05 03:35:03] Running approval orchestrator...
[2026-05-05 03:35:04] AI Employee scheduled run complete
---
[2026-05-05 03:40:03] Starting AI Employee scheduled run
[2026-05-05 03:40:03] Running reasoning loop...
2026-05-05 03:40:04,126 - ReasoningLoop - INFO - No new items to process
[2026-05-05 03:40:04] Running approval orchestrator...
[2026-05-05 03:40:04] AI Employee scheduled run complete
---
[2026-05-05 03:45:04] Starting AI Employee scheduled run
[2026-05-05 03:45:04] Running reasoning loop...
2026-05-05 03:45:05,898 - ReasoningLoop - INFO - No new items to process
[2026-05-05 03:45:05] Running approval orchestrator...
[2026-05-05 03:45:07] AI Employee scheduled run complete
---
[2026-05-05 03:50:05] Starting AI Employee scheduled run
[2026-05-05 03:50:05] Running reasoning loop...
2026-05-05 03:50:07,226 - ReasoningLoop - INFO - No new items to process
[2026-05-05 03:50:07] Running approval orchestrator...
[2026-05-05 03:50:08] AI Employee scheduled run complete
---
[2026-05-05 03:55:04] Starting AI Employee scheduled run
[2026-05-05 03:55:04] Running reasoning loop...
2026-05-05 03:55:06,364 - ReasoningLoop - INFO - No new items to process
[2026-05-05 03:55:06] Running approval orchestrator...
[2026-05-05 03:55:08] AI Employee scheduled run complete
---
[2026-05-05 04:00:04] Starting AI Employee scheduled run
[2026-05-05 04:00:04] Running reasoning loop...
2026-05-05 04:00:05,777 - ReasoningLoop - INFO - No new items to process
[2026-05-05 04:00:05] Running approval orchestrator...
[2026-05-05 04:00:06] AI Employee scheduled run complete
---
[2026-05-05 04:05:04] Starting AI Employee scheduled run
[2026-05-05 04:05:04] Running reasoning loop...
2026-05-05 04:05:05,819 - ReasoningLoop - INFO - No new items to process
[2026-05-05 04:05:05] Running approval orchestrator...
[2026-05-05 04:05:07] AI Employee scheduled run complete
---
[2026-05-05 04:10:03] Starting AI Employee scheduled run
[2026-05-05 04:10:03] Running reasoning loop...
2026-05-05 04:10:05,194 - ReasoningLoop - INFO - No new items to process
[2026-05-05 04:10:05] Running approval orchestrator...
[2026-05-05 04:10:07] AI Employee scheduled run complete
---
[2026-05-05 04:15:04] Starting AI Employee scheduled run
[2026-05-05 04:15:04] Running reasoning loop...
2026-05-05 04:15:08,328 - ReasoningLoop - INFO - No new items to process
[2026-05-05 04:15:08] Running approval orchestrator...
[2026-05-05 04:15:09] AI Employee scheduled run complete
---
[2026-05-05 04:20:04] Starting AI Employee scheduled run
[2026-05-05 04:20:04] Running reasoning loop...
2026-05-05 04:20:05,392 - ReasoningLoop - INFO - No new items to process
[2026-05-05 04:20:05] Running approval orchestrator...
[2026-05-05 04:20:06] AI Employee scheduled run complete
---
[2026-05-05 04:25:03] Starting AI Employee scheduled run
[2026-05-05 04:25:03] Running reasoning loop...
2026-05-05 04:25:04,448 - ReasoningLoop - INFO - No new items to process
[2026-05-05 04:25:04] Running approval orchestrator...
[2026-05-05 04:25:05] AI Employee scheduled run complete
---
[2026-05-05 04:30:03] Starting AI Employee scheduled run
[2026-05-05 04:30:03] Running reasoning loop...
2026-05-05 04:30:05,994 - ReasoningLoop - INFO - No new items to process
[2026-05-05 04:30:06] Running approval orchestrator...
[2026-05-05 04:30:07] AI Employee scheduled run complete
---
[2026-05-05 04:35:04] Starting AI Employee scheduled run
[2026-05-05 04:35:04] Running reasoning loop...
2026-05-05 04:35:05,088 - ReasoningLoop - INFO - No new items to process
[2026-05-05 04:35:05] Running approval orchestrator...
[2026-05-05 04:35:06] AI Employee scheduled run complete
---
[2026-05-05 04:40:05] Starting AI Employee scheduled run
[2026-05-05 04:40:05] Running reasoning loop...
2026-05-05 04:40:06,123 - ReasoningLoop - INFO - No new items to process
[2026-05-05 04:40:06] Running approval orchestrator...
[2026-05-05 04:40:07] AI Employee scheduled run complete
---
[2026-05-05 04:45:04] Starting AI Employee scheduled run
[2026-05-05 04:45:04] Running reasoning loop...
2026-05-05 04:45:05,840 - ReasoningLoop - INFO - No new items to process
[2026-05-05 04:45:05] Running approval orchestrator...
[2026-05-05 04:45:06] AI Employee scheduled run complete
---
[2026-05-05 04:50:04] Starting AI Employee scheduled run
[2026-05-05 04:50:04] Running reasoning loop...
2026-05-05 04:50:05,534 - ReasoningLoop - INFO - No new items to process
[2026-05-05 04:50:05] Running approval orchestrator...
[2026-05-05 04:50:06] AI Employee scheduled run complete
---
[2026-05-05 04:55:05] Starting AI Employee scheduled run
[2026-05-05 04:55:05] Running reasoning loop...
2026-05-05 04:55:06,818 - ReasoningLoop - INFO - No new items to process
[2026-05-05 04:55:06] Running approval orchestrator...
[2026-05-05 04:55:08] AI Employee scheduled run complete
---
[2026-05-05 05:00:03] Starting AI Employee scheduled run
[2026-05-05 05:00:03] Running reasoning loop...
2026-05-05 05:00:06,326 - ReasoningLoop - INFO - No new items to process
[2026-05-05 05:00:06] Running approval orchestrator...
[2026-05-05 05:00:09] AI Employee scheduled run complete
---
[2026-05-05 05:05:04] Starting AI Employee scheduled run
[2026-05-05 05:05:04] Running reasoning loop...
2026-05-05 05:05:05,849 - ReasoningLoop - INFO - No new items to process
[2026-05-05 05:05:05] Running approval orchestrator...
[2026-05-05 05:05:07] AI Employee scheduled run complete
---
[2026-05-05 05:10:04] Starting AI Employee scheduled run
[2026-05-05 05:10:04] Running reasoning loop...
2026-05-05 05:10:05,268 - ReasoningLoop - INFO - No new items to process
[2026-05-05 05:10:05] Running approval orchestrator...
[2026-05-05 05:10:06] AI Employee scheduled run complete
---
[2026-05-05 15:10:03] Starting AI Employee scheduled run
[2026-05-05 15:10:03] Running reasoning loop...
2026-05-05 15:10:05,191 - ReasoningLoop - INFO - No new items to process
[2026-05-05 15:10:05] Running approval orchestrator...
[2026-05-05 15:10:06] AI Employee scheduled run complete
---
[2026-05-05 15:15:06] Starting AI Employee scheduled run
[2026-05-05 15:15:06] Running reasoning loop...
2026-05-05 15:15:07,776 - ReasoningLoop - INFO - No new items to process
[2026-05-05 15:15:07] Running approval orchestrator...
[2026-05-05 15:15:08] AI Employee scheduled run complete
---
[2026-05-05 15:20:03] Starting AI Employee scheduled run
[2026-05-05 15:20:03] Running reasoning loop...
2026-05-05 15:20:04,430 - ReasoningLoop - INFO - No new items to process
[2026-05-05 15:20:04] Running approval orchestrator...
[2026-05-05 15:20:07] AI Employee scheduled run complete
---
[2026-05-05 15:25:05] Starting AI Employee scheduled run
[2026-05-05 15:25:05] Running reasoning loop...
2026-05-05 15:25:06,766 - ReasoningLoop - INFO - No new items to process
[2026-05-05 15:25:06] Running approval orchestrator...
[2026-05-05 15:25:08] AI Employee scheduled run complete
---
[2026-05-05 15:30:06] Starting AI Employee scheduled run
[2026-05-05 15:30:06] Running reasoning loop...
2026-05-05 15:30:07,146 - ReasoningLoop - INFO - No new items to process
[2026-05-05 15:30:07] Running approval orchestrator...
[2026-05-05 15:30:07] AI Employee scheduled run complete
---
[2026-05-05 15:35:05] Starting AI Employee scheduled run
[2026-05-05 15:35:05] Running reasoning loop...
2026-05-05 15:35:06,860 - ReasoningLoop - INFO - No new items to process
[2026-05-05 15:35:06] Running approval orchestrator...
[2026-05-05 15:35:07] AI Employee scheduled run complete
---
[2026-05-05 15:40:04] Starting AI Employee scheduled run
[2026-05-05 15:40:04] Running reasoning loop...
2026-05-05 15:40:05,275 - ReasoningLoop - INFO - No new items to process
[2026-05-05 15:40:05] Running approval orchestrator...
[2026-05-05 15:40:06] AI Employee scheduled run complete
---
[2026-05-05 15:45:04] Starting AI Employee scheduled run
[2026-05-05 15:45:04] Running reasoning loop...
2026-05-05 15:45:05,490 - ReasoningLoop - INFO - No new items to process
[2026-05-05 15:45:05] Running approval orchestrator...
[2026-05-05 15:45:07] AI Employee scheduled run complete
---
[2026-05-05 15:50:05] Starting AI Employee scheduled run
[2026-05-05 15:50:05] Running reasoning loop...
2026-05-05 15:50:06,967 - ReasoningLoop - INFO - No new items to process
[2026-05-05 15:50:06] Running approval orchestrator...
[2026-05-05 15:50:08] AI Employee scheduled run complete
---
[2026-05-05 15:55:03] Starting AI Employee scheduled run
[2026-05-05 15:55:03] Running reasoning loop...
2026-05-05 15:55:06,145 - ReasoningLoop - INFO - No new items to process
[2026-05-05 15:55:06] Running approval orchestrator...
[2026-05-05 15:55:08] AI Employee scheduled run complete
---
[2026-05-05 16:00:05] Starting AI Employee scheduled run
[2026-05-05 16:00:05] Running reasoning loop...
2026-05-05 16:00:07,392 - ReasoningLoop - INFO - No new items to process
[2026-05-05 16:00:07] Running approval orchestrator...
[2026-05-05 16:00:09] AI Employee scheduled run complete
---
