[2026-07-24 18:25:01] Starting AI Employee scheduled run
[2026-07-24 18:25:01] Running reasoning loop...
2026-07-24 18:25:03,946 - ReasoningLoop - INFO - No new items to process
[2026-07-24 18:25:03] Running approval orchestrator...
[2026-07-24 18:25:05] AI Employee scheduled run complete
---
[2026-07-24 18:30:02] Starting AI Employee scheduled run
[2026-07-24 18:30:02] Running reasoning loop...
2026-07-24 18:30:03,400 - ReasoningLoop - INFO - No new items to process
[2026-07-24 18:30:03] Running approval orchestrator...
[2026-07-24 18:30:05] AI Employee scheduled run complete
---
[2026-07-24 18:35:01] Starting AI Employee scheduled run
[2026-07-24 18:35:01] Running reasoning loop...
2026-07-24 18:35:03,748 - ReasoningLoop - INFO - No new items to process
[2026-07-24 18:35:03] Running approval orchestrator...
[2026-07-24 18:35:04] AI Employee scheduled run complete
---
[2026-07-24 18:40:02] Starting AI Employee scheduled run
[2026-07-24 18:40:02] Running reasoning loop...
2026-07-24 18:40:05,334 - ReasoningLoop - INFO - No new items to process
[2026-07-24 18:40:05] Running approval orchestrator...
[2026-07-24 18:40:07] AI Employee scheduled run complete
---
[2026-07-24 18:45:01] Starting AI Employee scheduled run
[2026-07-24 18:45:01] Running reasoning loop...
2026-07-24 18:45:02,769 - ReasoningLoop - INFO - No new items to process
[2026-07-24 18:45:02] Running approval orchestrator...
[2026-07-24 18:45:04] AI Employee scheduled run complete
---
[2026-07-24 18:50:01] Starting AI Employee scheduled run
[2026-07-24 18:50:01] Running reasoning loop...
2026-07-24 18:50:02,328 - ReasoningLoop - INFO - No new items to process
[2026-07-24 18:50:02] Running approval orchestrator...
[2026-07-24 18:50:03] AI Employee scheduled run complete
---
[2026-07-24 18:55:01] Starting AI Employee scheduled run
[2026-07-24 18:55:01] Running reasoning loop...
2026-07-24 18:55:02,737 - ReasoningLoop - INFO - No new items to process
[2026-07-24 18:55:02] Running approval orchestrator...
[2026-07-24 18:55:03] AI Employee scheduled run complete
---
[2026-07-24 19:00:00] Starting AI Employee scheduled run
[2026-07-24 19:00:00] Running reasoning loop...
2026-07-24 19:00:02,764 - ReasoningLoop - INFO - No new items to process
[2026-07-24 19:00:02] Running approval orchestrator...
[2026-07-24 19:00:03] AI Employee scheduled run complete
---
[2026-07-24 19:05:02] Starting AI Employee scheduled run
[2026-07-24 19:05:02] Running reasoning loop...
2026-07-24 19:05:04,035 - ReasoningLoop - INFO - No new items to process
[2026-07-24 19:05:04] Running approval orchestrator...
[2026-07-24 19:05:05] AI Employee scheduled run complete
---
[2026-07-24 19:10:01] Starting AI Employee scheduled run
[2026-07-24 19:10:01] Running reasoning loop...
2026-07-24 19:10:03,262 - ReasoningLoop - INFO - No new items to process
[2026-07-24 19:10:03] Running approval orchestrator...
[2026-07-24 19:10:04] AI Employee scheduled run complete
---
[2026-07-24 19:15:01] Starting AI Employee scheduled run
[2026-07-24 19:15:01] Running reasoning loop...
2026-07-24 19:15:03,343 - ReasoningLoop - INFO - No new items to process
[2026-07-24 19:15:03] Running approval orchestrator...
[2026-07-24 19:15:04] AI Employee scheduled run complete
---
[2026-07-24 19:20:01] Starting AI Employee scheduled run
[2026-07-24 19:20:01] Running reasoning loop...
2026-07-24 19:20:03,803 - ReasoningLoop - INFO - No new items to process
[2026-07-24 19:20:03] Running approval orchestrator...
[2026-07-24 19:20:05] AI Employee scheduled run complete
---
[2026-07-24 19:25:01] Starting AI Employee scheduled run
[2026-07-24 19:25:01] Running reasoning loop...
2026-07-24 19:25:02,754 - ReasoningLoop - INFO - No new items to process
[2026-07-24 19:25:02] Running approval orchestrator...
[2026-07-24 19:25:03] AI Employee scheduled run complete
---
[2026-07-24 23:55:02] Starting AI Employee scheduled run
[2026-07-24 23:55:02] Running reasoning loop...
2026-07-24 23:55:03,896 - ReasoningLoop - INFO - No new items to process
[2026-07-24 23:55:03] Running approval orchestrator...
[2026-07-24 23:55:04] AI Employee scheduled run complete
---
