[2026-06-16 22:25:01] Starting AI Employee scheduled run
[2026-06-16 22:25:01] Running reasoning loop...
2026-06-16 22:25:04,061 - ReasoningLoop - INFO - No new items to process
[2026-06-16 22:25:04] Running approval orchestrator...
[2026-06-16 22:25:05] AI Employee scheduled run complete
---
[2026-06-16 22:30:06] Starting AI Employee scheduled run
[2026-06-16 22:30:06] Running reasoning loop...
2026-06-16 22:30:07,243 - ReasoningLoop - INFO - No new items to process
[2026-06-16 22:30:07] Running approval orchestrator...
[2026-06-16 22:30:08] AI Employee scheduled run complete
---
[2026-06-16 22:35:06] Starting AI Employee scheduled run
[2026-06-16 22:35:06] Running reasoning loop...
2026-06-16 22:35:08,254 - ReasoningLoop - INFO - No new items to process
[2026-06-16 22:35:08] Running approval orchestrator...
[2026-06-16 22:35:09] AI Employee scheduled run complete
---
[2026-06-16 22:40:05] Starting AI Employee scheduled run
[2026-06-16 22:40:05] Running reasoning loop...
2026-06-16 22:40:06,828 - ReasoningLoop - INFO - No new items to process
[2026-06-16 22:40:06] Running approval orchestrator...
[2026-06-16 22:40:07] AI Employee scheduled run complete
---
[2026-06-16 22:45:03] Starting AI Employee scheduled run
[2026-06-16 22:45:03] Running reasoning loop...
2026-06-16 22:45:05,540 - ReasoningLoop - INFO - No new items to process
[2026-06-16 22:45:05] Running approval orchestrator...
[2026-06-16 22:45:06] AI Employee scheduled run complete
---
[2026-06-16 22:50:03] Starting AI Employee scheduled run
[2026-06-16 22:50:03] Running reasoning loop...
2026-06-16 22:50:04,653 - ReasoningLoop - INFO - No new items to process
[2026-06-16 22:50:04] Running approval orchestrator...
[2026-06-16 22:50:06] AI Employee scheduled run complete
---
[2026-06-16 22:55:06] Starting AI Employee scheduled run
[2026-06-16 22:55:06] Running reasoning loop...
2026-06-16 22:55:07,669 - ReasoningLoop - INFO - No new items to process
[2026-06-16 22:55:07] Running approval orchestrator...
[2026-06-16 22:55:08] AI Employee scheduled run complete
---
[2026-06-16 23:00:06] Starting AI Employee scheduled run
[2026-06-16 23:00:06] Running reasoning loop...
2026-06-16 23:00:08,037 - ReasoningLoop - INFO - No new items to process
[2026-06-16 23:00:08] Running approval orchestrator...
[2026-06-16 23:00:09] AI Employee scheduled run complete
---
[2026-06-16 23:05:05] Starting AI Employee scheduled run
[2026-06-16 23:05:05] Running reasoning loop...
2026-06-16 23:05:06,853 - ReasoningLoop - INFO - No new items to process
[2026-06-16 23:05:06] Running approval orchestrator...
[2026-06-16 23:05:07] AI Employee scheduled run complete
---
[2026-06-16 23:10:04] Starting AI Employee scheduled run
[2026-06-16 23:10:04] Running reasoning loop...
2026-06-16 23:10:08,155 - ReasoningLoop - INFO - No new items to process
[2026-06-16 23:10:08] Running approval orchestrator...
[2026-06-16 23:10:09] AI Employee scheduled run complete
---
[2026-06-16 23:15:05] Starting AI Employee scheduled run
[2026-06-16 23:15:05] Running reasoning loop...
2026-06-16 23:15:06,902 - ReasoningLoop - INFO - No new items to process
[2026-06-16 23:15:06] Running approval orchestrator...
[2026-06-16 23:15:07] AI Employee scheduled run complete
---
[2026-06-16 23:20:04] Starting AI Employee scheduled run
[2026-06-16 23:20:04] Running reasoning loop...
2026-06-16 23:20:05,975 - ReasoningLoop - INFO - No new items to process
[2026-06-16 23:20:05] Running approval orchestrator...
[2026-06-16 23:20:06] AI Employee scheduled run complete
---
[2026-06-16 23:25:05] Starting AI Employee scheduled run
[2026-06-16 23:25:05] Running reasoning loop...
2026-06-16 23:25:06,840 - ReasoningLoop - INFO - No new items to process
[2026-06-16 23:25:06] Running approval orchestrator...
[2026-06-16 23:25:07] AI Employee scheduled run complete
---
[2026-06-16 23:30:05] Starting AI Employee scheduled run
[2026-06-16 23:30:05] Running reasoning loop...
2026-06-16 23:30:06,756 - ReasoningLoop - INFO - No new items to process
[2026-06-16 23:30:06] Running approval orchestrator...
[2026-06-16 23:30:08] AI Employee scheduled run complete
---
