[2026-05-04 15:55:02] Starting AI Employee scheduled run
[2026-05-04 15:55:02] Running reasoning loop...
2026-05-04 15:55:08,045 - ReasoningLoop - INFO - No new items to process
[2026-05-04 15:55:08] Running approval orchestrator...
[2026-05-04 15:55:09] AI Employee scheduled run complete
---
[2026-05-04 16:00:03] Starting AI Employee scheduled run
[2026-05-04 16:00:03] Running reasoning loop...
2026-05-04 16:00:06,543 - ReasoningLoop - INFO - No new items to process
[2026-05-04 16:00:06] Running approval orchestrator...
[2026-05-04 16:00:09] AI Employee scheduled run complete
---
[2026-05-04 16:05:02] Starting AI Employee scheduled run
[2026-05-04 16:05:02] Running reasoning loop...
2026-05-04 16:05:04,052 - ReasoningLoop - INFO - No new items to process
[2026-05-04 16:05:04] Running approval orchestrator...
[2026-05-04 16:05:06] AI Employee scheduled run complete
---
[2026-05-04 16:10:03] Starting AI Employee scheduled run
[2026-05-04 16:10:03] Running reasoning loop...
2026-05-04 16:10:04,281 - ReasoningLoop - INFO - No new items to process
[2026-05-04 16:10:04] Running approval orchestrator...
[2026-05-04 16:10:05] AI Employee scheduled run complete
---
[2026-05-04 16:15:03] Starting AI Employee scheduled run
[2026-05-04 16:15:03] Running reasoning loop...
2026-05-04 16:15:03,832 - ReasoningLoop - INFO - No new items to process
[2026-05-04 16:15:03] Running approval orchestrator...
[2026-05-04 16:15:04] AI Employee scheduled run complete
---
[2026-05-04 16:20:03] Starting AI Employee scheduled run
[2026-05-04 16:20:03] Running reasoning loop...
2026-05-04 16:20:04,476 - ReasoningLoop - INFO - No new items to process
[2026-05-04 16:20:04] Running approval orchestrator...
[2026-05-04 16:20:05] AI Employee scheduled run complete
---
[2026-05-04 16:25:03] Starting AI Employee scheduled run
[2026-05-04 16:25:03] Running reasoning loop...
2026-05-04 16:25:04,117 - ReasoningLoop - INFO - No new items to process
[2026-05-04 16:25:04] Running approval orchestrator...
[2026-05-04 16:25:04] AI Employee scheduled run complete
---
[2026-05-04 16:30:02] Starting AI Employee scheduled run
[2026-05-04 16:30:02] Running reasoning loop...
2026-05-04 16:30:03,532 - ReasoningLoop - INFO - No new items to process
[2026-05-04 16:30:03] Running approval orchestrator...
[2026-05-04 16:30:04] AI Employee scheduled run complete
---
[2026-05-04 16:35:03] Starting AI Employee scheduled run
[2026-05-04 16:35:03] Running reasoning loop...
2026-05-04 16:35:04,097 - ReasoningLoop - INFO - No new items to process
[2026-05-04 16:35:04] Running approval orchestrator...
[2026-05-04 16:35:04] AI Employee scheduled run complete
---
[2026-05-04 16:40:03] Starting AI Employee scheduled run
[2026-05-04 16:40:03] Running reasoning loop...
2026-05-04 16:40:04,067 - ReasoningLoop - INFO - No new items to process
[2026-05-04 16:40:04] Running approval orchestrator...
[2026-05-04 16:40:04] AI Employee scheduled run complete
---
[2026-05-04 16:45:03] Starting AI Employee scheduled run
[2026-05-04 16:45:03] Running reasoning loop...
2026-05-04 16:45:04,203 - ReasoningLoop - INFO - No new items to process
[2026-05-04 16:45:04] Running approval orchestrator...
[2026-05-04 16:45:05] AI Employee scheduled run complete
---
[2026-05-04 16:50:03] Starting AI Employee scheduled run
[2026-05-04 16:50:03] Running reasoning loop...
2026-05-04 16:50:04,504 - ReasoningLoop - INFO - No new items to process
[2026-05-04 16:50:04] Running approval orchestrator...
[2026-05-04 16:50:05] AI Employee scheduled run complete
---
[2026-05-04 16:55:02] Starting AI Employee scheduled run
[2026-05-04 16:55:02] Running reasoning loop...
2026-05-04 16:55:03,673 - ReasoningLoop - INFO - No new items to process
[2026-05-04 16:55:03] Running approval orchestrator...
[2026-05-04 16:55:04] AI Employee scheduled run complete
---
[2026-05-04 17:00:03] Starting AI Employee scheduled run
[2026-05-04 17:00:03] Running reasoning loop...
2026-05-04 17:00:04,807 - ReasoningLoop - INFO - No new items to process
[2026-05-04 17:00:04] Running approval orchestrator...
[2026-05-04 17:00:06] AI Employee scheduled run complete
---
[2026-05-04 17:05:02] Starting AI Employee scheduled run
[2026-05-04 17:05:02] Running reasoning loop...
2026-05-04 17:05:03,734 - ReasoningLoop - INFO - No new items to process
[2026-05-04 17:05:03] Running approval orchestrator...
[2026-05-04 17:05:04] AI Employee scheduled run complete
---
[2026-05-04 17:10:03] Starting AI Employee scheduled run
[2026-05-04 17:10:03] Running reasoning loop...
2026-05-04 17:10:04,400 - ReasoningLoop - INFO - No new items to process
[2026-05-04 17:10:04] Running approval orchestrator...
[2026-05-04 17:10:05] AI Employee scheduled run complete
---
[2026-05-04 17:15:02] Starting AI Employee scheduled run
[2026-05-04 17:15:02] Running reasoning loop...
2026-05-04 17:15:03,343 - ReasoningLoop - INFO - No new items to process
[2026-05-04 17:15:03] Running approval orchestrator...
[2026-05-04 17:15:05] AI Employee scheduled run complete
---
[2026-05-04 17:20:02] Starting AI Employee scheduled run
[2026-05-04 17:20:02] Running reasoning loop...
2026-05-04 17:20:03,823 - ReasoningLoop - INFO - No new items to process
[2026-05-04 17:20:03] Running approval orchestrator...
[2026-05-04 17:20:05] AI Employee scheduled run complete
---
[2026-05-04 17:25:03] Starting AI Employee scheduled run
[2026-05-04 17:25:03] Running reasoning loop...
2026-05-04 17:25:04,547 - ReasoningLoop - INFO - No new items to process
[2026-05-04 17:25:04] Running approval orchestrator...
[2026-05-04 17:25:05] AI Employee scheduled run complete
---
[2026-05-04 17:30:03] Starting AI Employee scheduled run
[2026-05-04 17:30:03] Running reasoning loop...
2026-05-04 17:30:03,693 - ReasoningLoop - INFO - No new items to process
[2026-05-04 17:30:03] Running approval orchestrator...
[2026-05-04 17:30:04] AI Employee scheduled run complete
---
[2026-05-04 17:35:03] Starting AI Employee scheduled run
[2026-05-04 17:35:03] Running reasoning loop...
2026-05-04 17:35:08,492 - ReasoningLoop - INFO - No new items to process
[2026-05-04 17:35:08] Running approval orchestrator...
[2026-05-04 17:35:11] AI Employee scheduled run complete
---
[2026-05-04 17:40:03] Starting AI Employee scheduled run
[2026-05-04 17:40:03] Running reasoning loop...
2026-05-04 17:40:06,405 - ReasoningLoop - INFO - No new items to process
[2026-05-04 17:40:06] Running approval orchestrator...
[2026-05-04 17:40:09] AI Employee scheduled run complete
---
[2026-05-04 17:45:03] Starting AI Employee scheduled run
[2026-05-04 17:45:03] Running reasoning loop...
2026-05-04 17:45:05,322 - ReasoningLoop - INFO - No new items to process
[2026-05-04 17:45:05] Running approval orchestrator...
[2026-05-04 17:45:07] AI Employee scheduled run complete
---
