[2026-06-21 00:00:02] Starting AI Employee scheduled run
[2026-06-21 00:00:02] Running reasoning loop...
2026-06-21 00:00:04,083 - ReasoningLoop - INFO - No new items to process
[2026-06-21 00:00:04] Running approval orchestrator...
[2026-06-21 00:00:06] AI Employee scheduled run complete
---
[2026-06-21 00:05:01] Starting AI Employee scheduled run
[2026-06-21 00:05:01] Running reasoning loop...
2026-06-21 00:05:02,986 - ReasoningLoop - INFO - No new items to process
[2026-06-21 00:05:03] Running approval orchestrator...
[2026-06-21 00:05:04] AI Employee scheduled run complete
---
[2026-06-21 00:10:01] Starting AI Employee scheduled run
[2026-06-21 00:10:01] Running reasoning loop...
2026-06-21 00:10:02,884 - ReasoningLoop - INFO - No new items to process
[2026-06-21 00:10:02] Running approval orchestrator...
[2026-06-21 00:10:04] AI Employee scheduled run complete
---
[2026-06-21 00:15:01] Starting AI Employee scheduled run
[2026-06-21 00:15:01] Running reasoning loop...
2026-06-21 00:15:02,983 - ReasoningLoop - INFO - No new items to process
[2026-06-21 00:15:03] Running approval orchestrator...
[2026-06-21 00:15:04] AI Employee scheduled run complete
---
[2026-06-21 00:20:01] Starting AI Employee scheduled run
[2026-06-21 00:20:01] Running reasoning loop...
2026-06-21 00:20:03,987 - ReasoningLoop - INFO - No new items to process
[2026-06-21 00:20:04] Running approval orchestrator...
[2026-06-21 00:20:05] AI Employee scheduled run complete
---
[2026-06-21 00:25:01] Starting AI Employee scheduled run
[2026-06-21 00:25:01] Running reasoning loop...
2026-06-21 00:25:03,315 - ReasoningLoop - INFO - No new items to process
[2026-06-21 00:25:03] Running approval orchestrator...
[2026-06-21 00:25:05] AI Employee scheduled run complete
---
[2026-06-21 00:30:02] Starting AI Employee scheduled run
[2026-06-21 00:30:02] Running reasoning loop...
2026-06-21 00:30:02,949 - ReasoningLoop - INFO - No new items to process
[2026-06-21 00:30:02] Running approval orchestrator...
[2026-06-21 00:30:03] AI Employee scheduled run complete
---
[2026-06-21 00:35:01] Starting AI Employee scheduled run
[2026-06-21 00:35:01] Running reasoning loop...
2026-06-21 00:35:03,808 - ReasoningLoop - INFO - No new items to process
[2026-06-21 00:35:03] Running approval orchestrator...
[2026-06-21 00:35:04] AI Employee scheduled run complete
---
[2026-06-21 00:40:02] Starting AI Employee scheduled run
[2026-06-21 00:40:02] Running reasoning loop...
2026-06-21 00:40:04,232 - ReasoningLoop - INFO - No new items to process
[2026-06-21 00:40:04] Running approval orchestrator...
[2026-06-21 00:40:05] AI Employee scheduled run complete
---
[2026-06-21 00:45:02] Starting AI Employee scheduled run
[2026-06-21 00:45:02] Running reasoning loop...
2026-06-21 00:45:03,044 - ReasoningLoop - INFO - No new items to process
[2026-06-21 00:45:03] Running approval orchestrator...
[2026-06-21 00:45:03] AI Employee scheduled run complete
---
[2026-06-21 00:50:02] Starting AI Employee scheduled run
[2026-06-21 00:50:02] Running reasoning loop...
2026-06-21 00:50:03,033 - ReasoningLoop - INFO - No new items to process
[2026-06-21 00:50:03] Running approval orchestrator...
[2026-06-21 00:50:04] AI Employee scheduled run complete
---
[2026-06-21 00:55:01] Starting AI Employee scheduled run
[2026-06-21 00:55:01] Running reasoning loop...
2026-06-21 00:55:01,947 - ReasoningLoop - INFO - No new items to process
[2026-06-21 00:55:01] Running approval orchestrator...
[2026-06-21 00:55:02] AI Employee scheduled run complete
---
[2026-06-21 01:00:01] Starting AI Employee scheduled run
[2026-06-21 01:00:01] Running reasoning loop...
2026-06-21 01:00:02,555 - ReasoningLoop - INFO - No new items to process
[2026-06-21 01:00:02] Running approval orchestrator...
[2026-06-21 01:00:03] AI Employee scheduled run complete
---
[2026-06-21 01:05:01] Starting AI Employee scheduled run
[2026-06-21 01:05:01] Running reasoning loop...
2026-06-21 01:05:02,618 - ReasoningLoop - INFO - No new items to process
[2026-06-21 01:05:02] Running approval orchestrator...
[2026-06-21 01:05:03] AI Employee scheduled run complete
---
[2026-06-21 01:10:02] Starting AI Employee scheduled run
[2026-06-21 01:10:02] Running reasoning loop...
2026-06-21 01:10:02,658 - ReasoningLoop - INFO - No new items to process
[2026-06-21 01:10:02] Running approval orchestrator...
[2026-06-21 01:10:03] AI Employee scheduled run complete
---
[2026-06-21 01:15:01] Starting AI Employee scheduled run
[2026-06-21 01:15:01] Running reasoning loop...
2026-06-21 01:15:02,060 - ReasoningLoop - INFO - No new items to process
[2026-06-21 01:15:02] Running approval orchestrator...
[2026-06-21 01:15:02] AI Employee scheduled run complete
---
[2026-06-21 01:20:01] Starting AI Employee scheduled run
[2026-06-21 01:20:01] Running reasoning loop...
2026-06-21 01:20:03,983 - ReasoningLoop - INFO - Processing: EMAIL_20260621_011502_Were_updating_our_Privacy_Poli.md
2026-06-21 01:20:03,999 - ReasoningLoop - INFO - Created plan: PLAN_20260621_012003_EMAIL_20260621_011502_Were_upd.md
2026-06-21 01:20:04,017 - ReasoningLoop - INFO - Created approval request: APPROVAL_20260621_012004_EMAIL_20260621_011502_Were_upd.md
2026-06-21 01:20:04,041 - ReasoningLoop - INFO - Processing: EMAIL_20260621_011503_Action_Required_Migrate_to_Gem.md
2026-06-21 01:20:04,062 - ReasoningLoop - INFO - Created plan: PLAN_20260621_012004_EMAIL_20260621_011503_Action_R.md
2026-06-21 01:20:04,089 - ReasoningLoop - INFO - Created approval request: APPROVAL_20260621_012004_EMAIL_20260621_011503_Action_R.md
2026-06-21 01:20:04,118 - ReasoningLoop - INFO - Processing: EMAIL_20260621_011503_A_faster_way_to_shop.md
2026-06-21 01:20:04,144 - ReasoningLoop - INFO - Created plan: PLAN_20260621_012004_EMAIL_20260621_011503_A_faster.md
2026-06-21 01:20:04,163 - ReasoningLoop - INFO - Created approval request: APPROVAL_20260621_012004_EMAIL_20260621_011503_A_faster.md
2026-06-21 01:20:04,183 - ReasoningLoop - INFO - Processing: EMAIL_20260621_011503_Easy_self-care_you_can_start_t.md
2026-06-21 01:20:04,210 - ReasoningLoop - INFO - Created plan: PLAN_20260621_012004_EMAIL_20260621_011503_Easy_sel.md
2026-06-21 01:20:04,225 - ReasoningLoop - INFO - Created approval request: APPROVAL_20260621_012004_EMAIL_20260621_011503_Easy_sel.md
2026-06-21 01:20:04,244 - ReasoningLoop - INFO - Processing: EMAIL_20260621_011503_Start_AI_coding_for_free_on_Co.md
2026-06-21 01:20:04,268 - ReasoningLoop - INFO - Created plan: PLAN_20260621_012004_EMAIL_20260621_011503_Start_AI.md
2026-06-21 01:20:04,278 - ReasoningLoop - INFO - Created approval request: APPROVAL_20260621_012004_EMAIL_20260621_011503_Start_AI.md
2026-06-21 01:20:04,296 - ReasoningLoop - INFO - Processing: EMAIL_20260621_011503_Welcome_to_Akool_Shanaya_.md
2026-06-21 01:20:04,328 - ReasoningLoop - INFO - Created plan: PLAN_20260621_012004_EMAIL_20260621_011503_Welcome_.md
2026-06-21 01:20:04,351 - ReasoningLoop - INFO - Created approval request: APPROVAL_20260621_012004_EMAIL_20260621_011503_Welcome_.md
2026-06-21 01:20:04,385 - ReasoningLoop - INFO - Processed 6 item(s)
[2026-06-21 01:20:04] Running approval orchestrator...
[2026-06-21 01:20:05] AI Employee scheduled run complete
---
[2026-06-21 01:25:02] Starting AI Employee scheduled run
[2026-06-21 01:25:02] Running reasoning loop...
2026-06-21 01:25:04,865 - ReasoningLoop - INFO - No new items to process
[2026-06-21 01:25:04] Running approval orchestrator...
[2026-06-21 01:25:08] AI Employee scheduled run complete
---
[2026-06-21 01:30:01] Starting AI Employee scheduled run
[2026-06-21 01:30:01] Running reasoning loop...
2026-06-21 01:30:04,350 - ReasoningLoop - INFO - No new items to process
[2026-06-21 01:30:04] Running approval orchestrator...
[2026-06-21 01:30:06] AI Employee scheduled run complete
---
[2026-06-21 01:35:01] Starting AI Employee scheduled run
[2026-06-21 01:35:01] Running reasoning loop...
2026-06-21 01:35:03,121 - ReasoningLoop - INFO - No new items to process
[2026-06-21 01:35:03] Running approval orchestrator...
[2026-06-21 01:35:06] AI Employee scheduled run complete
---
[2026-06-21 01:40:01] Starting AI Employee scheduled run
[2026-06-21 01:40:02] Running reasoning loop...
2026-06-21 01:40:03,489 - ReasoningLoop - INFO - No new items to process
[2026-06-21 01:40:03] Running approval orchestrator...
[2026-06-21 01:40:04] AI Employee scheduled run complete
---
[2026-06-21 01:45:02] Starting AI Employee scheduled run
[2026-06-21 01:45:02] Running reasoning loop...
2026-06-21 01:45:05,648 - ReasoningLoop - INFO - No new items to process
[2026-06-21 01:45:05] Running approval orchestrator...
[2026-06-21 01:45:08] AI Employee scheduled run complete
---
[2026-06-21 01:50:01] Starting AI Employee scheduled run
[2026-06-21 01:50:01] Running reasoning loop...
2026-06-21 01:50:02,547 - ReasoningLoop - INFO - No new items to process
[2026-06-21 01:50:02] Running approval orchestrator...
[2026-06-21 01:50:03] AI Employee scheduled run complete
---
[2026-06-21 01:55:01] Starting AI Employee scheduled run
[2026-06-21 01:55:01] Running reasoning loop...
2026-06-21 01:55:03,357 - ReasoningLoop - INFO - No new items to process
[2026-06-21 01:55:03] Running approval orchestrator...
[2026-06-21 01:55:04] AI Employee scheduled run complete
---
[2026-06-21 02:00:02] Starting AI Employee scheduled run
[2026-06-21 02:00:02] Running reasoning loop...
2026-06-21 02:00:05,015 - ReasoningLoop - INFO - No new items to process
[2026-06-21 02:00:05] Running approval orchestrator...
[2026-06-21 02:00:07] AI Employee scheduled run complete
---
[2026-06-21 02:05:02] Starting AI Employee scheduled run
[2026-06-21 02:05:02] Running reasoning loop...
2026-06-21 02:05:16,559 - ReasoningLoop - INFO - No new items to process
[2026-06-21 02:05:16] Running approval orchestrator...
[2026-06-21 02:05:19] AI Employee scheduled run complete
---
[2026-06-21 02:10:03] Starting AI Employee scheduled run
[2026-06-21 02:10:03] Running reasoning loop...
2026-06-21 02:10:14,164 - ReasoningLoop - INFO - No new items to process
[2026-06-21 02:10:14] Running approval orchestrator...
[2026-06-21 02:10:21] AI Employee scheduled run complete
---
[2026-06-21 02:15:02] Starting AI Employee scheduled run
[2026-06-21 02:15:02] Running reasoning loop...
2026-06-21 02:15:15,240 - ReasoningLoop - INFO - No new items to process
[2026-06-21 02:15:15] Running approval orchestrator...
[2026-06-21 02:15:29] AI Employee scheduled run complete
---
[2026-06-21 02:20:01] Starting AI Employee scheduled run
[2026-06-21 02:20:01] Running reasoning loop...
2026-06-21 02:20:05,759 - ReasoningLoop - INFO - No new items to process
[2026-06-21 02:20:05] Running approval orchestrator...
[2026-06-21 02:20:10] AI Employee scheduled run complete
---
[2026-06-21 02:25:02] Starting AI Employee scheduled run
[2026-06-21 02:25:02] Running reasoning loop...
2026-06-21 02:25:04,444 - ReasoningLoop - INFO - No new items to process
[2026-06-21 02:25:04] Running approval orchestrator...
[2026-06-21 02:25:08] AI Employee scheduled run complete
---
[2026-06-21 02:30:01] Starting AI Employee scheduled run
[2026-06-21 02:30:01] Running reasoning loop...
2026-06-21 02:30:03,256 - ReasoningLoop - INFO - No new items to process
[2026-06-21 02:30:03] Running approval orchestrator...
[2026-06-21 02:30:04] AI Employee scheduled run complete
---
[2026-06-21 02:35:01] Starting AI Employee scheduled run
[2026-06-21 02:35:01] Running reasoning loop...
2026-06-21 02:35:02,278 - ReasoningLoop - INFO - No new items to process
[2026-06-21 02:35:02] Running approval orchestrator...
[2026-06-21 02:35:03] AI Employee scheduled run complete
---
[2026-06-21 02:40:01] Starting AI Employee scheduled run
[2026-06-21 02:40:01] Running reasoning loop...
2026-06-21 02:40:02,399 - ReasoningLoop - INFO - No new items to process
[2026-06-21 02:40:02] Running approval orchestrator...
[2026-06-21 02:40:03] AI Employee scheduled run complete
---
[2026-06-21 02:45:01] Starting AI Employee scheduled run
[2026-06-21 02:45:01] Running reasoning loop...
2026-06-21 02:45:02,583 - ReasoningLoop - INFO - No new items to process
[2026-06-21 02:45:02] Running approval orchestrator...
[2026-06-21 02:45:03] AI Employee scheduled run complete
---
[2026-06-21 02:50:01] Starting AI Employee scheduled run
[2026-06-21 02:50:01] Running reasoning loop...
2026-06-21 02:50:03,538 - ReasoningLoop - INFO - No new items to process
[2026-06-21 02:50:03] Running approval orchestrator...
[2026-06-21 02:50:05] AI Employee scheduled run complete
---
[2026-06-21 02:55:01] Starting AI Employee scheduled run
[2026-06-21 02:55:01] Running reasoning loop...
2026-06-21 02:55:02,137 - ReasoningLoop - INFO - No new items to process
[2026-06-21 02:55:02] Running approval orchestrator...
[2026-06-21 02:55:02] AI Employee scheduled run complete
---
[2026-06-21 03:00:01] Starting AI Employee scheduled run
[2026-06-21 03:00:01] Running reasoning loop...
2026-06-21 03:00:02,197 - ReasoningLoop - INFO - No new items to process
[2026-06-21 03:00:02] Running approval orchestrator...
[2026-06-21 03:00:02] AI Employee scheduled run complete
---
[2026-06-21 03:05:02] Starting AI Employee scheduled run
[2026-06-21 03:05:02] Running reasoning loop...
2026-06-21 03:05:07,865 - ReasoningLoop - INFO - No new items to process
[2026-06-21 03:05:08] Running approval orchestrator...
[2026-06-21 03:05:13] AI Employee scheduled run complete
---
[2026-06-21 03:10:02] Starting AI Employee scheduled run
[2026-06-21 03:10:02] Running reasoning loop...
2026-06-21 03:10:04,685 - ReasoningLoop - INFO - No new items to process
[2026-06-21 03:10:04] Running approval orchestrator...
[2026-06-21 03:10:06] AI Employee scheduled run complete
---
[2026-06-21 03:15:01] Starting AI Employee scheduled run
[2026-06-21 03:15:01] Running reasoning loop...
2026-06-21 03:15:03,623 - ReasoningLoop - INFO - No new items to process
[2026-06-21 03:15:03] Running approval orchestrator...
[2026-06-21 03:15:05] AI Employee scheduled run complete
---
[2026-06-21 03:20:02] Starting AI Employee scheduled run
[2026-06-21 03:20:02] Running reasoning loop...
2026-06-21 03:20:06,758 - ReasoningLoop - INFO - No new items to process
[2026-06-21 03:20:06] Running approval orchestrator...
[2026-06-21 03:20:11] AI Employee scheduled run complete
---
[2026-06-21 03:25:02] Starting AI Employee scheduled run
[2026-06-21 03:25:02] Running reasoning loop...
2026-06-21 03:25:05,458 - ReasoningLoop - INFO - Processing: EMAIL_20260621_032438_Fwd_Project_Progress_Update.md
2026-06-21 03:25:05,495 - ReasoningLoop - INFO - Created plan: PLAN_20260621_032505_EMAIL_20260621_032438_Fwd_Proj.md
2026-06-21 03:25:05,524 - ReasoningLoop - INFO - Created approval request: APPROVAL_20260621_032505_EMAIL_20260621_032438_Fwd_Proj.md
2026-06-21 03:25:05,638 - ReasoningLoop - INFO - Processing: EMAIL_20260621_032438_Partnership_Discussion_Follow-.md
2026-06-21 03:25:05,673 - ReasoningLoop - INFO - Created plan: PLAN_20260621_032505_EMAIL_20260621_032438_Partners.md
2026-06-21 03:25:05,702 - ReasoningLoop - INFO - Created approval request: APPROVAL_20260621_032505_EMAIL_20260621_032438_Partners.md
2026-06-21 03:25:05,732 - ReasoningLoop - INFO - Processing: EMAIL_20260621_032439_Project_Progress_Update.md
2026-06-21 03:25:05,792 - ReasoningLoop - INFO - Created plan: PLAN_20260621_032505_EMAIL_20260621_032439_Project_.md
2026-06-21 03:25:05,812 - ReasoningLoop - INFO - Created approval request: APPROVAL_20260621_032505_EMAIL_20260621_032439_Project_.md
2026-06-21 03:25:05,852 - ReasoningLoop - INFO - Processing: EMAIL_20260621_032440_Invoice_Request_-_GoalGetters_.md
2026-06-21 03:25:05,880 - ReasoningLoop - INFO - Created plan: PLAN_20260621_032505_EMAIL_20260621_032440_Invoice_.md
2026-06-21 03:25:05,929 - ReasoningLoop - INFO - Created approval request: APPROVAL_20260621_032505_EMAIL_20260621_032440_Invoice_.md
2026-06-21 03:25:05,976 - ReasoningLoop - INFO - Processing: EMAIL_20260621_032440_New_Client_Invoice_Request.md
2026-06-21 03:25:06,021 - ReasoningLoop - INFO - Created plan: PLAN_20260621_032505_EMAIL_20260621_032440_New_Clie.md
2026-06-21 03:25:06,062 - ReasoningLoop - INFO - Created approval request: APPROVAL_20260621_032506_EMAIL_20260621_032440_New_Clie.md
2026-06-21 03:25:06,135 - ReasoningLoop - INFO - Processed 5 item(s)
[2026-06-21 03:25:06] Running approval orchestrator...
[2026-06-21 03:25:14] AI Employee scheduled run complete
---
[2026-06-21 03:30:01] Starting AI Employee scheduled run
[2026-06-21 03:30:01] Running reasoning loop...
2026-06-21 03:30:04,285 - ReasoningLoop - INFO - No new items to process
[2026-06-21 03:30:04] Running approval orchestrator...
[2026-06-21 03:30:06] AI Employee scheduled run complete
---
[2026-06-21 03:35:01] Starting AI Employee scheduled run
[2026-06-21 03:35:01] Running reasoning loop...
2026-06-21 03:35:14,588 - ReasoningLoop - INFO - Processing: EMAIL_20260621_033408_Fwd_Partnership_Discussion_Fol.md
2026-06-21 03:35:14,631 - ReasoningLoop - INFO - Created plan: PLAN_20260621_033514_EMAIL_20260621_033408_Fwd_Part.md
2026-06-21 03:35:14,683 - ReasoningLoop - INFO - Created approval request: APPROVAL_20260621_033514_EMAIL_20260621_033408_Fwd_Part.md
2026-06-21 03:35:14,799 - ReasoningLoop - INFO - Processed 1 item(s)
[2026-06-21 03:35:14] Running approval orchestrator...
[2026-06-21 03:35:19] AI Employee scheduled run complete
---
[2026-06-21 03:40:02] Starting AI Employee scheduled run
[2026-06-21 03:40:02] Running reasoning loop...
2026-06-21 03:40:03,695 - ReasoningLoop - INFO - No new items to process
[2026-06-21 03:40:03] Running approval orchestrator...
[2026-06-21 03:40:05] AI Employee scheduled run complete
---
[2026-06-21 03:45:02] Starting AI Employee scheduled run
[2026-06-21 03:45:02] Running reasoning loop...
2026-06-21 03:45:02,912 - ReasoningLoop - INFO - No new items to process
[2026-06-21 03:45:02] Running approval orchestrator...
[2026-06-21 03:45:04] AI Employee scheduled run complete
---
[2026-06-21 03:50:01] Starting AI Employee scheduled run
[2026-06-21 03:50:01] Running reasoning loop...
2026-06-21 03:50:05,079 - ReasoningLoop - INFO - No new items to process
[2026-06-21 03:50:05] Running approval orchestrator...
[2026-06-21 03:50:08] AI Employee scheduled run complete
---
[2026-06-21 03:55:01] Starting AI Employee scheduled run
[2026-06-21 03:55:01] Running reasoning loop...
2026-06-21 03:55:05,886 - ReasoningLoop - INFO - No new items to process
[2026-06-21 03:55:06] Running approval orchestrator...
[2026-06-21 03:55:12] AI Employee scheduled run complete
---
[2026-06-21 04:00:01] Starting AI Employee scheduled run
[2026-06-21 04:00:01] Running reasoning loop...
2026-06-21 04:00:20,540 - ReasoningLoop - INFO - No new items to process
[2026-06-21 04:00:20] Running approval orchestrator...
[2026-06-21 04:00:30] AI Employee scheduled run complete
---
[2026-06-21 04:05:02] Starting AI Employee scheduled run
[2026-06-21 04:05:02] Running reasoning loop...
2026-06-21 04:05:09,751 - ReasoningLoop - INFO - No new items to process
[2026-06-21 04:05:09] Running approval orchestrator...
[2026-06-21 04:05:17] AI Employee scheduled run complete
---
