[2026-06-20 16:15:01] Starting AI Employee scheduled run
[2026-06-20 16:15:01] Running reasoning loop...
2026-06-20 16:15:04,015 - ReasoningLoop - INFO - No new items to process
[2026-06-20 16:15:04] Running approval orchestrator...
[2026-06-20 16:15:05] AI Employee scheduled run complete
---
[2026-06-20 16:20:01] Starting AI Employee scheduled run
[2026-06-20 16:20:01] Running reasoning loop...
2026-06-20 16:20:02,575 - ReasoningLoop - INFO - No new items to process
[2026-06-20 16:20:02] Running approval orchestrator...
[2026-06-20 16:20:03] AI Employee scheduled run complete
---
[2026-06-20 16:25:01] Starting AI Employee scheduled run
[2026-06-20 16:25:01] Running reasoning loop...
2026-06-20 16:25:04,671 - ReasoningLoop - INFO - No new items to process
[2026-06-20 16:25:04] Running approval orchestrator...
[2026-06-20 16:25:05] AI Employee scheduled run complete
---
[2026-06-20 16:30:01] Starting AI Employee scheduled run
[2026-06-20 16:30:01] Running reasoning loop...
2026-06-20 16:30:03,855 - ReasoningLoop - INFO - No new items to process
[2026-06-20 16:30:03] Running approval orchestrator...
[2026-06-20 16:30:05] AI Employee scheduled run complete
---
[2026-06-20 16:35:01] Starting AI Employee scheduled run
[2026-06-20 16:35:01] Running reasoning loop...
2026-06-20 16:35:02,186 - ReasoningLoop - INFO - No new items to process
[2026-06-20 16:35:02] Running approval orchestrator...
[2026-06-20 16:35:03] AI Employee scheduled run complete
---
[2026-06-20 16:40:01] Starting AI Employee scheduled run
[2026-06-20 16:40:01] Running reasoning loop...
2026-06-20 16:40:02,432 - ReasoningLoop - INFO - No new items to process
[2026-06-20 16:40:02] Running approval orchestrator...
[2026-06-20 16:40:03] AI Employee scheduled run complete
---
[2026-06-20 16:45:01] Starting AI Employee scheduled run
[2026-06-20 16:45:01] Running reasoning loop...
2026-06-20 16:45:02,220 - ReasoningLoop - INFO - No new items to process
[2026-06-20 16:45:02] Running approval orchestrator...
[2026-06-20 16:45:02] AI Employee scheduled run complete
---
[2026-06-20 16:50:02] Starting AI Employee scheduled run
[2026-06-20 16:50:02] Running reasoning loop...
2026-06-20 16:50:02,883 - ReasoningLoop - INFO - No new items to process
[2026-06-20 16:50:02] Running approval orchestrator...
[2026-06-20 16:50:03] AI Employee scheduled run complete
---
[2026-06-20 16:55:01] Starting AI Employee scheduled run
[2026-06-20 16:55:01] Running reasoning loop...
2026-06-20 16:55:02,765 - ReasoningLoop - INFO - No new items to process
[2026-06-20 16:55:02] Running approval orchestrator...
[2026-06-20 16:55:03] AI Employee scheduled run complete
---
[2026-06-20 17:00:01] Starting AI Employee scheduled run
[2026-06-20 17:00:01] Running reasoning loop...
2026-06-20 17:00:02,273 - ReasoningLoop - INFO - No new items to process
[2026-06-20 17:00:02] Running approval orchestrator...
[2026-06-20 17:00:02] AI Employee scheduled run complete
---
[2026-06-20 17:05:01] Starting AI Employee scheduled run
[2026-06-20 17:05:01] Running reasoning loop...
2026-06-20 17:05:02,871 - ReasoningLoop - INFO - No new items to process
[2026-06-20 17:05:02] Running approval orchestrator...
[2026-06-20 17:05:03] AI Employee scheduled run complete
---
[2026-06-20 17:10:01] Starting AI Employee scheduled run
[2026-06-20 17:10:01] Running reasoning loop...
2026-06-20 17:10:02,611 - ReasoningLoop - INFO - No new items to process
[2026-06-20 17:10:02] Running approval orchestrator...
[2026-06-20 17:10:03] AI Employee scheduled run complete
---
[2026-06-20 17:15:02] Starting AI Employee scheduled run
[2026-06-20 17:15:02] Running reasoning loop...
2026-06-20 17:15:03,724 - ReasoningLoop - INFO - Processing: FILE_20260620_171154_ahmed_khan_invoice_request.md
2026-06-20 17:15:03,736 - ReasoningLoop - INFO - Created plan: PLAN_20260620_171503_FILE_20260620_171154_ahmed_kha.md
2026-06-20 17:15:03,742 - ReasoningLoop - INFO - Created approval request: APPROVAL_20260620_171503_FILE_20260620_171154_ahmed_kha.md
2026-06-20 17:15:03,764 - ReasoningLoop - INFO - Processed 1 item(s)
[2026-06-20 17:15:03] Running approval orchestrator...
[2026-06-20 17:15:05] AI Employee scheduled run complete
---
[2026-06-20 17:20:01] Starting AI Employee scheduled run
[2026-06-20 17:20:01] Running reasoning loop...
2026-06-20 17:20:01,887 - ReasoningLoop - INFO - No new items to process
[2026-06-20 17:20:01] Running approval orchestrator...
[2026-06-20 17:20:02] AI Employee scheduled run complete
---
[2026-06-20 17:25:01] Starting AI Employee scheduled run
[2026-06-20 17:25:01] Running reasoning loop...
2026-06-20 17:25:02,369 - ReasoningLoop - INFO - No new items to process
[2026-06-20 17:25:02] Running approval orchestrator...
[2026-06-20 17:25:03] AI Employee scheduled run complete
---
[2026-06-20 17:30:01] Starting AI Employee scheduled run
[2026-06-20 17:30:01] Running reasoning loop...
2026-06-20 17:30:05,601 - ReasoningLoop - INFO - No new items to process
[2026-06-20 17:30:05] Running approval orchestrator...
[2026-06-20 17:30:10] AI Employee scheduled run complete
---
[2026-06-20 17:35:01] Starting AI Employee scheduled run
[2026-06-20 17:35:01] Running reasoning loop...
2026-06-20 17:35:02,953 - ReasoningLoop - INFO - No new items to process
[2026-06-20 17:35:02] Running approval orchestrator...
[2026-06-20 17:35:03] AI Employee scheduled run complete
---
[2026-06-20 17:40:01] Starting AI Employee scheduled run
[2026-06-20 17:40:01] Running reasoning loop...
2026-06-20 17:40:02,687 - ReasoningLoop - INFO - No new items to process
[2026-06-20 17:40:02] Running approval orchestrator...
[2026-06-20 17:40:03] AI Employee scheduled run complete
---
[2026-06-20 17:45:02] Starting AI Employee scheduled run
[2026-06-20 17:45:02] Running reasoning loop...
2026-06-20 17:45:04,595 - ReasoningLoop - INFO - No new items to process
[2026-06-20 17:45:04] Running approval orchestrator...
[2026-06-20 17:45:07] AI Employee scheduled run complete
---
[2026-06-20 17:50:01] Starting AI Employee scheduled run
[2026-06-20 17:50:01] Running reasoning loop...
2026-06-20 17:50:04,693 - ReasoningLoop - INFO - No new items to process
[2026-06-20 17:50:04] Running approval orchestrator...
[2026-06-20 17:50:08] AI Employee scheduled run complete
---
[2026-06-20 17:55:01] Starting AI Employee scheduled run
[2026-06-20 17:55:01] Running reasoning loop...
2026-06-20 17:55:04,210 - ReasoningLoop - INFO - No new items to process
[2026-06-20 17:55:04] Running approval orchestrator...
[2026-06-20 17:55:07] AI Employee scheduled run complete
---
[2026-06-20 18:00:01] Starting AI Employee scheduled run
[2026-06-20 18:00:01] Running reasoning loop...
2026-06-20 18:00:06,248 - ReasoningLoop - INFO - No new items to process
[2026-06-20 18:00:06] Running approval orchestrator...
[2026-06-20 18:00:09] AI Employee scheduled run complete
---
[2026-06-20 18:05:01] Starting AI Employee scheduled run
[2026-06-20 18:05:01] Running reasoning loop...
2026-06-20 18:05:03,438 - ReasoningLoop - INFO - Processing: FILE_20260620_180158_ahmed_khan_invoice_request.md
2026-06-20 18:05:03,468 - ReasoningLoop - INFO - Created plan: PLAN_20260620_180503_FILE_20260620_180158_ahmed_kha.md
2026-06-20 18:05:03,492 - ReasoningLoop - INFO - Created approval request: APPROVAL_20260620_180503_FILE_20260620_180158_ahmed_kha.md
2026-06-20 18:05:03,599 - ReasoningLoop - INFO - Processed 1 item(s)
[2026-06-20 18:05:03] Running approval orchestrator...
[2026-06-20 18:05:06] AI Employee scheduled run complete
---
[2026-06-20 18:10:01] Starting AI Employee scheduled run
[2026-06-20 18:10:01] Running reasoning loop...
2026-06-20 18:10:04,109 - ReasoningLoop - INFO - No new items to process
[2026-06-20 18:10:04] Running approval orchestrator...
[2026-06-20 18:10:07] AI Employee scheduled run complete
---
[2026-06-20 18:15:01] Starting AI Employee scheduled run
[2026-06-20 18:15:02] Running reasoning loop...
2026-06-20 18:15:03,596 - ReasoningLoop - INFO - No new items to process
[2026-06-20 18:15:03] Running approval orchestrator...
[2026-06-20 18:15:05] AI Employee scheduled run complete
---
[2026-06-20 18:20:01] Starting AI Employee scheduled run
[2026-06-20 18:20:01] Running reasoning loop...
2026-06-20 18:20:02,282 - ReasoningLoop - INFO - No new items to process
[2026-06-20 18:20:02] Running approval orchestrator...
[2026-06-20 18:20:03] AI Employee scheduled run complete
---
[2026-06-20 18:25:02] Starting AI Employee scheduled run
[2026-06-20 18:25:02] Running reasoning loop...
2026-06-20 18:25:03,950 - ReasoningLoop - INFO - No new items to process
[2026-06-20 18:25:03] Running approval orchestrator...
[2026-06-20 18:25:05] AI Employee scheduled run complete
---
[2026-06-20 18:30:01] Starting AI Employee scheduled run
[2026-06-20 18:30:01] Running reasoning loop...
2026-06-20 18:30:02,497 - ReasoningLoop - INFO - No new items to process
[2026-06-20 18:30:02] Running approval orchestrator...
[2026-06-20 18:30:03] AI Employee scheduled run complete
---
[2026-06-20 18:35:01] Starting AI Employee scheduled run
[2026-06-20 18:35:01] Running reasoning loop...
2026-06-20 18:35:02,282 - ReasoningLoop - INFO - No new items to process
[2026-06-20 18:35:02] Running approval orchestrator...
[2026-06-20 18:35:03] AI Employee scheduled run complete
---
[2026-06-20 18:40:02] Starting AI Employee scheduled run
[2026-06-20 18:40:02] Running reasoning loop...
2026-06-20 18:40:03,007 - ReasoningLoop - INFO - No new items to process
[2026-06-20 18:40:03] Running approval orchestrator...
[2026-06-20 18:40:03] AI Employee scheduled run complete
---
[2026-06-20 18:45:01] Starting AI Employee scheduled run
[2026-06-20 18:45:01] Running reasoning loop...
2026-06-20 18:45:02,800 - ReasoningLoop - INFO - No new items to process
[2026-06-20 18:45:02] Running approval orchestrator...
[2026-06-20 18:45:04] AI Employee scheduled run complete
---
[2026-06-20 18:50:02] Starting AI Employee scheduled run
[2026-06-20 18:50:02] Running reasoning loop...
2026-06-20 18:50:03,934 - ReasoningLoop - INFO - No new items to process
[2026-06-20 18:50:03] Running approval orchestrator...
[2026-06-20 18:50:05] AI Employee scheduled run complete
---
[2026-06-20 18:55:02] Starting AI Employee scheduled run
[2026-06-20 18:55:02] Running reasoning loop...
2026-06-20 18:55:02,933 - ReasoningLoop - INFO - No new items to process
[2026-06-20 18:55:02] Running approval orchestrator...
[2026-06-20 18:55:03] AI Employee scheduled run complete
---
[2026-06-20 19:00:01] Starting AI Employee scheduled run
[2026-06-20 19:00:01] Running reasoning loop...
2026-06-20 19:00:02,558 - ReasoningLoop - INFO - No new items to process
[2026-06-20 19:00:02] Running approval orchestrator...
[2026-06-20 19:00:03] AI Employee scheduled run complete
---
[2026-06-20 19:05:01] Starting AI Employee scheduled run
[2026-06-20 19:05:01] Running reasoning loop...
2026-06-20 19:05:02,173 - ReasoningLoop - INFO - No new items to process
[2026-06-20 19:05:02] Running approval orchestrator...
[2026-06-20 19:05:02] AI Employee scheduled run complete
---
[2026-06-20 19:10:01] Starting AI Employee scheduled run
[2026-06-20 19:10:01] Running reasoning loop...
2026-06-20 19:10:03,139 - ReasoningLoop - INFO - No new items to process
[2026-06-20 19:10:03] Running approval orchestrator...
[2026-06-20 19:10:04] AI Employee scheduled run complete
---
[2026-06-20 19:15:01] Starting AI Employee scheduled run
[2026-06-20 19:15:01] Running reasoning loop...
2026-06-20 19:15:02,482 - ReasoningLoop - INFO - No new items to process
[2026-06-20 19:15:02] Running approval orchestrator...
[2026-06-20 19:15:03] AI Employee scheduled run complete
---
[2026-06-20 19:20:01] Starting AI Employee scheduled run
[2026-06-20 19:20:01] Running reasoning loop...
2026-06-20 19:20:02,715 - ReasoningLoop - INFO - No new items to process
[2026-06-20 19:20:02] Running approval orchestrator...
[2026-06-20 19:20:03] AI Employee scheduled run complete
---
[2026-06-20 19:25:01] Starting AI Employee scheduled run
[2026-06-20 19:25:01] Running reasoning loop...
2026-06-20 19:25:02,809 - ReasoningLoop - INFO - No new items to process
[2026-06-20 19:25:02] Running approval orchestrator...
[2026-06-20 19:25:04] AI Employee scheduled run complete
---
[2026-06-20 19:30:02] Starting AI Employee scheduled run
[2026-06-20 19:30:02] Running reasoning loop...
2026-06-20 19:30:03,103 - ReasoningLoop - INFO - No new items to process
[2026-06-20 19:30:03] Running approval orchestrator...
[2026-06-20 19:30:03] AI Employee scheduled run complete
---
[2026-06-20 19:35:01] Starting AI Employee scheduled run
[2026-06-20 19:35:01] Running reasoning loop...
2026-06-20 19:35:02,893 - ReasoningLoop - INFO - No new items to process
[2026-06-20 19:35:02] Running approval orchestrator...
[2026-06-20 19:35:03] AI Employee scheduled run complete
---
[2026-06-20 19:40:01] Starting AI Employee scheduled run
[2026-06-20 19:40:01] Running reasoning loop...
2026-06-20 19:40:02,502 - ReasoningLoop - INFO - No new items to process
[2026-06-20 19:40:02] Running approval orchestrator...
[2026-06-20 19:40:03] AI Employee scheduled run complete
---
[2026-06-20 19:45:01] Starting AI Employee scheduled run
[2026-06-20 19:45:01] Running reasoning loop...
2026-06-20 19:45:02,318 - ReasoningLoop - INFO - No new items to process
[2026-06-20 19:45:02] Running approval orchestrator...
[2026-06-20 19:45:03] AI Employee scheduled run complete
---
[2026-06-20 19:50:02] Starting AI Employee scheduled run
[2026-06-20 19:50:02] Running reasoning loop...
2026-06-20 19:50:03,070 - ReasoningLoop - INFO - No new items to process
[2026-06-20 19:50:03] Running approval orchestrator...
[2026-06-20 19:50:04] AI Employee scheduled run complete
---
[2026-06-20 19:55:02] Starting AI Employee scheduled run
[2026-06-20 19:55:02] Running reasoning loop...
2026-06-20 19:55:02,970 - ReasoningLoop - INFO - No new items to process
[2026-06-20 19:55:02] Running approval orchestrator...
[2026-06-20 19:55:03] AI Employee scheduled run complete
---
[2026-06-20 20:00:02] Starting AI Employee scheduled run
[2026-06-20 20:00:02] Running reasoning loop...
2026-06-20 20:00:04,695 - ReasoningLoop - INFO - No new items to process
[2026-06-20 20:00:04] Running approval orchestrator...
[2026-06-20 20:00:05] AI Employee scheduled run complete
---
[2026-06-20 20:05:02] Starting AI Employee scheduled run
[2026-06-20 20:05:02] Running reasoning loop...
2026-06-20 20:05:07,569 - ReasoningLoop - INFO - No new items to process
[2026-06-20 20:05:07] Running approval orchestrator...
[2026-06-20 20:05:09] AI Employee scheduled run complete
---
[2026-06-20 20:10:01] Starting AI Employee scheduled run
[2026-06-20 20:10:01] Running reasoning loop...
2026-06-20 20:10:03,107 - ReasoningLoop - INFO - No new items to process
[2026-06-20 20:10:03] Running approval orchestrator...
[2026-06-20 20:10:04] AI Employee scheduled run complete
---
[2026-06-20 20:15:01] Starting AI Employee scheduled run
[2026-06-20 20:15:01] Running reasoning loop...
2026-06-20 20:15:03,596 - ReasoningLoop - INFO - No new items to process
[2026-06-20 20:15:03] Running approval orchestrator...
[2026-06-20 20:15:05] AI Employee scheduled run complete
---
[2026-06-20 20:20:01] Starting AI Employee scheduled run
[2026-06-20 20:20:01] Running reasoning loop...
2026-06-20 20:20:03,109 - ReasoningLoop - INFO - No new items to process
[2026-06-20 20:20:03] Running approval orchestrator...
[2026-06-20 20:20:04] AI Employee scheduled run complete
---
[2026-06-20 20:25:01] Starting AI Employee scheduled run
[2026-06-20 20:25:01] Running reasoning loop...
2026-06-20 20:25:04,807 - ReasoningLoop - INFO - No new items to process
[2026-06-20 20:25:04] Running approval orchestrator...
[2026-06-20 20:25:09] AI Employee scheduled run complete
---
[2026-06-20 20:30:01] Starting AI Employee scheduled run
[2026-06-20 20:30:01] Running reasoning loop...
2026-06-20 20:30:03,721 - ReasoningLoop - INFO - No new items to process
[2026-06-20 20:30:03] Running approval orchestrator...
[2026-06-20 20:30:05] AI Employee scheduled run complete
---
[2026-06-20 20:35:01] Starting AI Employee scheduled run
[2026-06-20 20:35:01] Running reasoning loop...
2026-06-20 20:35:02,864 - ReasoningLoop - INFO - Processing: FILE_20260620_203133_ahmed_khan_invoice_request.md
2026-06-20 20:35:02,875 - ReasoningLoop - INFO - Created plan: PLAN_20260620_203502_FILE_20260620_203133_ahmed_kha.md
2026-06-20 20:35:02,891 - ReasoningLoop - INFO - Created approval request: APPROVAL_20260620_203502_FILE_20260620_203133_ahmed_kha.md
2026-06-20 20:35:02,937 - ReasoningLoop - INFO - Processed 1 item(s)
[2026-06-20 20:35:02] Running approval orchestrator...
[2026-06-20 20:35:04] AI Employee scheduled run complete
---
[2026-06-20 20:40:02] Starting AI Employee scheduled run
[2026-06-20 20:40:02] Running reasoning loop...
2026-06-20 20:40:03,421 - ReasoningLoop - INFO - No new items to process
[2026-06-20 20:40:03] Running approval orchestrator...
[2026-06-20 20:40:04] AI Employee scheduled run complete
---
[2026-06-20 20:45:02] Starting AI Employee scheduled run
[2026-06-20 20:45:02] Running reasoning loop...
2026-06-20 20:45:02,884 - ReasoningLoop - INFO - No new items to process
[2026-06-20 20:45:02] Running approval orchestrator...
[2026-06-20 20:45:03] AI Employee scheduled run complete
---
[2026-06-20 20:50:01] Starting AI Employee scheduled run
[2026-06-20 20:50:01] Running reasoning loop...
2026-06-20 20:50:03,141 - ReasoningLoop - INFO - No new items to process
[2026-06-20 20:50:03] Running approval orchestrator...
[2026-06-20 20:50:04] AI Employee scheduled run complete
---
[2026-06-20 20:55:01] Starting AI Employee scheduled run
[2026-06-20 20:55:01] Running reasoning loop...
2026-06-20 20:55:02,755 - ReasoningLoop - INFO - No new items to process
[2026-06-20 20:55:02] Running approval orchestrator...
[2026-06-20 20:55:04] AI Employee scheduled run complete
---
[2026-06-20 21:00:02] Starting AI Employee scheduled run
[2026-06-20 21:00:02] Running reasoning loop...
2026-06-20 21:00:03,089 - ReasoningLoop - INFO - No new items to process
[2026-06-20 21:00:03] Running approval orchestrator...
[2026-06-20 21:00:04] AI Employee scheduled run complete
---
[2026-06-20 21:05:02] Starting AI Employee scheduled run
[2026-06-20 21:05:02] Running reasoning loop...
2026-06-20 21:05:03,167 - ReasoningLoop - INFO - No new items to process
[2026-06-20 21:05:03] Running approval orchestrator...
[2026-06-20 21:05:04] AI Employee scheduled run complete
---
[2026-06-20 21:10:02] Starting AI Employee scheduled run
[2026-06-20 21:10:02] Running reasoning loop...
2026-06-20 21:10:02,997 - ReasoningLoop - INFO - No new items to process
[2026-06-20 21:10:03] Running approval orchestrator...
[2026-06-20 21:10:03] AI Employee scheduled run complete
---
[2026-06-20 21:15:02] Starting AI Employee scheduled run
[2026-06-20 21:15:02] Running reasoning loop...
2026-06-20 21:15:03,319 - ReasoningLoop - INFO - No new items to process
[2026-06-20 21:15:03] Running approval orchestrator...
[2026-06-20 21:15:04] AI Employee scheduled run complete
---
[2026-06-20 21:20:01] Starting AI Employee scheduled run
[2026-06-20 21:20:01] Running reasoning loop...
2026-06-20 21:20:02,896 - ReasoningLoop - INFO - No new items to process
[2026-06-20 21:20:02] Running approval orchestrator...
[2026-06-20 21:20:03] AI Employee scheduled run complete
---
[2026-06-20 21:25:02] Starting AI Employee scheduled run
[2026-06-20 21:25:02] Running reasoning loop...
2026-06-20 21:25:09,435 - ReasoningLoop - INFO - No new items to process
[2026-06-20 21:25:09] Running approval orchestrator...
[2026-06-20 21:25:11] AI Employee scheduled run complete
---
[2026-06-20 21:30:01] Starting AI Employee scheduled run
[2026-06-20 21:30:01] Running reasoning loop...
2026-06-20 21:30:02,615 - ReasoningLoop - INFO - No new items to process
[2026-06-20 21:30:02] Running approval orchestrator...
[2026-06-20 21:30:03] AI Employee scheduled run complete
---
[2026-06-20 21:35:01] Starting AI Employee scheduled run
[2026-06-20 21:35:01] Running reasoning loop...
2026-06-20 21:35:03,154 - ReasoningLoop - INFO - No new items to process
[2026-06-20 21:35:03] Running approval orchestrator...
[2026-06-20 21:35:04] AI Employee scheduled run complete
---
[2026-06-20 21:40:01] Starting AI Employee scheduled run
[2026-06-20 21:40:01] Running reasoning loop...
2026-06-20 21:40:02,569 - ReasoningLoop - INFO - No new items to process
[2026-06-20 21:40:02] Running approval orchestrator...
[2026-06-20 21:40:03] AI Employee scheduled run complete
---
[2026-06-20 21:45:01] Starting AI Employee scheduled run
[2026-06-20 21:45:01] Running reasoning loop...
2026-06-20 21:45:02,407 - ReasoningLoop - INFO - No new items to process
[2026-06-20 21:45:02] Running approval orchestrator...
[2026-06-20 21:45:03] AI Employee scheduled run complete
---
[2026-06-20 21:50:01] Starting AI Employee scheduled run
[2026-06-20 21:50:01] Running reasoning loop...
2026-06-20 21:50:03,077 - ReasoningLoop - INFO - No new items to process
[2026-06-20 21:50:03] Running approval orchestrator...
[2026-06-20 21:50:04] AI Employee scheduled run complete
---
[2026-06-20 21:55:02] Starting AI Employee scheduled run
[2026-06-20 21:55:02] Running reasoning loop...
2026-06-20 21:55:03,010 - ReasoningLoop - INFO - No new items to process
[2026-06-20 21:55:03] Running approval orchestrator...
[2026-06-20 21:55:04] AI Employee scheduled run complete
---
[2026-06-20 22:00:02] Starting AI Employee scheduled run
[2026-06-20 22:00:02] Running reasoning loop...
2026-06-20 22:00:03,651 - ReasoningLoop - INFO - No new items to process
[2026-06-20 22:00:03] Running approval orchestrator...
[2026-06-20 22:00:05] AI Employee scheduled run complete
---
[2026-06-20 22:05:02] Starting AI Employee scheduled run
[2026-06-20 22:05:02] Running reasoning loop...
2026-06-20 22:05:03,318 - ReasoningLoop - INFO - No new items to process
[2026-06-20 22:05:03] Running approval orchestrator...
[2026-06-20 22:05:04] AI Employee scheduled run complete
---
[2026-06-20 22:10:02] Starting AI Employee scheduled run
[2026-06-20 22:10:02] Running reasoning loop...
2026-06-20 22:10:03,012 - ReasoningLoop - INFO - No new items to process
[2026-06-20 22:10:03] Running approval orchestrator...
[2026-06-20 22:10:03] AI Employee scheduled run complete
---
[2026-06-20 22:15:02] Starting AI Employee scheduled run
[2026-06-20 22:15:02] Running reasoning loop...
2026-06-20 22:15:03,278 - ReasoningLoop - INFO - No new items to process
[2026-06-20 22:15:03] Running approval orchestrator...
[2026-06-20 22:15:04] AI Employee scheduled run complete
---
[2026-06-20 22:20:01] Starting AI Employee scheduled run
[2026-06-20 22:20:01] Running reasoning loop...
2026-06-20 22:20:05,507 - ReasoningLoop - INFO - No new items to process
[2026-06-20 22:20:05] Running approval orchestrator...
[2026-06-20 22:20:09] AI Employee scheduled run complete
---
[2026-06-20 22:25:01] Starting AI Employee scheduled run
[2026-06-20 22:25:01] Running reasoning loop...
2026-06-20 22:25:04,831 - ReasoningLoop - INFO - No new items to process
[2026-06-20 22:25:04] Running approval orchestrator...
[2026-06-20 22:25:10] AI Employee scheduled run complete
---
[2026-06-20 22:30:02] Starting AI Employee scheduled run
[2026-06-20 22:30:03] Running reasoning loop...
2026-06-20 22:30:09,080 - ReasoningLoop - INFO - No new items to process
[2026-06-20 22:30:09] Running approval orchestrator...
[2026-06-20 22:30:16] AI Employee scheduled run complete
---
[2026-06-20 22:35:01] Starting AI Employee scheduled run
[2026-06-20 22:35:01] Running reasoning loop...
2026-06-20 22:35:04,598 - ReasoningLoop - INFO - No new items to process
[2026-06-20 22:35:04] Running approval orchestrator...
[2026-06-20 22:35:08] AI Employee scheduled run complete
---
[2026-06-20 22:40:01] Starting AI Employee scheduled run
[2026-06-20 22:40:01] Running reasoning loop...
2026-06-20 22:40:04,661 - ReasoningLoop - INFO - No new items to process
[2026-06-20 22:40:04] Running approval orchestrator...
[2026-06-20 22:40:06] AI Employee scheduled run complete
---
[2026-06-20 22:45:02] Starting AI Employee scheduled run
[2026-06-20 22:45:02] Running reasoning loop...
2026-06-20 22:45:03,614 - ReasoningLoop - INFO - No new items to process
[2026-06-20 22:45:03] Running approval orchestrator...
[2026-06-20 22:45:04] AI Employee scheduled run complete
---
[2026-06-20 22:50:01] Starting AI Employee scheduled run
[2026-06-20 22:50:01] Running reasoning loop...
2026-06-20 22:50:03,107 - ReasoningLoop - INFO - No new items to process
[2026-06-20 22:50:03] Running approval orchestrator...
2026-06-20 22:50:04,058 - ApprovalOrchestrator - INFO - Processing approval: APPROVAL_20260620_203502_FILE_20260620_203133_ahmed_kha.md
2026-06-20 22:50:04,063 - ApprovalOrchestrator - INFO - [DRY RUN] Would send email to: unknown
2026-06-20 22:50:04,064 - ApprovalOrchestrator - INFO - [DRY RUN] Subject: Re: FILE_20260620_203133_ahmed_khan_invoice_request.md
2026-06-20 22:50:04,065 - ApprovalOrchestrator - INFO - Action completed: DRY RUN: Email would be sent to unknown
2026-06-20 22:50:04,083 - ApprovalOrchestrator - INFO - Moved APPROVAL_20260620_203502_FILE_20260620_203133_ahmed_kha.md to Done
2026-06-20 22:50:04,127 - ApprovalOrchestrator - INFO - Updated dashboard with approval action
2026-06-20 22:50:04,133 - ApprovalOrchestrator - INFO - Processed 1 approval(s)
[2026-06-20 22:50:04] AI Employee scheduled run complete
---
[2026-06-20 22:55:01] Starting AI Employee scheduled run
[2026-06-20 22:55:01] Running reasoning loop...
2026-06-20 22:55:02,401 - ReasoningLoop - INFO - No new items to process
[2026-06-20 22:55:02] Running approval orchestrator...
[2026-06-20 22:55:03] AI Employee scheduled run complete
---
[2026-06-20 23:00:01] Starting AI Employee scheduled run
[2026-06-20 23:00:01] Running reasoning loop...
2026-06-20 23:00:03,490 - ReasoningLoop - INFO - No new items to process
[2026-06-20 23:00:03] Running approval orchestrator...
[2026-06-20 23:00:05] AI Employee scheduled run complete
---
[2026-06-20 23:05:01] Starting AI Employee scheduled run
[2026-06-20 23:05:01] Running reasoning loop...
2026-06-20 23:05:02,311 - ReasoningLoop - INFO - No new items to process
[2026-06-20 23:05:02] Running approval orchestrator...
[2026-06-20 23:05:04] AI Employee scheduled run complete
---
[2026-06-20 23:10:01] Starting AI Employee scheduled run
[2026-06-20 23:10:01] Running reasoning loop...
2026-06-20 23:10:02,836 - ReasoningLoop - INFO - No new items to process
[2026-06-20 23:10:02] Running approval orchestrator...
2026-06-20 23:10:03,851 - ApprovalOrchestrator - INFO - Processing approval: APPROVAL_demo_email_client.md
2026-06-20 23:10:03,857 - ApprovalOrchestrator - INFO - Action completed: DRY RUN: Generic action "unknown" would be executed
2026-06-20 23:10:03,874 - ApprovalOrchestrator - INFO - Moved APPROVAL_demo_email_client.md to Done
2026-06-20 23:10:03,885 - ApprovalOrchestrator - INFO - Updated dashboard with approval action
2026-06-20 23:10:03,894 - ApprovalOrchestrator - INFO - Processed 1 approval(s)
[2026-06-20 23:10:03] AI Employee scheduled run complete
---
[2026-06-20 23:15:02] Starting AI Employee scheduled run
[2026-06-20 23:15:02] Running reasoning loop...
2026-06-20 23:15:02,948 - ReasoningLoop - INFO - No new items to process
[2026-06-20 23:15:02] Running approval orchestrator...
[2026-06-20 23:15:03] AI Employee scheduled run complete
---
[2026-06-20 23:20:02] Starting AI Employee scheduled run
[2026-06-20 23:20:02] Running reasoning loop...
2026-06-20 23:20:03,072 - ReasoningLoop - INFO - No new items to process
[2026-06-20 23:20:03] Running approval orchestrator...
[2026-06-20 23:20:03] AI Employee scheduled run complete
---
[2026-06-20 23:25:01] Starting AI Employee scheduled run
[2026-06-20 23:25:01] Running reasoning loop...
2026-06-20 23:25:03,377 - ReasoningLoop - INFO - No new items to process
[2026-06-20 23:25:03] Running approval orchestrator...
[2026-06-20 23:25:04] AI Employee scheduled run complete
---
[2026-06-20 23:30:02] Starting AI Employee scheduled run
[2026-06-20 23:30:02] Running reasoning loop...
2026-06-20 23:30:03,898 - ReasoningLoop - INFO - No new items to process
[2026-06-20 23:30:03] Running approval orchestrator...
[2026-06-20 23:30:05] AI Employee scheduled run complete
---
[2026-06-20 23:35:02] Starting AI Employee scheduled run
[2026-06-20 23:35:02] Running reasoning loop...
2026-06-20 23:35:03,768 - ReasoningLoop - INFO - No new items to process
[2026-06-20 23:35:03] Running approval orchestrator...
[2026-06-20 23:35:05] AI Employee scheduled run complete
---
[2026-06-20 23:40:02] Starting AI Employee scheduled run
[2026-06-20 23:40:02] Running reasoning loop...
2026-06-20 23:40:03,656 - ReasoningLoop - INFO - No new items to process
[2026-06-20 23:40:03] Running approval orchestrator...
[2026-06-20 23:40:06] AI Employee scheduled run complete
---
[2026-06-20 23:45:01] Starting AI Employee scheduled run
[2026-06-20 23:45:01] Running reasoning loop...
2026-06-20 23:45:03,195 - ReasoningLoop - INFO - No new items to process
[2026-06-20 23:45:03] Running approval orchestrator...
[2026-06-20 23:45:04] AI Employee scheduled run complete
---
[2026-06-20 23:50:01] Starting AI Employee scheduled run
[2026-06-20 23:50:01] Running reasoning loop...
2026-06-20 23:50:03,951 - ReasoningLoop - INFO - No new items to process
[2026-06-20 23:50:04] Running approval orchestrator...
[2026-06-20 23:50:08] AI Employee scheduled run complete
---
[2026-06-20 23:55:02] Starting AI Employee scheduled run
[2026-06-20 23:55:02] Running reasoning loop...
2026-06-20 23:55:03,473 - ReasoningLoop - INFO - No new items to process
[2026-06-20 23:55:03] Running approval orchestrator...
[2026-06-20 23:55:05] AI Employee scheduled run complete
---
