[2026-07-19 00:00:00] Starting AI Employee scheduled run
[2026-07-19 00:00:00] Running reasoning loop...
2026-07-19 00:00:01,287 - ReasoningLoop - INFO - No new items to process
[2026-07-19 00:00:01] Running approval orchestrator...
[2026-07-19 00:00:02] AI Employee scheduled run complete
---
[2026-07-19 00:05:02] Starting AI Employee scheduled run
[2026-07-19 00:05:02] Running reasoning loop...
2026-07-19 00:05:02,974 - ReasoningLoop - INFO - No new items to process
[2026-07-19 00:05:02] Running approval orchestrator...
[2026-07-19 00:05:03] AI Employee scheduled run complete
---
[2026-07-19 00:10:01] Starting AI Employee scheduled run
[2026-07-19 00:10:01] Running reasoning loop...
2026-07-19 00:10:02,906 - ReasoningLoop - INFO - No new items to process
[2026-07-19 00:10:02] Running approval orchestrator...
[2026-07-19 00:10:04] AI Employee scheduled run complete
---
[2026-07-19 00:15:00] Starting AI Employee scheduled run
[2026-07-19 00:15:00] Running reasoning loop...
2026-07-19 00:15:01,616 - ReasoningLoop - INFO - No new items to process
[2026-07-19 00:15:01] Running approval orchestrator...
[2026-07-19 00:15:02] AI Employee scheduled run complete
---
[2026-07-19 00:20:00] Starting AI Employee scheduled run
[2026-07-19 00:20:00] Running reasoning loop...
2026-07-19 00:20:01,307 - ReasoningLoop - INFO - No new items to process
[2026-07-19 00:20:01] Running approval orchestrator...
[2026-07-19 00:20:02] AI Employee scheduled run complete
---
[2026-07-19 00:25:01] Starting AI Employee scheduled run
[2026-07-19 00:25:01] Running reasoning loop...
2026-07-19 00:25:02,577 - ReasoningLoop - INFO - No new items to process
[2026-07-19 00:25:02] Running approval orchestrator...
[2026-07-19 00:25:03] AI Employee scheduled run complete
---
[2026-07-19 00:30:02] Starting AI Employee scheduled run
[2026-07-19 00:30:02] Running reasoning loop...
2026-07-19 00:30:02,967 - ReasoningLoop - INFO - No new items to process
[2026-07-19 00:30:02] Running approval orchestrator...
[2026-07-19 00:30:03] AI Employee scheduled run complete
---
[2026-07-19 00:35:00] Starting AI Employee scheduled run
[2026-07-19 00:35:00] Running reasoning loop...
2026-07-19 00:35:01,191 - ReasoningLoop - INFO - No new items to process
[2026-07-19 00:35:01] Running approval orchestrator...
[2026-07-19 00:35:02] AI Employee scheduled run complete
---
[2026-07-19 00:40:01] Starting AI Employee scheduled run
[2026-07-19 00:40:01] Running reasoning loop...
2026-07-19 00:40:02,536 - ReasoningLoop - INFO - No new items to process
[2026-07-19 00:40:02] Running approval orchestrator...
[2026-07-19 00:40:03] AI Employee scheduled run complete
---
[2026-07-19 00:45:01] Starting AI Employee scheduled run
[2026-07-19 00:45:01] Running reasoning loop...
2026-07-19 00:45:02,686 - ReasoningLoop - INFO - No new items to process
[2026-07-19 00:45:02] Running approval orchestrator...
[2026-07-19 00:45:03] AI Employee scheduled run complete
---
[2026-07-19 00:50:02] Starting AI Employee scheduled run
[2026-07-19 00:50:02] Running reasoning loop...
2026-07-19 00:50:03,206 - ReasoningLoop - INFO - No new items to process
[2026-07-19 00:50:03] Running approval orchestrator...
[2026-07-19 00:50:04] AI Employee scheduled run complete
---
[2026-07-19 00:55:00] Starting AI Employee scheduled run
[2026-07-19 00:55:00] Running reasoning loop...
2026-07-19 00:55:01,496 - ReasoningLoop - INFO - No new items to process
[2026-07-19 00:55:01] Running approval orchestrator...
[2026-07-19 00:55:02] AI Employee scheduled run complete
---
[2026-07-19 01:00:01] Starting AI Employee scheduled run
[2026-07-19 01:00:01] Running reasoning loop...
2026-07-19 01:00:02,864 - ReasoningLoop - INFO - No new items to process
[2026-07-19 01:00:02] Running approval orchestrator...
[2026-07-19 01:00:03] AI Employee scheduled run complete
---
[2026-07-19 01:05:01] Starting AI Employee scheduled run
[2026-07-19 01:05:01] Running reasoning loop...
2026-07-19 01:05:03,090 - ReasoningLoop - INFO - No new items to process
[2026-07-19 01:05:03] Running approval orchestrator...
[2026-07-19 01:05:03] AI Employee scheduled run complete
---
[2026-07-19 01:10:01] Starting AI Employee scheduled run
[2026-07-19 01:10:01] Running reasoning loop...
2026-07-19 01:10:03,208 - ReasoningLoop - INFO - No new items to process
[2026-07-19 01:10:03] Running approval orchestrator...
[2026-07-19 01:10:04] AI Employee scheduled run complete
---
[2026-07-19 01:15:00] Starting AI Employee scheduled run
[2026-07-19 01:15:00] Running reasoning loop...
2026-07-19 01:15:02,040 - ReasoningLoop - INFO - No new items to process
[2026-07-19 01:15:02] Running approval orchestrator...
[2026-07-19 01:15:02] AI Employee scheduled run complete
---
[2026-07-19 01:20:01] Starting AI Employee scheduled run
[2026-07-19 01:20:01] Running reasoning loop...
2026-07-19 01:20:03,228 - ReasoningLoop - INFO - No new items to process
[2026-07-19 01:20:03] Running approval orchestrator...
[2026-07-19 01:20:04] AI Employee scheduled run complete
---
[2026-07-19 01:25:00] Starting AI Employee scheduled run
[2026-07-19 01:25:00] Running reasoning loop...
2026-07-19 01:25:02,160 - ReasoningLoop - INFO - No new items to process
[2026-07-19 01:25:02] Running approval orchestrator...
[2026-07-19 01:25:02] AI Employee scheduled run complete
---
[2026-07-19 01:30:00] Starting AI Employee scheduled run
[2026-07-19 01:30:00] Running reasoning loop...
2026-07-19 01:30:01,729 - ReasoningLoop - INFO - No new items to process
[2026-07-19 01:30:01] Running approval orchestrator...
[2026-07-19 01:30:02] AI Employee scheduled run complete
---
[2026-07-19 01:35:00] Starting AI Employee scheduled run
[2026-07-19 01:35:00] Running reasoning loop...
2026-07-19 01:35:01,231 - ReasoningLoop - INFO - No new items to process
[2026-07-19 01:35:01] Running approval orchestrator...
[2026-07-19 01:35:02] AI Employee scheduled run complete
---
[2026-07-19 01:40:01] Starting AI Employee scheduled run
[2026-07-19 01:40:01] Running reasoning loop...
2026-07-19 01:40:03,161 - ReasoningLoop - INFO - No new items to process
[2026-07-19 01:40:03] Running approval orchestrator...
[2026-07-19 01:40:04] AI Employee scheduled run complete
---
[2026-07-19 01:45:01] Starting AI Employee scheduled run
[2026-07-19 01:45:01] Running reasoning loop...
2026-07-19 01:45:03,103 - ReasoningLoop - INFO - No new items to process
[2026-07-19 01:45:03] Running approval orchestrator...
[2026-07-19 01:45:04] AI Employee scheduled run complete
---
[2026-07-19 01:50:00] Starting AI Employee scheduled run
[2026-07-19 01:50:00] Running reasoning loop...
2026-07-19 01:50:01,832 - ReasoningLoop - INFO - No new items to process
[2026-07-19 01:50:01] Running approval orchestrator...
[2026-07-19 01:50:03] AI Employee scheduled run complete
---
[2026-07-19 01:55:01] Starting AI Employee scheduled run
[2026-07-19 01:55:01] Running reasoning loop...
2026-07-19 01:55:03,144 - ReasoningLoop - INFO - No new items to process
[2026-07-19 01:55:03] Running approval orchestrator...
[2026-07-19 01:55:04] AI Employee scheduled run complete
---
[2026-07-19 02:00:02] Starting AI Employee scheduled run
[2026-07-19 02:00:02] Running reasoning loop...
2026-07-19 02:00:03,266 - ReasoningLoop - INFO - No new items to process
[2026-07-19 02:00:03] Running approval orchestrator...
[2026-07-19 02:00:04] AI Employee scheduled run complete
---
[2026-07-19 02:05:01] Starting AI Employee scheduled run
[2026-07-19 02:05:01] Running reasoning loop...
2026-07-19 02:05:03,248 - ReasoningLoop - INFO - No new items to process
[2026-07-19 02:05:03] Running approval orchestrator...
[2026-07-19 02:05:04] AI Employee scheduled run complete
---
[2026-07-19 02:10:01] Starting AI Employee scheduled run
[2026-07-19 02:10:01] Running reasoning loop...
2026-07-19 02:10:02,849 - ReasoningLoop - INFO - No new items to process
[2026-07-19 02:10:02] Running approval orchestrator...
[2026-07-19 02:10:04] AI Employee scheduled run complete
---
[2026-07-19 02:15:01] Starting AI Employee scheduled run
[2026-07-19 02:15:01] Running reasoning loop...
2026-07-19 02:15:03,456 - ReasoningLoop - INFO - No new items to process
[2026-07-19 02:15:03] Running approval orchestrator...
[2026-07-19 02:15:05] AI Employee scheduled run complete
---
[2026-07-19 02:20:01] Starting AI Employee scheduled run
[2026-07-19 02:20:01] Running reasoning loop...
2026-07-19 02:20:02,985 - ReasoningLoop - INFO - No new items to process
[2026-07-19 02:20:03] Running approval orchestrator...
[2026-07-19 02:20:04] AI Employee scheduled run complete
---
[2026-07-19 02:25:01] Starting AI Employee scheduled run
[2026-07-19 02:25:01] Running reasoning loop...
2026-07-19 02:25:03,775 - ReasoningLoop - INFO - No new items to process
[2026-07-19 02:25:03] Running approval orchestrator...
[2026-07-19 02:25:05] AI Employee scheduled run complete
---
[2026-07-19 02:30:01] Starting AI Employee scheduled run
[2026-07-19 02:30:01] Running reasoning loop...
2026-07-19 02:30:02,878 - ReasoningLoop - INFO - No new items to process
[2026-07-19 02:30:02] Running approval orchestrator...
[2026-07-19 02:30:04] AI Employee scheduled run complete
---
[2026-07-19 02:35:02] Starting AI Employee scheduled run
[2026-07-19 02:35:02] Running reasoning loop...
2026-07-19 02:35:03,717 - ReasoningLoop - INFO - No new items to process
[2026-07-19 02:35:03] Running approval orchestrator...
[2026-07-19 02:35:05] AI Employee scheduled run complete
---
[2026-07-19 02:40:01] Starting AI Employee scheduled run
[2026-07-19 02:40:01] Running reasoning loop...
2026-07-19 02:40:02,740 - ReasoningLoop - INFO - No new items to process
[2026-07-19 02:40:02] Running approval orchestrator...
[2026-07-19 02:40:03] AI Employee scheduled run complete
---
[2026-07-19 02:45:01] Starting AI Employee scheduled run
[2026-07-19 02:45:01] Running reasoning loop...
2026-07-19 02:45:02,205 - ReasoningLoop - INFO - No new items to process
[2026-07-19 02:45:02] Running approval orchestrator...
[2026-07-19 02:45:03] AI Employee scheduled run complete
---
[2026-07-19 02:50:01] Starting AI Employee scheduled run
[2026-07-19 02:50:01] Running reasoning loop...
2026-07-19 02:50:03,204 - ReasoningLoop - INFO - No new items to process
[2026-07-19 02:50:03] Running approval orchestrator...
[2026-07-19 02:50:04] AI Employee scheduled run complete
---
[2026-07-19 02:55:01] Starting AI Employee scheduled run
[2026-07-19 02:55:01] Running reasoning loop...
2026-07-19 02:55:02,885 - ReasoningLoop - INFO - No new items to process
[2026-07-19 02:55:02] Running approval orchestrator...
[2026-07-19 02:55:03] AI Employee scheduled run complete
---
[2026-07-19 03:00:01] Starting AI Employee scheduled run
[2026-07-19 03:00:01] Running reasoning loop...
2026-07-19 03:00:02,430 - ReasoningLoop - INFO - No new items to process
[2026-07-19 03:00:02] Running approval orchestrator...
[2026-07-19 03:00:03] AI Employee scheduled run complete
---
[2026-07-19 03:05:01] Starting AI Employee scheduled run
[2026-07-19 03:05:01] Running reasoning loop...
2026-07-19 03:05:02,499 - ReasoningLoop - INFO - No new items to process
[2026-07-19 03:05:02] Running approval orchestrator...
[2026-07-19 03:05:03] AI Employee scheduled run complete
---
[2026-07-19 03:10:00] Starting AI Employee scheduled run
[2026-07-19 03:10:00] Running reasoning loop...
2026-07-19 03:10:01,109 - ReasoningLoop - INFO - No new items to process
[2026-07-19 03:10:01] Running approval orchestrator...
[2026-07-19 03:10:02] AI Employee scheduled run complete
---
[2026-07-19 03:15:01] Starting AI Employee scheduled run
[2026-07-19 03:15:01] Running reasoning loop...
2026-07-19 03:15:02,995 - ReasoningLoop - INFO - No new items to process
[2026-07-19 03:15:03] Running approval orchestrator...
[2026-07-19 03:15:03] AI Employee scheduled run complete
---
[2026-07-19 03:20:01] Starting AI Employee scheduled run
[2026-07-19 03:20:01] Running reasoning loop...
2026-07-19 03:20:02,560 - ReasoningLoop - INFO - No new items to process
[2026-07-19 03:20:02] Running approval orchestrator...
[2026-07-19 03:20:03] AI Employee scheduled run complete
---
[2026-07-19 03:25:01] Starting AI Employee scheduled run
[2026-07-19 03:25:01] Running reasoning loop...
2026-07-19 03:25:02,731 - ReasoningLoop - INFO - No new items to process
[2026-07-19 03:25:02] Running approval orchestrator...
[2026-07-19 03:25:03] AI Employee scheduled run complete
---
[2026-07-19 03:30:01] Starting AI Employee scheduled run
[2026-07-19 03:30:01] Running reasoning loop...
2026-07-19 03:30:02,765 - ReasoningLoop - INFO - No new items to process
[2026-07-19 03:30:02] Running approval orchestrator...
[2026-07-19 03:30:03] AI Employee scheduled run complete
---
[2026-07-19 03:35:01] Starting AI Employee scheduled run
[2026-07-19 03:35:01] Running reasoning loop...
2026-07-19 03:35:02,987 - ReasoningLoop - INFO - No new items to process
[2026-07-19 03:35:03] Running approval orchestrator...
[2026-07-19 03:35:04] AI Employee scheduled run complete
---
[2026-07-19 03:40:00] Starting AI Employee scheduled run
[2026-07-19 03:40:00] Running reasoning loop...
2026-07-19 03:40:01,441 - ReasoningLoop - INFO - No new items to process
[2026-07-19 03:40:01] Running approval orchestrator...
[2026-07-19 03:40:02] AI Employee scheduled run complete
---
[2026-07-19 03:45:01] Starting AI Employee scheduled run
[2026-07-19 03:45:01] Running reasoning loop...
2026-07-19 03:45:03,054 - ReasoningLoop - INFO - No new items to process
[2026-07-19 03:45:03] Running approval orchestrator...
[2026-07-19 03:45:04] AI Employee scheduled run complete
---
[2026-07-19 03:50:01] Starting AI Employee scheduled run
[2026-07-19 03:50:01] Running reasoning loop...
2026-07-19 03:50:02,465 - ReasoningLoop - INFO - No new items to process
[2026-07-19 03:50:02] Running approval orchestrator...
[2026-07-19 03:50:03] AI Employee scheduled run complete
---
[2026-07-19 03:55:00] Starting AI Employee scheduled run
[2026-07-19 03:55:00] Running reasoning loop...
2026-07-19 03:55:01,673 - ReasoningLoop - INFO - No new items to process
[2026-07-19 03:55:01] Running approval orchestrator...
[2026-07-19 03:55:03] AI Employee scheduled run complete
---
[2026-07-19 04:00:00] Starting AI Employee scheduled run
[2026-07-19 04:00:00] Running reasoning loop...
2026-07-19 04:00:01,371 - ReasoningLoop - INFO - No new items to process
[2026-07-19 04:00:01] Running approval orchestrator...
[2026-07-19 04:00:03] AI Employee scheduled run complete
---
[2026-07-19 04:05:01] Starting AI Employee scheduled run
[2026-07-19 04:05:01] Running reasoning loop...
2026-07-19 04:05:02,681 - ReasoningLoop - INFO - No new items to process
[2026-07-19 04:05:02] Running approval orchestrator...
[2026-07-19 04:05:03] AI Employee scheduled run complete
---
[2026-07-19 04:10:01] Starting AI Employee scheduled run
[2026-07-19 04:10:01] Running reasoning loop...
2026-07-19 04:10:02,676 - ReasoningLoop - INFO - No new items to process
[2026-07-19 04:10:02] Running approval orchestrator...
[2026-07-19 04:10:03] AI Employee scheduled run complete
---
[2026-07-19 04:15:01] Starting AI Employee scheduled run
[2026-07-19 04:15:01] Running reasoning loop...
2026-07-19 04:15:02,632 - ReasoningLoop - INFO - No new items to process
[2026-07-19 04:15:02] Running approval orchestrator...
[2026-07-19 04:15:03] AI Employee scheduled run complete
---
[2026-07-19 04:20:01] Starting AI Employee scheduled run
[2026-07-19 04:20:01] Running reasoning loop...
2026-07-19 04:20:02,559 - ReasoningLoop - INFO - No new items to process
[2026-07-19 04:20:02] Running approval orchestrator...
[2026-07-19 04:20:04] AI Employee scheduled run complete
---
[2026-07-19 04:25:00] Starting AI Employee scheduled run
[2026-07-19 04:25:00] Running reasoning loop...
2026-07-19 04:25:01,421 - ReasoningLoop - INFO - No new items to process
[2026-07-19 04:25:01] Running approval orchestrator...
[2026-07-19 04:25:02] AI Employee scheduled run complete
---
[2026-07-19 04:30:00] Starting AI Employee scheduled run
[2026-07-19 04:30:00] Running reasoning loop...
2026-07-19 04:30:01,414 - ReasoningLoop - INFO - No new items to process
[2026-07-19 04:30:01] Running approval orchestrator...
[2026-07-19 04:30:03] AI Employee scheduled run complete
---
[2026-07-19 04:35:01] Starting AI Employee scheduled run
[2026-07-19 04:35:01] Running reasoning loop...
2026-07-19 04:35:02,689 - ReasoningLoop - INFO - No new items to process
[2026-07-19 04:35:02] Running approval orchestrator...
[2026-07-19 04:35:03] AI Employee scheduled run complete
---
[2026-07-19 04:40:00] Starting AI Employee scheduled run
[2026-07-19 04:40:00] Running reasoning loop...
2026-07-19 04:40:01,352 - ReasoningLoop - INFO - No new items to process
[2026-07-19 04:40:01] Running approval orchestrator...
[2026-07-19 04:40:02] AI Employee scheduled run complete
---
[2026-07-19 04:45:01] Starting AI Employee scheduled run
[2026-07-19 04:45:01] Running reasoning loop...
2026-07-19 04:45:02,509 - ReasoningLoop - INFO - No new items to process
[2026-07-19 04:45:02] Running approval orchestrator...
[2026-07-19 04:45:03] AI Employee scheduled run complete
---
[2026-07-19 04:50:00] Starting AI Employee scheduled run
[2026-07-19 04:50:00] Running reasoning loop...
2026-07-19 04:50:01,815 - ReasoningLoop - INFO - No new items to process
[2026-07-19 04:50:01] Running approval orchestrator...
[2026-07-19 04:50:03] AI Employee scheduled run complete
---
[2026-07-19 04:55:00] Starting AI Employee scheduled run
[2026-07-19 04:55:00] Running reasoning loop...
2026-07-19 04:55:02,568 - ReasoningLoop - INFO - No new items to process
[2026-07-19 04:55:02] Running approval orchestrator...
[2026-07-19 04:55:04] AI Employee scheduled run complete
---
[2026-07-19 05:00:00] Starting AI Employee scheduled run
[2026-07-19 05:00:00] Running reasoning loop...
2026-07-19 05:00:01,321 - ReasoningLoop - INFO - No new items to process
[2026-07-19 05:00:01] Running approval orchestrator...
[2026-07-19 05:00:02] AI Employee scheduled run complete
---
[2026-07-19 05:05:02] Starting AI Employee scheduled run
[2026-07-19 05:05:02] Running reasoning loop...
2026-07-19 05:05:03,842 - ReasoningLoop - INFO - No new items to process
[2026-07-19 05:05:03] Running approval orchestrator...
[2026-07-19 05:05:05] AI Employee scheduled run complete
---
[2026-07-19 05:10:00] Starting AI Employee scheduled run
[2026-07-19 05:10:00] Running reasoning loop...
2026-07-19 05:10:02,354 - ReasoningLoop - INFO - No new items to process
[2026-07-19 05:10:02] Running approval orchestrator...
[2026-07-19 05:10:04] AI Employee scheduled run complete
---
[2026-07-19 05:15:01] Starting AI Employee scheduled run
[2026-07-19 05:15:01] Running reasoning loop...
2026-07-19 05:15:03,115 - ReasoningLoop - INFO - No new items to process
[2026-07-19 05:15:03] Running approval orchestrator...
[2026-07-19 05:15:05] AI Employee scheduled run complete
---
[2026-07-19 05:20:01] Starting AI Employee scheduled run
[2026-07-19 05:20:01] Running reasoning loop...
2026-07-19 05:20:03,770 - ReasoningLoop - INFO - No new items to process
[2026-07-19 05:20:03] Running approval orchestrator...
[2026-07-19 05:20:05] AI Employee scheduled run complete
---
