[2026-07-17 00:15:02] Starting AI Employee scheduled run
[2026-07-17 00:15:02] Running reasoning loop...
2026-07-17 00:15:04,531 - ReasoningLoop - INFO - No new items to process
[2026-07-17 00:15:04] Running approval orchestrator...
[2026-07-17 00:15:05] AI Employee scheduled run complete
---
[2026-07-17 00:20:02] Starting AI Employee scheduled run
[2026-07-17 00:20:02] Running reasoning loop...
2026-07-17 00:20:03,831 - ReasoningLoop - INFO - No new items to process
[2026-07-17 00:20:03] Running approval orchestrator...
[2026-07-17 00:20:05] AI Employee scheduled run complete
---
[2026-07-17 00:25:03] Starting AI Employee scheduled run
[2026-07-17 00:25:03] Running reasoning loop...
2026-07-17 00:25:04,767 - ReasoningLoop - INFO - No new items to process
[2026-07-17 00:25:04] Running approval orchestrator...
[2026-07-17 00:25:05] AI Employee scheduled run complete
---
[2026-07-17 00:30:04] Starting AI Employee scheduled run
[2026-07-17 00:30:04] Running reasoning loop...
2026-07-17 00:30:05,908 - ReasoningLoop - INFO - No new items to process
[2026-07-17 00:30:05] Running approval orchestrator...
[2026-07-17 00:30:07] AI Employee scheduled run complete
---
[2026-07-17 00:35:03] Starting AI Employee scheduled run
[2026-07-17 00:35:03] Running reasoning loop...
2026-07-17 00:35:05,560 - ReasoningLoop - INFO - No new items to process
[2026-07-17 00:35:05] Running approval orchestrator...
[2026-07-17 00:35:06] AI Employee scheduled run complete
---
[2026-07-17 00:40:04] Starting AI Employee scheduled run
[2026-07-17 00:40:04] Running reasoning loop...
2026-07-17 00:40:05,100 - ReasoningLoop - INFO - No new items to process
[2026-07-17 00:40:05] Running approval orchestrator...
[2026-07-17 00:40:06] AI Employee scheduled run complete
---
[2026-07-17 00:45:02] Starting AI Employee scheduled run
[2026-07-17 00:45:02] Running reasoning loop...
2026-07-17 00:45:03,061 - ReasoningLoop - INFO - No new items to process
[2026-07-17 00:45:03] Running approval orchestrator...
[2026-07-17 00:45:03] AI Employee scheduled run complete
---
[2026-07-17 00:50:02] Starting AI Employee scheduled run
[2026-07-17 00:50:02] Running reasoning loop...
2026-07-17 00:50:03,092 - ReasoningLoop - INFO - No new items to process
[2026-07-17 00:50:03] Running approval orchestrator...
[2026-07-17 00:50:03] AI Employee scheduled run complete
---
[2026-07-17 00:55:03] Starting AI Employee scheduled run
[2026-07-17 00:55:03] Running reasoning loop...
2026-07-17 00:55:04,271 - ReasoningLoop - INFO - No new items to process
[2026-07-17 00:55:04] Running approval orchestrator...
[2026-07-17 00:55:05] AI Employee scheduled run complete
---
[2026-07-17 01:00:03] Starting AI Employee scheduled run
[2026-07-17 01:00:03] Running reasoning loop...
2026-07-17 01:00:04,550 - ReasoningLoop - INFO - No new items to process
[2026-07-17 01:00:04] Running approval orchestrator...
[2026-07-17 01:00:05] AI Employee scheduled run complete
---
[2026-07-17 01:05:02] Starting AI Employee scheduled run
[2026-07-17 01:05:02] Running reasoning loop...
2026-07-17 01:05:04,392 - ReasoningLoop - INFO - No new items to process
[2026-07-17 01:05:04] Running approval orchestrator...
[2026-07-17 01:05:07] AI Employee scheduled run complete
---
[2026-07-17 01:10:03] Starting AI Employee scheduled run
[2026-07-17 01:10:03] Running reasoning loop...
2026-07-17 01:10:05,841 - ReasoningLoop - INFO - No new items to process
[2026-07-17 01:10:05] Running approval orchestrator...
[2026-07-17 01:10:07] AI Employee scheduled run complete
---
[2026-07-17 01:15:03] Starting AI Employee scheduled run
[2026-07-17 01:15:03] Running reasoning loop...
2026-07-17 01:15:04,370 - ReasoningLoop - INFO - No new items to process
[2026-07-17 01:15:04] Running approval orchestrator...
[2026-07-17 01:15:06] AI Employee scheduled run complete
---
[2026-07-17 01:20:03] Starting AI Employee scheduled run
[2026-07-17 01:20:03] Running reasoning loop...
2026-07-17 01:20:05,251 - ReasoningLoop - INFO - No new items to process
[2026-07-17 01:20:05] Running approval orchestrator...
[2026-07-17 01:20:06] AI Employee scheduled run complete
---
[2026-07-17 01:25:04] Starting AI Employee scheduled run
[2026-07-17 01:25:04] Running reasoning loop...
2026-07-17 01:25:06,599 - ReasoningLoop - INFO - No new items to process
[2026-07-17 01:25:06] Running approval orchestrator...
[2026-07-17 01:25:07] AI Employee scheduled run complete
---
[2026-07-17 01:30:03] Starting AI Employee scheduled run
[2026-07-17 01:30:03] Running reasoning loop...
2026-07-17 01:30:05,610 - ReasoningLoop - INFO - No new items to process
[2026-07-17 01:30:05] Running approval orchestrator...
[2026-07-17 01:30:07] AI Employee scheduled run complete
---
[2026-07-17 01:35:04] Starting AI Employee scheduled run
[2026-07-17 01:35:04] Running reasoning loop...
2026-07-17 01:35:06,774 - ReasoningLoop - INFO - No new items to process
[2026-07-17 01:35:06] Running approval orchestrator...
[2026-07-17 01:35:08] AI Employee scheduled run complete
---
[2026-07-17 01:40:04] Starting AI Employee scheduled run
[2026-07-17 01:40:04] Running reasoning loop...
2026-07-17 01:40:06,390 - ReasoningLoop - INFO - No new items to process
[2026-07-17 01:40:06] Running approval orchestrator...
[2026-07-17 01:40:07] AI Employee scheduled run complete
---
[2026-07-17 01:45:03] Starting AI Employee scheduled run
[2026-07-17 01:45:03] Running reasoning loop...
2026-07-17 01:45:05,308 - ReasoningLoop - INFO - No new items to process
[2026-07-17 01:45:05] Running approval orchestrator...
[2026-07-17 01:45:06] AI Employee scheduled run complete
---
[2026-07-17 01:50:03] Starting AI Employee scheduled run
[2026-07-17 01:50:03] Running reasoning loop...
2026-07-17 01:50:05,202 - ReasoningLoop - INFO - No new items to process
[2026-07-17 01:50:05] Running approval orchestrator...
[2026-07-17 01:50:06] AI Employee scheduled run complete
---
[2026-07-17 01:55:04] Starting AI Employee scheduled run
[2026-07-17 01:55:04] Running reasoning loop...
2026-07-17 01:55:05,140 - ReasoningLoop - INFO - No new items to process
[2026-07-17 01:55:05] Running approval orchestrator...
[2026-07-17 01:55:06] AI Employee scheduled run complete
---
[2026-07-17 02:00:03] Starting AI Employee scheduled run
[2026-07-17 02:00:04] Running reasoning loop...
2026-07-17 02:00:05,433 - ReasoningLoop - INFO - No new items to process
[2026-07-17 02:00:05] Running approval orchestrator...
[2026-07-17 02:00:06] AI Employee scheduled run complete
---
[2026-07-17 18:30:01] Starting AI Employee scheduled run
[2026-07-17 18:30:01] Running reasoning loop...
2026-07-17 18:30:04,048 - ReasoningLoop - INFO - No new items to process
[2026-07-17 18:30:04] Running approval orchestrator...
[2026-07-17 18:30:05] AI Employee scheduled run complete
---
[2026-07-17 18:35:01] Starting AI Employee scheduled run
[2026-07-17 18:35:01] Running reasoning loop...
2026-07-17 18:35:03,612 - ReasoningLoop - INFO - No new items to process
[2026-07-17 18:35:03] Running approval orchestrator...
[2026-07-17 18:35:05] AI Employee scheduled run complete
---
[2026-07-17 18:40:02] Starting AI Employee scheduled run
[2026-07-17 18:40:02] Running reasoning loop...
2026-07-17 18:40:04,472 - ReasoningLoop - INFO - No new items to process
[2026-07-17 18:40:04] Running approval orchestrator...
[2026-07-17 18:40:06] AI Employee scheduled run complete
---
[2026-07-17 18:45:03] Starting AI Employee scheduled run
[2026-07-17 18:45:03] Running reasoning loop...
2026-07-17 18:45:05,698 - ReasoningLoop - INFO - No new items to process
[2026-07-17 18:45:05] Running approval orchestrator...
[2026-07-17 18:45:07] AI Employee scheduled run complete
---
[2026-07-17 18:50:03] Starting AI Employee scheduled run
[2026-07-17 18:50:03] Running reasoning loop...
2026-07-17 18:50:04,747 - ReasoningLoop - INFO - No new items to process
[2026-07-17 18:50:04] Running approval orchestrator...
[2026-07-17 18:50:06] AI Employee scheduled run complete
---
[2026-07-17 18:55:02] Starting AI Employee scheduled run
[2026-07-17 18:55:02] Running reasoning loop...
2026-07-17 18:55:04,157 - ReasoningLoop - INFO - No new items to process
[2026-07-17 18:55:04] Running approval orchestrator...
[2026-07-17 18:55:05] AI Employee scheduled run complete
---
[2026-07-17 19:00:02] Starting AI Employee scheduled run
[2026-07-17 19:00:02] Running reasoning loop...
2026-07-17 19:00:04,822 - ReasoningLoop - INFO - No new items to process
[2026-07-17 19:00:04] Running approval orchestrator...
[2026-07-17 19:00:05] AI Employee scheduled run complete
---
[2026-07-17 19:05:03] Starting AI Employee scheduled run
[2026-07-17 19:05:03] Running reasoning loop...
2026-07-17 19:05:04,363 - ReasoningLoop - INFO - No new items to process
[2026-07-17 19:05:04] Running approval orchestrator...
[2026-07-17 19:05:05] AI Employee scheduled run complete
---
[2026-07-17 19:10:03] Starting AI Employee scheduled run
[2026-07-17 19:10:03] Running reasoning loop...
2026-07-17 19:10:04,901 - ReasoningLoop - INFO - No new items to process
[2026-07-17 19:10:04] Running approval orchestrator...
[2026-07-17 19:10:06] AI Employee scheduled run complete
---
[2026-07-17 19:15:03] Starting AI Employee scheduled run
[2026-07-17 19:15:03] Running reasoning loop...
2026-07-17 19:15:04,880 - ReasoningLoop - INFO - No new items to process
[2026-07-17 19:15:04] Running approval orchestrator...
[2026-07-17 19:15:06] AI Employee scheduled run complete
---
[2026-07-17 19:20:01] Starting AI Employee scheduled run
[2026-07-17 19:20:01] Running reasoning loop...
2026-07-17 19:20:03,195 - ReasoningLoop - INFO - No new items to process
[2026-07-17 19:20:03] Running approval orchestrator...
[2026-07-17 19:20:04] AI Employee scheduled run complete
---
[2026-07-17 19:25:03] Starting AI Employee scheduled run
[2026-07-17 19:25:03] Running reasoning loop...
2026-07-17 19:25:04,479 - ReasoningLoop - INFO - No new items to process
[2026-07-17 19:25:04] Running approval orchestrator...
[2026-07-17 19:25:05] AI Employee scheduled run complete
---
[2026-07-17 19:30:03] Starting AI Employee scheduled run
[2026-07-17 19:30:03] Running reasoning loop...
2026-07-17 19:30:04,549 - ReasoningLoop - INFO - No new items to process
[2026-07-17 19:30:04] Running approval orchestrator...
[2026-07-17 19:30:05] AI Employee scheduled run complete
---
[2026-07-17 19:35:03] Starting AI Employee scheduled run
[2026-07-17 19:35:03] Running reasoning loop...
2026-07-17 19:35:05,466 - ReasoningLoop - INFO - No new items to process
[2026-07-17 19:35:05] Running approval orchestrator...
[2026-07-17 19:35:07] AI Employee scheduled run complete
---
[2026-07-17 19:40:02] Starting AI Employee scheduled run
[2026-07-17 19:40:02] Running reasoning loop...
2026-07-17 19:40:04,222 - ReasoningLoop - INFO - No new items to process
[2026-07-17 19:40:04] Running approval orchestrator...
[2026-07-17 19:40:05] AI Employee scheduled run complete
---
[2026-07-17 19:45:01] Starting AI Employee scheduled run
[2026-07-17 19:45:01] Running reasoning loop...
2026-07-17 19:45:02,487 - ReasoningLoop - INFO - No new items to process
[2026-07-17 19:45:02] Running approval orchestrator...
[2026-07-17 19:45:03] AI Employee scheduled run complete
---
[2026-07-17 19:50:03] Starting AI Employee scheduled run
[2026-07-17 19:50:03] Running reasoning loop...
2026-07-17 19:50:05,191 - ReasoningLoop - INFO - No new items to process
[2026-07-17 19:50:05] Running approval orchestrator...
[2026-07-17 19:50:07] AI Employee scheduled run complete
---
[2026-07-17 19:55:03] Starting AI Employee scheduled run
[2026-07-17 19:55:03] Running reasoning loop...
2026-07-17 19:55:04,949 - ReasoningLoop - INFO - No new items to process
[2026-07-17 19:55:04] Running approval orchestrator...
[2026-07-17 19:55:06] AI Employee scheduled run complete
---
[2026-07-17 20:00:02] Starting AI Employee scheduled run
[2026-07-17 20:00:02] Running reasoning loop...
2026-07-17 20:00:04,188 - ReasoningLoop - INFO - No new items to process
[2026-07-17 20:00:04] Running approval orchestrator...
[2026-07-17 20:00:05] AI Employee scheduled run complete
---
[2026-07-17 20:05:03] Starting AI Employee scheduled run
[2026-07-17 20:05:03] Running reasoning loop...
2026-07-17 20:05:04,126 - ReasoningLoop - INFO - No new items to process
[2026-07-17 20:05:04] Running approval orchestrator...
[2026-07-17 20:05:04] AI Employee scheduled run complete
---
[2026-07-17 20:10:02] Starting AI Employee scheduled run
[2026-07-17 20:10:02] Running reasoning loop...
2026-07-17 20:10:02,944 - ReasoningLoop - INFO - No new items to process
[2026-07-17 20:10:02] Running approval orchestrator...
[2026-07-17 20:10:03] AI Employee scheduled run complete
---
[2026-07-17 20:15:02] Starting AI Employee scheduled run
[2026-07-17 20:15:03] Running reasoning loop...
2026-07-17 20:15:03,830 - ReasoningLoop - INFO - No new items to process
[2026-07-17 20:15:03] Running approval orchestrator...
[2026-07-17 20:15:04] AI Employee scheduled run complete
---
[2026-07-17 20:20:03] Starting AI Employee scheduled run
[2026-07-17 20:20:03] Running reasoning loop...
2026-07-17 20:20:04,273 - ReasoningLoop - INFO - No new items to process
[2026-07-17 20:20:04] Running approval orchestrator...
[2026-07-17 20:20:04] AI Employee scheduled run complete
---
[2026-07-17 20:25:03] Starting AI Employee scheduled run
[2026-07-17 20:25:03] Running reasoning loop...
2026-07-17 20:25:04,560 - ReasoningLoop - INFO - No new items to process
[2026-07-17 20:25:04] Running approval orchestrator...
[2026-07-17 20:25:05] AI Employee scheduled run complete
---
[2026-07-17 20:30:03] Starting AI Employee scheduled run
[2026-07-17 20:30:03] Running reasoning loop...
2026-07-17 20:30:04,230 - ReasoningLoop - INFO - No new items to process
[2026-07-17 20:30:04] Running approval orchestrator...
[2026-07-17 20:30:05] AI Employee scheduled run complete
---
[2026-07-17 20:35:03] Starting AI Employee scheduled run
[2026-07-17 20:35:03] Running reasoning loop...
2026-07-17 20:35:03,912 - ReasoningLoop - INFO - No new items to process
[2026-07-17 20:35:03] Running approval orchestrator...
[2026-07-17 20:35:04] AI Employee scheduled run complete
---
[2026-07-17 20:40:03] Starting AI Employee scheduled run
[2026-07-17 20:40:03] Running reasoning loop...
2026-07-17 20:40:04,294 - ReasoningLoop - INFO - No new items to process
[2026-07-17 20:40:04] Running approval orchestrator...
[2026-07-17 20:40:05] AI Employee scheduled run complete
---
