[2026-05-18 20:20:03] Starting AI Employee scheduled run
[2026-05-18 20:20:03] Running reasoning loop...
2026-05-18 20:20:05,830 - ReasoningLoop - INFO - No new items to process
[2026-05-18 20:20:05] Running approval orchestrator...
[2026-05-18 20:20:06] AI Employee scheduled run complete
---
[2026-05-18 20:25:02] Starting AI Employee scheduled run
[2026-05-18 20:25:02] Running reasoning loop...
2026-05-18 20:25:04,199 - ReasoningLoop - INFO - No new items to process
[2026-05-18 20:25:04] Running approval orchestrator...
[2026-05-18 20:25:05] AI Employee scheduled run complete
---
[2026-05-18 20:30:04] Starting AI Employee scheduled run
[2026-05-18 20:30:04] Running reasoning loop...
2026-05-18 20:30:05,348 - ReasoningLoop - INFO - No new items to process
[2026-05-18 20:30:05] Running approval orchestrator...
[2026-05-18 20:30:06] AI Employee scheduled run complete
---
[2026-05-18 20:35:04] Starting AI Employee scheduled run
[2026-05-18 20:35:04] Running reasoning loop...
2026-05-18 20:35:05,390 - ReasoningLoop - INFO - No new items to process
[2026-05-18 20:35:05] Running approval orchestrator...
[2026-05-18 20:35:06] AI Employee scheduled run complete
---
[2026-05-18 20:40:04] Starting AI Employee scheduled run
[2026-05-18 20:40:04] Running reasoning loop...
2026-05-18 20:40:06,044 - ReasoningLoop - INFO - No new items to process
[2026-05-18 20:40:06] Running approval orchestrator...
[2026-05-18 20:40:07] AI Employee scheduled run complete
---
[2026-05-18 20:45:04] Starting AI Employee scheduled run
[2026-05-18 20:45:04] Running reasoning loop...
2026-05-18 20:45:05,020 - ReasoningLoop - INFO - No new items to process
[2026-05-18 20:45:05] Running approval orchestrator...
[2026-05-18 20:45:06] AI Employee scheduled run complete
---
[2026-05-18 20:50:04] Starting AI Employee scheduled run
[2026-05-18 20:50:04] Running reasoning loop...
2026-05-18 20:50:07,691 - ReasoningLoop - INFO - No new items to process
[2026-05-18 20:50:07] Running approval orchestrator...
[2026-05-18 20:50:10] AI Employee scheduled run complete
---
[2026-05-18 20:55:04] Starting AI Employee scheduled run
[2026-05-18 20:55:04] Running reasoning loop...
2026-05-18 20:55:06,381 - ReasoningLoop - INFO - No new items to process
[2026-05-18 20:55:06] Running approval orchestrator...
[2026-05-18 20:55:07] AI Employee scheduled run complete
---
[2026-05-18 21:00:05] Starting AI Employee scheduled run
[2026-05-18 21:00:05] Running reasoning loop...
2026-05-18 21:00:05,990 - ReasoningLoop - INFO - No new items to process
[2026-05-18 21:00:06] Running approval orchestrator...
[2026-05-18 21:00:07] AI Employee scheduled run complete
---
[2026-05-18 21:05:05] Starting AI Employee scheduled run
[2026-05-18 21:05:05] Running reasoning loop...
2026-05-18 21:05:06,424 - ReasoningLoop - INFO - No new items to process
[2026-05-18 21:05:06] Running approval orchestrator...
[2026-05-18 21:05:07] AI Employee scheduled run complete
---
