[2026-06-17 02:00:05] Starting AI Employee scheduled run
[2026-06-17 02:00:05] Running reasoning loop...
2026-06-17 02:00:08,707 - ReasoningLoop - INFO - No new items to process
[2026-06-17 02:00:08] Running approval orchestrator...
[2026-06-17 02:00:10] AI Employee scheduled run complete
---
[2026-06-17 02:05:05] Starting AI Employee scheduled run
[2026-06-17 02:05:05] Running reasoning loop...
2026-06-17 02:05:06,731 - ReasoningLoop - INFO - No new items to process
[2026-06-17 02:05:06] Running approval orchestrator...
[2026-06-17 02:05:07] AI Employee scheduled run complete
---
[2026-06-17 02:10:05] Starting AI Employee scheduled run
[2026-06-17 02:10:05] Running reasoning loop...
2026-06-17 02:10:06,448 - ReasoningLoop - INFO - No new items to process
[2026-06-17 02:10:06] Running approval orchestrator...
[2026-06-17 02:10:07] AI Employee scheduled run complete
---
[2026-06-17 02:15:06] Starting AI Employee scheduled run
[2026-06-17 02:15:06] Running reasoning loop...
2026-06-17 02:15:07,164 - ReasoningLoop - INFO - No new items to process
[2026-06-17 02:15:07] Running approval orchestrator...
[2026-06-17 02:15:07] AI Employee scheduled run complete
---
[2026-06-17 02:20:06] Starting AI Employee scheduled run
[2026-06-17 02:20:06] Running reasoning loop...
2026-06-17 02:20:07,185 - ReasoningLoop - INFO - No new items to process
[2026-06-17 02:20:07] Running approval orchestrator...
[2026-06-17 02:20:08] AI Employee scheduled run complete
---
[2026-06-17 02:25:07] Starting AI Employee scheduled run
[2026-06-17 02:25:07] Running reasoning loop...
2026-06-17 02:25:07,812 - ReasoningLoop - INFO - No new items to process
[2026-06-17 02:25:07] Running approval orchestrator...
[2026-06-17 02:25:08] AI Employee scheduled run complete
---
[2026-06-17 02:30:04] Starting AI Employee scheduled run
[2026-06-17 02:30:04] Running reasoning loop...
2026-06-17 02:30:04,952 - ReasoningLoop - INFO - No new items to process
[2026-06-17 02:30:04] Running approval orchestrator...
[2026-06-17 02:30:06] AI Employee scheduled run complete
---
[2026-06-17 02:35:07] Starting AI Employee scheduled run
[2026-06-17 02:35:07] Running reasoning loop...
2026-06-17 02:35:08,032 - ReasoningLoop - INFO - No new items to process
[2026-06-17 02:35:08] Running approval orchestrator...
[2026-06-17 02:35:09] AI Employee scheduled run complete
---
[2026-06-17 02:40:07] Starting AI Employee scheduled run
[2026-06-17 02:40:07] Running reasoning loop...
2026-06-17 02:40:08,192 - ReasoningLoop - INFO - No new items to process
[2026-06-17 02:40:08] Running approval orchestrator...
[2026-06-17 02:40:09] AI Employee scheduled run complete
---
[2026-06-17 02:45:07] Starting AI Employee scheduled run
[2026-06-17 02:45:07] Running reasoning loop...
2026-06-17 02:45:07,754 - ReasoningLoop - INFO - No new items to process
[2026-06-17 02:45:07] Running approval orchestrator...
[2026-06-17 02:45:08] AI Employee scheduled run complete
---
[2026-06-17 02:50:07] Starting AI Employee scheduled run
[2026-06-17 02:50:07] Running reasoning loop...
2026-06-17 02:50:08,705 - ReasoningLoop - INFO - No new items to process
[2026-06-17 02:50:08] Running approval orchestrator...
[2026-06-17 02:50:09] AI Employee scheduled run complete
---
[2026-06-17 02:55:07] Starting AI Employee scheduled run
[2026-06-17 02:55:07] Running reasoning loop...
2026-06-17 02:55:08,903 - ReasoningLoop - INFO - No new items to process
[2026-06-17 02:55:08] Running approval orchestrator...
[2026-06-17 02:55:10] AI Employee scheduled run complete
---
[2026-06-17 03:00:07] Starting AI Employee scheduled run
[2026-06-17 03:00:07] Running reasoning loop...
2026-06-17 03:00:08,789 - ReasoningLoop - INFO - No new items to process
[2026-06-17 03:00:08] Running approval orchestrator...
[2026-06-17 03:00:09] AI Employee scheduled run complete
---
[2026-06-17 03:05:07] Starting AI Employee scheduled run
[2026-06-17 03:05:07] Running reasoning loop...
2026-06-17 03:05:09,186 - ReasoningLoop - INFO - No new items to process
[2026-06-17 03:05:09] Running approval orchestrator...
[2026-06-17 03:05:10] AI Employee scheduled run complete
---
[2026-06-17 03:10:07] Starting AI Employee scheduled run
[2026-06-17 03:10:07] Running reasoning loop...
2026-06-17 03:10:08,739 - ReasoningLoop - INFO - No new items to process
[2026-06-17 03:10:08] Running approval orchestrator...
[2026-06-17 03:10:09] AI Employee scheduled run complete
---
[2026-06-17 03:15:07] Starting AI Employee scheduled run
[2026-06-17 03:15:07] Running reasoning loop...
2026-06-17 03:15:08,480 - ReasoningLoop - INFO - No new items to process
[2026-06-17 03:15:08] Running approval orchestrator...
[2026-06-17 03:15:09] AI Employee scheduled run complete
---
[2026-06-17 03:20:07] Starting AI Employee scheduled run
[2026-06-17 03:20:07] Running reasoning loop...
2026-06-17 03:20:09,184 - ReasoningLoop - INFO - No new items to process
[2026-06-17 03:20:09] Running approval orchestrator...
[2026-06-17 03:20:10] AI Employee scheduled run complete
---
[2026-06-17 03:25:04] Starting AI Employee scheduled run
[2026-06-17 03:25:04] Running reasoning loop...
2026-06-17 03:25:05,050 - ReasoningLoop - INFO - Processing: EMAIL_20260617_032011_demo.md
2026-06-17 03:25:05,055 - ReasoningLoop - INFO - Created plan: PLAN_20260617_032505_EMAIL_20260617_032011_demo.md
2026-06-17 03:25:05,063 - ReasoningLoop - INFO - Created approval request: APPROVAL_20260617_032505_EMAIL_20260617_032011_demo.md
2026-06-17 03:25:05,075 - ReasoningLoop - INFO - Processed 1 item(s)
[2026-06-17 03:25:05] Running approval orchestrator...
[2026-06-17 03:25:06] AI Employee scheduled run complete
---
[2026-06-17 03:30:04] Starting AI Employee scheduled run
[2026-06-17 03:30:04] Running reasoning loop...
2026-06-17 03:30:05,329 - ReasoningLoop - INFO - No new items to process
[2026-06-17 03:30:05] Running approval orchestrator...
[2026-06-17 03:30:06] AI Employee scheduled run complete
---
[2026-06-17 03:35:05] Starting AI Employee scheduled run
[2026-06-17 03:35:05] Running reasoning loop...
2026-06-17 03:35:16,507 - ReasoningLoop - INFO - No new items to process
[2026-06-17 03:35:16] Running approval orchestrator...
[2026-06-17 03:35:24] AI Employee scheduled run complete
---
[2026-06-17 03:40:05] Starting AI Employee scheduled run
[2026-06-17 03:40:05] Running reasoning loop...
2026-06-17 03:40:09,164 - ReasoningLoop - INFO - No new items to process
[2026-06-17 03:40:09] Running approval orchestrator...
[2026-06-17 03:40:10] AI Employee scheduled run complete
---
[2026-06-17 03:45:07] Starting AI Employee scheduled run
[2026-06-17 03:45:07] Running reasoning loop...
2026-06-17 03:45:09,891 - ReasoningLoop - INFO - No new items to process
[2026-06-17 03:45:09] Running approval orchestrator...
[2026-06-17 03:45:11] AI Employee scheduled run complete
---
[2026-06-17 03:50:07] Starting AI Employee scheduled run
[2026-06-17 03:50:07] Running reasoning loop...
2026-06-17 03:50:08,520 - ReasoningLoop - INFO - No new items to process
[2026-06-17 03:50:08] Running approval orchestrator...
[2026-06-17 03:50:09] AI Employee scheduled run complete
---
[2026-06-17 03:55:07] Starting AI Employee scheduled run
[2026-06-17 03:55:07] Running reasoning loop...
2026-06-17 03:55:08,707 - ReasoningLoop - INFO - No new items to process
[2026-06-17 03:55:08] Running approval orchestrator...
[2026-06-17 03:55:09] AI Employee scheduled run complete
---
[2026-06-17 04:00:07] Starting AI Employee scheduled run
[2026-06-17 04:00:07] Running reasoning loop...
2026-06-17 04:00:09,016 - ReasoningLoop - INFO - No new items to process
[2026-06-17 04:00:09] Running approval orchestrator...
[2026-06-17 04:00:10] AI Employee scheduled run complete
---
[2026-06-17 04:10:06] Starting AI Employee scheduled run
[2026-06-17 04:10:06] Running reasoning loop...
2026-06-17 04:10:08,475 - ReasoningLoop - INFO - No new items to process
[2026-06-17 04:10:08] Running approval orchestrator...
[2026-06-17 04:10:09] AI Employee scheduled run complete
---
[2026-06-17 04:15:03] Starting AI Employee scheduled run
[2026-06-17 04:15:03] Running reasoning loop...
2026-06-17 04:15:04,224 - ReasoningLoop - INFO - No new items to process
[2026-06-17 04:15:04] Running approval orchestrator...
[2026-06-17 04:15:06] AI Employee scheduled run complete
---
[2026-06-17 04:20:05] Starting AI Employee scheduled run
[2026-06-17 04:20:05] Running reasoning loop...
2026-06-17 04:20:05,840 - ReasoningLoop - INFO - No new items to process
[2026-06-17 04:20:05] Running approval orchestrator...
[2026-06-17 04:20:06] AI Employee scheduled run complete
---
[2026-06-17 04:25:05] Starting AI Employee scheduled run
[2026-06-17 04:25:05] Running reasoning loop...
2026-06-17 04:25:07,238 - ReasoningLoop - INFO - No new items to process
[2026-06-17 04:25:07] Running approval orchestrator...
[2026-06-17 04:25:08] AI Employee scheduled run complete
---
[2026-06-17 04:30:06] Starting AI Employee scheduled run
[2026-06-17 04:30:06] Running reasoning loop...
2026-06-17 04:30:08,599 - ReasoningLoop - INFO - No new items to process
[2026-06-17 04:30:08] Running approval orchestrator...
[2026-06-17 04:30:10] AI Employee scheduled run complete
---
[2026-06-17 04:35:06] Starting AI Employee scheduled run
[2026-06-17 04:35:06] Running reasoning loop...
2026-06-17 04:35:07,863 - ReasoningLoop - INFO - No new items to process
[2026-06-17 04:35:07] Running approval orchestrator...
[2026-06-17 04:35:09] AI Employee scheduled run complete
---
[2026-06-17 18:00:05] Starting AI Employee scheduled run
[2026-06-17 18:00:05] Running reasoning loop...
2026-06-17 18:00:07,677 - ReasoningLoop - INFO - No new items to process
[2026-06-17 18:00:07] Running approval orchestrator...
[2026-06-17 18:00:08] AI Employee scheduled run complete
---
[2026-06-17 18:05:06] Starting AI Employee scheduled run
[2026-06-17 18:05:06] Running reasoning loop...
2026-06-17 18:05:07,269 - ReasoningLoop - INFO - No new items to process
[2026-06-17 18:05:07] Running approval orchestrator...
[2026-06-17 18:05:08] AI Employee scheduled run complete
---
[2026-06-17 18:10:06] Starting AI Employee scheduled run
[2026-06-17 18:10:06] Running reasoning loop...
2026-06-17 18:10:07,050 - ReasoningLoop - INFO - No new items to process
[2026-06-17 18:10:07] Running approval orchestrator...
[2026-06-17 18:10:07] AI Employee scheduled run complete
---
[2026-06-17 18:15:07] Starting AI Employee scheduled run
[2026-06-17 18:15:07] Running reasoning loop...
2026-06-17 18:15:07,595 - ReasoningLoop - INFO - No new items to process
[2026-06-17 18:15:07] Running approval orchestrator...
[2026-06-17 18:15:08] AI Employee scheduled run complete
---
[2026-06-17 18:20:04] Starting AI Employee scheduled run
[2026-06-17 18:20:04] Running reasoning loop...
2026-06-17 18:20:06,778 - ReasoningLoop - INFO - No new items to process
[2026-06-17 18:20:06] Running approval orchestrator...
[2026-06-17 18:20:08] AI Employee scheduled run complete
---
[2026-06-17 18:25:07] Starting AI Employee scheduled run
[2026-06-17 18:25:07] Running reasoning loop...
2026-06-17 18:25:09,239 - ReasoningLoop - INFO - No new items to process
[2026-06-17 18:25:09] Running approval orchestrator...
[2026-06-17 18:25:10] AI Employee scheduled run complete
---
[2026-06-17 18:30:05] Starting AI Employee scheduled run
[2026-06-17 18:30:05] Running reasoning loop...
2026-06-17 18:30:06,322 - ReasoningLoop - INFO - No new items to process
[2026-06-17 18:30:06] Running approval orchestrator...
[2026-06-17 18:30:07] AI Employee scheduled run complete
---
[2026-06-17 18:35:05] Starting AI Employee scheduled run
[2026-06-17 18:35:05] Running reasoning loop...
2026-06-17 18:35:06,841 - ReasoningLoop - INFO - No new items to process
[2026-06-17 18:35:06] Running approval orchestrator...
[2026-06-17 18:35:08] AI Employee scheduled run complete
---
[2026-06-17 18:40:07] Starting AI Employee scheduled run
[2026-06-17 18:40:07] Running reasoning loop...
2026-06-17 18:40:08,704 - ReasoningLoop - INFO - No new items to process
[2026-06-17 18:40:08] Running approval orchestrator...
[2026-06-17 18:40:09] AI Employee scheduled run complete
---
[2026-06-17 18:45:06] Starting AI Employee scheduled run
[2026-06-17 18:45:06] Running reasoning loop...
2026-06-17 18:45:08,126 - ReasoningLoop - INFO - No new items to process
[2026-06-17 18:45:08] Running approval orchestrator...
[2026-06-17 18:45:09] AI Employee scheduled run complete
---
[2026-06-17 18:50:07] Starting AI Employee scheduled run
[2026-06-17 18:50:07] Running reasoning loop...
2026-06-17 18:50:08,787 - ReasoningLoop - INFO - No new items to process
[2026-06-17 18:50:08] Running approval orchestrator...
[2026-06-17 18:50:10] AI Employee scheduled run complete
---
[2026-06-17 18:55:05] Starting AI Employee scheduled run
[2026-06-17 18:55:05] Running reasoning loop...
2026-06-17 18:55:06,603 - ReasoningLoop - INFO - No new items to process
[2026-06-17 18:55:06] Running approval orchestrator...
[2026-06-17 18:55:07] AI Employee scheduled run complete
---
[2026-06-17 19:00:07] Starting AI Employee scheduled run
[2026-06-17 19:00:07] Running reasoning loop...
2026-06-17 19:00:08,772 - ReasoningLoop - INFO - No new items to process
[2026-06-17 19:00:08] Running approval orchestrator...
[2026-06-17 19:00:10] AI Employee scheduled run complete
---
[2026-06-17 19:05:06] Starting AI Employee scheduled run
[2026-06-17 19:05:06] Running reasoning loop...
2026-06-17 19:05:08,359 - ReasoningLoop - INFO - No new items to process
[2026-06-17 19:05:08] Running approval orchestrator...
[2026-06-17 19:05:09] AI Employee scheduled run complete
---
[2026-06-17 19:10:07] Starting AI Employee scheduled run
[2026-06-17 19:10:07] Running reasoning loop...
2026-06-17 19:10:08,424 - ReasoningLoop - INFO - No new items to process
[2026-06-17 19:10:08] Running approval orchestrator...
[2026-06-17 19:10:09] AI Employee scheduled run complete
---
[2026-06-17 19:15:07] Starting AI Employee scheduled run
[2026-06-17 19:15:07] Running reasoning loop...
2026-06-17 19:15:12,742 - ReasoningLoop - INFO - No new items to process
[2026-06-17 19:15:12] Running approval orchestrator...
[2026-06-17 19:15:15] AI Employee scheduled run complete
---
[2026-06-17 19:20:07] Starting AI Employee scheduled run
[2026-06-17 19:20:07] Running reasoning loop...
2026-06-17 19:20:09,465 - ReasoningLoop - INFO - No new items to process
[2026-06-17 19:20:09] Running approval orchestrator...
[2026-06-17 19:20:13] AI Employee scheduled run complete
---
[2026-06-17 19:25:07] Starting AI Employee scheduled run
[2026-06-17 19:25:07] Running reasoning loop...
2026-06-17 19:25:09,076 - ReasoningLoop - INFO - No new items to process
[2026-06-17 19:25:09] Running approval orchestrator...
[2026-06-17 19:25:11] AI Employee scheduled run complete
---
[2026-06-17 19:30:07] Starting AI Employee scheduled run
[2026-06-17 19:30:07] Running reasoning loop...
2026-06-17 19:30:09,397 - ReasoningLoop - INFO - No new items to process
[2026-06-17 19:30:09] Running approval orchestrator...
[2026-06-17 19:30:11] AI Employee scheduled run complete
---
[2026-06-17 19:35:05] Starting AI Employee scheduled run
[2026-06-17 19:35:05] Running reasoning loop...
2026-06-17 19:35:08,178 - ReasoningLoop - INFO - No new items to process
[2026-06-17 19:35:08] Running approval orchestrator...
[2026-06-17 19:35:14] AI Employee scheduled run complete
---
[2026-06-17 19:40:04] Starting AI Employee scheduled run
[2026-06-17 19:40:04] Running reasoning loop...
2026-06-17 19:40:06,170 - ReasoningLoop - INFO - No new items to process
[2026-06-17 19:40:06] Running approval orchestrator...
[2026-06-17 19:40:11] AI Employee scheduled run complete
---
[2026-06-17 19:45:04] Starting AI Employee scheduled run
[2026-06-17 19:45:04] Running reasoning loop...
2026-06-17 19:45:09,247 - ReasoningLoop - INFO - No new items to process
[2026-06-17 19:45:09] Running approval orchestrator...
[2026-06-17 19:45:11] AI Employee scheduled run complete
---
[2026-06-17 19:50:07] Starting AI Employee scheduled run
[2026-06-17 19:50:07] Running reasoning loop...
2026-06-17 19:50:10,511 - ReasoningLoop - INFO - No new items to process
[2026-06-17 19:50:10] Running approval orchestrator...
[2026-06-17 19:50:14] AI Employee scheduled run complete
---
[2026-06-17 19:55:07] Starting AI Employee scheduled run
[2026-06-17 19:55:07] Running reasoning loop...
2026-06-17 19:55:10,069 - ReasoningLoop - INFO - No new items to process
[2026-06-17 19:55:10] Running approval orchestrator...
[2026-06-17 19:55:12] AI Employee scheduled run complete
---
[2026-06-17 20:00:07] Starting AI Employee scheduled run
[2026-06-17 20:00:07] Running reasoning loop...
2026-06-17 20:00:09,755 - ReasoningLoop - INFO - No new items to process
[2026-06-17 20:00:09] Running approval orchestrator...
[2026-06-17 20:00:13] AI Employee scheduled run complete
---
[2026-06-17 20:05:07] Starting AI Employee scheduled run
[2026-06-17 20:05:07] Running reasoning loop...
2026-06-17 20:05:09,989 - ReasoningLoop - INFO - No new items to process
[2026-06-17 20:05:10] Running approval orchestrator...
[2026-06-17 20:05:12] AI Employee scheduled run complete
---
[2026-06-17 20:10:07] Starting AI Employee scheduled run
[2026-06-17 20:10:07] Running reasoning loop...
2026-06-17 20:10:08,338 - ReasoningLoop - INFO - No new items to process
[2026-06-17 20:10:08] Running approval orchestrator...
[2026-06-17 20:10:09] AI Employee scheduled run complete
---
[2026-06-17 20:15:07] Starting AI Employee scheduled run
[2026-06-17 20:15:07] Running reasoning loop...
2026-06-17 20:15:08,293 - ReasoningLoop - INFO - No new items to process
[2026-06-17 20:15:08] Running approval orchestrator...
[2026-06-17 20:15:09] AI Employee scheduled run complete
---
[2026-06-17 20:20:07] Starting AI Employee scheduled run
[2026-06-17 20:20:07] Running reasoning loop...
2026-06-17 20:20:08,596 - ReasoningLoop - INFO - No new items to process
[2026-06-17 20:20:08] Running approval orchestrator...
[2026-06-17 20:20:09] AI Employee scheduled run complete
---
[2026-06-17 20:25:07] Starting AI Employee scheduled run
[2026-06-17 20:25:07] Running reasoning loop...
2026-06-17 20:25:08,913 - ReasoningLoop - INFO - No new items to process
[2026-06-17 20:25:08] Running approval orchestrator...
[2026-06-17 20:25:09] AI Employee scheduled run complete
---
[2026-06-17 20:30:07] Starting AI Employee scheduled run
[2026-06-17 20:30:07] Running reasoning loop...
2026-06-17 20:30:08,505 - ReasoningLoop - INFO - No new items to process
[2026-06-17 20:30:08] Running approval orchestrator...
[2026-06-17 20:30:09] AI Employee scheduled run complete
---
[2026-06-17 20:35:04] Starting AI Employee scheduled run
[2026-06-17 20:35:04] Running reasoning loop...
2026-06-17 20:35:05,440 - ReasoningLoop - INFO - No new items to process
[2026-06-17 20:35:05] Running approval orchestrator...
[2026-06-17 20:35:06] AI Employee scheduled run complete
---
[2026-06-17 20:40:04] Starting AI Employee scheduled run
[2026-06-17 20:40:04] Running reasoning loop...
2026-06-17 20:40:09,006 - ReasoningLoop - INFO - No new items to process
[2026-06-17 20:40:09] Running approval orchestrator...
[2026-06-17 20:40:10] AI Employee scheduled run complete
---
[2026-06-17 20:45:07] Starting AI Employee scheduled run
[2026-06-17 20:45:07] Running reasoning loop...
2026-06-17 20:45:09,000 - ReasoningLoop - INFO - No new items to process
[2026-06-17 20:45:09] Running approval orchestrator...
[2026-06-17 20:45:10] AI Employee scheduled run complete
---
[2026-06-17 20:50:07] Starting AI Employee scheduled run
[2026-06-17 20:50:07] Running reasoning loop...
2026-06-17 20:50:08,805 - ReasoningLoop - INFO - No new items to process
[2026-06-17 20:50:08] Running approval orchestrator...
[2026-06-17 20:50:09] AI Employee scheduled run complete
---
[2026-06-17 20:55:07] Starting AI Employee scheduled run
[2026-06-17 20:55:07] Running reasoning loop...
2026-06-17 20:55:09,068 - ReasoningLoop - INFO - No new items to process
[2026-06-17 20:55:09] Running approval orchestrator...
[2026-06-17 20:55:10] AI Employee scheduled run complete
---
[2026-06-17 21:00:07] Starting AI Employee scheduled run
[2026-06-17 21:00:07] Running reasoning loop...
2026-06-17 21:00:09,999 - ReasoningLoop - INFO - No new items to process
[2026-06-17 21:00:10] Running approval orchestrator...
[2026-06-17 21:00:12] AI Employee scheduled run complete
---
[2026-06-17 21:05:07] Starting AI Employee scheduled run
[2026-06-17 21:05:07] Running reasoning loop...
2026-06-17 21:05:09,818 - ReasoningLoop - INFO - No new items to process
[2026-06-17 21:05:09] Running approval orchestrator...
[2026-06-17 21:05:11] AI Employee scheduled run complete
---
[2026-06-17 21:10:07] Starting AI Employee scheduled run
[2026-06-17 21:10:07] Running reasoning loop...
2026-06-17 21:10:09,846 - ReasoningLoop - INFO - No new items to process
[2026-06-17 21:10:09] Running approval orchestrator...
[2026-06-17 21:10:11] AI Employee scheduled run complete
---
[2026-06-17 21:15:07] Starting AI Employee scheduled run
[2026-06-17 21:15:07] Running reasoning loop...
2026-06-17 21:15:09,698 - ReasoningLoop - INFO - No new items to process
[2026-06-17 21:15:09] Running approval orchestrator...
[2026-06-17 21:15:11] AI Employee scheduled run complete
---
[2026-06-17 21:20:07] Starting AI Employee scheduled run
[2026-06-17 21:20:07] Running reasoning loop...
2026-06-17 21:20:09,071 - ReasoningLoop - INFO - No new items to process
[2026-06-17 21:20:09] Running approval orchestrator...
[2026-06-17 21:20:10] AI Employee scheduled run complete
---
[2026-06-17 22:15:03] Starting AI Employee scheduled run
[2026-06-17 22:15:03] Running reasoning loop...
2026-06-17 22:15:06,020 - ReasoningLoop - INFO - No new items to process
[2026-06-17 22:15:06] Running approval orchestrator...
[2026-06-17 22:15:07] AI Employee scheduled run complete
---
[2026-06-17 22:20:06] Starting AI Employee scheduled run
[2026-06-17 22:20:06] Running reasoning loop...
2026-06-17 22:20:07,897 - ReasoningLoop - INFO - No new items to process
[2026-06-17 22:20:07] Running approval orchestrator...
[2026-06-17 22:20:09] AI Employee scheduled run complete
---
[2026-06-17 22:25:06] Starting AI Employee scheduled run
[2026-06-17 22:25:06] Running reasoning loop...
2026-06-17 22:25:07,040 - ReasoningLoop - INFO - No new items to process
[2026-06-17 22:25:07] Running approval orchestrator...
[2026-06-17 22:25:08] AI Employee scheduled run complete
---
[2026-06-17 22:30:07] Starting AI Employee scheduled run
[2026-06-17 22:30:07] Running reasoning loop...
2026-06-17 22:30:10,210 - ReasoningLoop - INFO - No new items to process
[2026-06-17 22:30:10] Running approval orchestrator...
[2026-06-17 22:30:16] AI Employee scheduled run complete
---
[2026-06-17 22:35:04] Starting AI Employee scheduled run
[2026-06-17 22:35:04] Running reasoning loop...
2026-06-17 22:35:04,925 - ReasoningLoop - INFO - No new items to process
[2026-06-17 22:35:04] Running approval orchestrator...
[2026-06-17 22:35:05] AI Employee scheduled run complete
---
[2026-06-17 22:40:06] Starting AI Employee scheduled run
[2026-06-17 22:40:06] Running reasoning loop...
2026-06-17 22:40:07,269 - ReasoningLoop - INFO - No new items to process
[2026-06-17 22:40:07] Running approval orchestrator...
[2026-06-17 22:40:08] AI Employee scheduled run complete
---
