[2026-06-18 16:00:04] Starting AI Employee scheduled run
[2026-06-18 16:00:04] Running reasoning loop...
2026-06-18 16:00:05,711 - ReasoningLoop - INFO - No new items to process
[2026-06-18 16:00:05] Running approval orchestrator...
[2026-06-18 16:00:06] AI Employee scheduled run complete
---
[2026-06-18 16:05:06] Starting AI Employee scheduled run
[2026-06-18 16:05:06] Running reasoning loop...
2026-06-18 16:05:07,133 - ReasoningLoop - INFO - No new items to process
[2026-06-18 16:05:07] Running approval orchestrator...
[2026-06-18 16:05:07] AI Employee scheduled run complete
---
[2026-06-18 16:10:07] Starting AI Employee scheduled run
[2026-06-18 16:10:07] Running reasoning loop...
2026-06-18 16:10:08,253 - ReasoningLoop - INFO - No new items to process
[2026-06-18 16:10:08] Running approval orchestrator...
[2026-06-18 16:10:08] AI Employee scheduled run complete
---
[2026-06-18 16:15:06] Starting AI Employee scheduled run
[2026-06-18 16:15:06] Running reasoning loop...
2026-06-18 16:15:06,707 - ReasoningLoop - INFO - No new items to process
[2026-06-18 16:15:06] Running approval orchestrator...
[2026-06-18 16:15:07] AI Employee scheduled run complete
---
[2026-06-18 16:20:06] Starting AI Employee scheduled run
[2026-06-18 16:20:06] Running reasoning loop...
2026-06-18 16:20:07,398 - ReasoningLoop - INFO - No new items to process
[2026-06-18 16:20:07] Running approval orchestrator...
[2026-06-18 16:20:07] AI Employee scheduled run complete
---
[2026-06-18 16:25:06] Starting AI Employee scheduled run
[2026-06-18 16:25:06] Running reasoning loop...
2026-06-18 16:25:07,845 - ReasoningLoop - INFO - No new items to process
[2026-06-18 16:25:07] Running approval orchestrator...
[2026-06-18 16:25:08] AI Employee scheduled run complete
---
[2026-06-18 16:30:04] Starting AI Employee scheduled run
[2026-06-18 16:30:04] Running reasoning loop...
2026-06-18 16:30:05,246 - ReasoningLoop - INFO - No new items to process
[2026-06-18 16:30:05] Running approval orchestrator...
[2026-06-18 16:30:06] AI Employee scheduled run complete
---
[2026-06-18 16:35:04] Starting AI Employee scheduled run
[2026-06-18 16:35:04] Running reasoning loop...
2026-06-18 16:35:05,605 - ReasoningLoop - INFO - No new items to process
[2026-06-18 16:35:05] Running approval orchestrator...
[2026-06-18 16:35:10] AI Employee scheduled run complete
---
[2026-06-18 16:40:05] Starting AI Employee scheduled run
[2026-06-18 16:40:05] Running reasoning loop...
2026-06-18 16:40:05,631 - ReasoningLoop - INFO - No new items to process
[2026-06-18 16:40:06] Running approval orchestrator...
[2026-06-18 16:40:09] AI Employee scheduled run complete
---
[2026-06-18 16:45:04] Starting AI Employee scheduled run
[2026-06-18 16:45:04] Running reasoning loop...
2026-06-18 16:45:08,762 - ReasoningLoop - INFO - No new items to process
[2026-06-18 16:45:08] Running approval orchestrator...
[2026-06-18 16:45:09] AI Employee scheduled run complete
---
[2026-06-18 16:50:04] Starting AI Employee scheduled run
[2026-06-18 16:50:04] Running reasoning loop...
2026-06-18 16:50:08,765 - ReasoningLoop - INFO - No new items to process
[2026-06-18 16:50:08] Running approval orchestrator...
[2026-06-18 16:50:09] AI Employee scheduled run complete
---
[2026-06-18 16:55:04] Starting AI Employee scheduled run
[2026-06-18 16:55:04] Running reasoning loop...
2026-06-18 16:55:08,882 - ReasoningLoop - INFO - No new items to process
[2026-06-18 16:55:08] Running approval orchestrator...
[2026-06-18 16:55:09] AI Employee scheduled run complete
---
[2026-06-18 17:00:08] Starting AI Employee scheduled run
[2026-06-18 17:00:08] Running reasoning loop...
2026-06-18 17:00:09,478 - ReasoningLoop - INFO - No new items to process
[2026-06-18 17:00:09] Running approval orchestrator...
[2026-06-18 17:00:10] AI Employee scheduled run complete
---
[2026-06-18 17:05:08] Starting AI Employee scheduled run
[2026-06-18 17:05:08] Running reasoning loop...
2026-06-18 17:05:09,266 - ReasoningLoop - INFO - No new items to process
[2026-06-18 17:05:09] Running approval orchestrator...
[2026-06-18 17:05:10] AI Employee scheduled run complete
---
[2026-06-18 17:10:04] Starting AI Employee scheduled run
[2026-06-18 17:10:04] Running reasoning loop...
2026-06-18 17:10:08,803 - ReasoningLoop - INFO - Processing: EMAIL_20260618_170920_demo.md
2026-06-18 17:10:08,814 - ReasoningLoop - INFO - Created plan: PLAN_20260618_171008_EMAIL_20260618_170920_demo.md
2026-06-18 17:10:08,818 - ReasoningLoop - INFO - Created approval request: APPROVAL_20260618_171008_EMAIL_20260618_170920_demo.md
2026-06-18 17:10:08,825 - ReasoningLoop - INFO - Processing: WHATSAPP_20260618_170921_demo.md
2026-06-18 17:10:08,834 - ReasoningLoop - INFO - Created plan: PLAN_20260618_171008_WHATSAPP_20260618_170921_demo.md
2026-06-18 17:10:08,845 - ReasoningLoop - INFO - Processed 2 item(s)
[2026-06-18 17:10:08] Running approval orchestrator...
[2026-06-18 17:10:09] AI Employee scheduled run complete
---
[2026-06-18 17:15:08] Starting AI Employee scheduled run
[2026-06-18 17:15:08] Running reasoning loop...
2026-06-18 17:15:09,258 - ReasoningLoop - INFO - No new items to process
[2026-06-18 17:15:09] Running approval orchestrator...
[2026-06-18 17:15:09] AI Employee scheduled run complete
---
[2026-06-18 17:20:04] Starting AI Employee scheduled run
[2026-06-18 17:20:04] Running reasoning loop...
2026-06-18 17:20:08,883 - ReasoningLoop - INFO - No new items to process
[2026-06-18 17:20:08] Running approval orchestrator...
[2026-06-18 17:20:09] AI Employee scheduled run complete
---
[2026-06-18 17:25:08] Starting AI Employee scheduled run
[2026-06-18 17:25:08] Running reasoning loop...
2026-06-18 17:25:09,299 - ReasoningLoop - INFO - No new items to process
[2026-06-18 17:25:09] Running approval orchestrator...
[2026-06-18 17:25:10] AI Employee scheduled run complete
---
[2026-06-18 17:30:04] Starting AI Employee scheduled run
[2026-06-18 17:30:04] Running reasoning loop...
2026-06-18 17:30:09,109 - ReasoningLoop - INFO - No new items to process
[2026-06-18 17:30:09] Running approval orchestrator...
[2026-06-18 17:30:10] AI Employee scheduled run complete
---
