[2026-07-14 21:05:01] Starting AI Employee scheduled run
[2026-07-14 21:05:01] Running reasoning loop...
2026-07-14 21:05:09,602 - ReasoningLoop - INFO - No new items to process
[2026-07-14 21:05:09] Running approval orchestrator...
[2026-07-14 21:05:19] AI Employee scheduled run complete
---
[2026-07-14 21:10:01] Starting AI Employee scheduled run
[2026-07-14 21:10:01] Running reasoning loop...
2026-07-14 21:10:03,280 - ReasoningLoop - INFO - No new items to process
[2026-07-14 21:10:03] Running approval orchestrator...
[2026-07-14 21:10:04] AI Employee scheduled run complete
---
[2026-07-14 21:15:01] Starting AI Employee scheduled run
[2026-07-14 21:15:01] Running reasoning loop...
2026-07-14 21:15:03,324 - ReasoningLoop - INFO - No new items to process
[2026-07-14 21:15:03] Running approval orchestrator...
[2026-07-14 21:15:04] AI Employee scheduled run complete
---
[2026-07-14 21:20:01] Starting AI Employee scheduled run
[2026-07-14 21:20:01] Running reasoning loop...
2026-07-14 21:20:02,953 - ReasoningLoop - INFO - No new items to process
[2026-07-14 21:20:02] Running approval orchestrator...
[2026-07-14 21:20:04] AI Employee scheduled run complete
---
[2026-07-14 21:25:01] Starting AI Employee scheduled run
[2026-07-14 21:25:01] Running reasoning loop...
2026-07-14 21:25:02,097 - ReasoningLoop - INFO - No new items to process
[2026-07-14 21:25:02] Running approval orchestrator...
[2026-07-14 21:25:02] AI Employee scheduled run complete
---
[2026-07-14 21:30:01] Starting AI Employee scheduled run
[2026-07-14 21:30:01] Running reasoning loop...
2026-07-14 21:30:02,175 - ReasoningLoop - INFO - No new items to process
[2026-07-14 21:30:02] Running approval orchestrator...
[2026-07-14 21:30:03] AI Employee scheduled run complete
---
[2026-07-14 21:35:01] Starting AI Employee scheduled run
[2026-07-14 21:35:01] Running reasoning loop...
2026-07-14 21:35:02,913 - ReasoningLoop - INFO - No new items to process
[2026-07-14 21:35:02] Running approval orchestrator...
[2026-07-14 21:35:03] AI Employee scheduled run complete
---
[2026-07-14 21:40:01] Starting AI Employee scheduled run
[2026-07-14 21:40:01] Running reasoning loop...
2026-07-14 21:40:02,984 - ReasoningLoop - INFO - No new items to process
[2026-07-14 21:40:02] Running approval orchestrator...
[2026-07-14 21:40:04] AI Employee scheduled run complete
---
[2026-07-14 21:45:01] Starting AI Employee scheduled run
[2026-07-14 21:45:01] Running reasoning loop...
2026-07-14 21:45:03,664 - ReasoningLoop - INFO - No new items to process
[2026-07-14 21:45:03] Running approval orchestrator...
[2026-07-14 21:45:05] AI Employee scheduled run complete
---
[2026-07-14 21:50:01] Starting AI Employee scheduled run
[2026-07-14 21:50:01] Running reasoning loop...
2026-07-14 21:50:02,525 - ReasoningLoop - INFO - No new items to process
[2026-07-14 21:50:02] Running approval orchestrator...
[2026-07-14 21:50:03] AI Employee scheduled run complete
---
[2026-07-14 21:55:01] Starting AI Employee scheduled run
[2026-07-14 21:55:01] Running reasoning loop...
2026-07-14 21:55:02,453 - ReasoningLoop - INFO - No new items to process
[2026-07-14 21:55:02] Running approval orchestrator...
[2026-07-14 21:55:03] AI Employee scheduled run complete
---
[2026-07-14 22:00:01] Starting AI Employee scheduled run
[2026-07-14 22:00:01] Running reasoning loop...
2026-07-14 22:00:02,572 - ReasoningLoop - INFO - No new items to process
[2026-07-14 22:00:02] Running approval orchestrator...
[2026-07-14 22:00:03] AI Employee scheduled run complete
---
[2026-07-14 22:05:02] Starting AI Employee scheduled run
[2026-07-14 22:05:02] Running reasoning loop...
2026-07-14 22:05:03,292 - ReasoningLoop - INFO - No new items to process
[2026-07-14 22:05:03] Running approval orchestrator...
[2026-07-14 22:05:04] AI Employee scheduled run complete
---
[2026-07-14 22:10:02] Starting AI Employee scheduled run
[2026-07-14 22:10:02] Running reasoning loop...
2026-07-14 22:10:03,941 - ReasoningLoop - INFO - No new items to process
[2026-07-14 22:10:03] Running approval orchestrator...
[2026-07-14 22:10:04] AI Employee scheduled run complete
---
[2026-07-14 22:15:02] Starting AI Employee scheduled run
[2026-07-14 22:15:02] Running reasoning loop...
2026-07-14 22:15:03,453 - ReasoningLoop - INFO - No new items to process
[2026-07-14 22:15:03] Running approval orchestrator...
[2026-07-14 22:15:04] AI Employee scheduled run complete
---
[2026-07-14 22:20:03] Starting AI Employee scheduled run
[2026-07-14 22:20:03] Running reasoning loop...
2026-07-14 22:20:05,036 - ReasoningLoop - INFO - No new items to process
[2026-07-14 22:20:05] Running approval orchestrator...
[2026-07-14 22:20:06] AI Employee scheduled run complete
---
[2026-07-14 22:25:02] Starting AI Employee scheduled run
[2026-07-14 22:25:02] Running reasoning loop...
2026-07-14 22:25:04,537 - ReasoningLoop - INFO - No new items to process
[2026-07-14 22:25:04] Running approval orchestrator...
[2026-07-14 22:25:06] AI Employee scheduled run complete
---
[2026-07-14 22:30:03] Starting AI Employee scheduled run
[2026-07-14 22:30:03] Running reasoning loop...
2026-07-14 22:30:06,292 - ReasoningLoop - INFO - No new items to process
[2026-07-14 22:30:06] Running approval orchestrator...
[2026-07-14 22:30:08] AI Employee scheduled run complete
---
[2026-07-14 22:35:03] Starting AI Employee scheduled run
[2026-07-14 22:35:03] Running reasoning loop...
2026-07-14 22:35:05,159 - ReasoningLoop - INFO - No new items to process
[2026-07-14 22:35:05] Running approval orchestrator...
[2026-07-14 22:35:06] AI Employee scheduled run complete
---
[2026-07-14 22:40:02] Starting AI Employee scheduled run
[2026-07-14 22:40:02] Running reasoning loop...
2026-07-14 22:40:04,357 - ReasoningLoop - INFO - No new items to process
[2026-07-14 22:40:04] Running approval orchestrator...
[2026-07-14 22:40:05] AI Employee scheduled run complete
---
[2026-07-14 22:45:03] Starting AI Employee scheduled run
[2026-07-14 22:45:03] Running reasoning loop...
2026-07-14 22:45:05,584 - ReasoningLoop - INFO - No new items to process
[2026-07-14 22:45:05] Running approval orchestrator...
[2026-07-14 22:45:06] AI Employee scheduled run complete
---
[2026-07-14 22:50:03] Starting AI Employee scheduled run
[2026-07-14 22:50:03] Running reasoning loop...
2026-07-14 22:50:05,851 - ReasoningLoop - INFO - No new items to process
[2026-07-14 22:50:05] Running approval orchestrator...
[2026-07-14 22:50:07] AI Employee scheduled run complete
---
[2026-07-14 22:55:03] Starting AI Employee scheduled run
[2026-07-14 22:55:03] Running reasoning loop...
2026-07-14 22:55:05,005 - ReasoningLoop - INFO - No new items to process
[2026-07-14 22:55:05] Running approval orchestrator...
[2026-07-14 22:55:06] AI Employee scheduled run complete
---
[2026-07-14 23:00:03] Starting AI Employee scheduled run
[2026-07-14 23:00:03] Running reasoning loop...
2026-07-14 23:00:05,408 - ReasoningLoop - INFO - No new items to process
[2026-07-14 23:00:05] Running approval orchestrator...
[2026-07-14 23:00:06] AI Employee scheduled run complete
---
[2026-07-14 23:05:02] Starting AI Employee scheduled run
[2026-07-14 23:05:02] Running reasoning loop...
2026-07-14 23:05:04,119 - ReasoningLoop - INFO - No new items to process
[2026-07-14 23:05:04] Running approval orchestrator...
[2026-07-14 23:05:05] AI Employee scheduled run complete
---
[2026-07-14 23:10:03] Starting AI Employee scheduled run
[2026-07-14 23:10:03] Running reasoning loop...
2026-07-14 23:10:04,994 - ReasoningLoop - INFO - No new items to process
[2026-07-14 23:10:05] Running approval orchestrator...
[2026-07-14 23:10:06] AI Employee scheduled run complete
---
[2026-07-14 23:15:03] Starting AI Employee scheduled run
[2026-07-14 23:15:03] Running reasoning loop...
2026-07-14 23:15:04,194 - ReasoningLoop - INFO - No new items to process
[2026-07-14 23:15:04] Running approval orchestrator...
[2026-07-14 23:15:05] AI Employee scheduled run complete
---
[2026-07-14 23:20:03] Starting AI Employee scheduled run
[2026-07-14 23:20:03] Running reasoning loop...
2026-07-14 23:20:05,510 - ReasoningLoop - INFO - No new items to process
[2026-07-14 23:20:05] Running approval orchestrator...
[2026-07-14 23:20:07] AI Employee scheduled run complete
---
