[2026-05-12 00:00:01] Starting AI Employee scheduled run
[2026-05-12 00:00:01] Running reasoning loop...
2026-05-12 00:00:03,166 - ReasoningLoop - INFO - No new items to process
[2026-05-12 00:00:03] Running approval orchestrator...
[2026-05-12 00:00:04] AI Employee scheduled run complete
---
[2026-05-12 00:05:01] Starting AI Employee scheduled run
[2026-05-12 00:05:01] Running reasoning loop...
2026-05-12 00:05:02,975 - ReasoningLoop - INFO - No new items to process
[2026-05-12 00:05:03] Running approval orchestrator...
[2026-05-12 00:05:04] AI Employee scheduled run complete
---
[2026-05-12 00:10:01] Starting AI Employee scheduled run
[2026-05-12 00:10:01] Running reasoning loop...
2026-05-12 00:10:02,418 - ReasoningLoop - INFO - No new items to process
[2026-05-12 00:10:02] Running approval orchestrator...
[2026-05-12 00:10:03] AI Employee scheduled run complete
---
[2026-05-12 00:15:01] Starting AI Employee scheduled run
[2026-05-12 00:15:01] Running reasoning loop...
2026-05-12 00:15:04,235 - ReasoningLoop - INFO - No new items to process
[2026-05-12 00:15:04] Running approval orchestrator...
[2026-05-12 00:15:06] AI Employee scheduled run complete
---
[2026-05-12 00:20:01] Starting AI Employee scheduled run
[2026-05-12 00:20:01] Running reasoning loop...
2026-05-12 00:20:03,279 - ReasoningLoop - INFO - No new items to process
[2026-05-12 00:20:03] Running approval orchestrator...
[2026-05-12 00:20:05] AI Employee scheduled run complete
---
[2026-05-12 00:25:01] Starting AI Employee scheduled run
[2026-05-12 00:25:01] Running reasoning loop...
2026-05-12 00:25:03,017 - ReasoningLoop - INFO - No new items to process
[2026-05-12 00:25:03] Running approval orchestrator...
[2026-05-12 00:25:04] AI Employee scheduled run complete
---
[2026-05-12 00:30:01] Starting AI Employee scheduled run
[2026-05-12 00:30:01] Running reasoning loop...
2026-05-12 00:30:03,320 - ReasoningLoop - INFO - No new items to process
[2026-05-12 00:30:03] Running approval orchestrator...
[2026-05-12 00:30:04] AI Employee scheduled run complete
---
[2026-05-12 00:35:02] Starting AI Employee scheduled run
[2026-05-12 00:35:02] Running reasoning loop...
2026-05-12 00:35:03,336 - ReasoningLoop - INFO - No new items to process
[2026-05-12 00:35:03] Running approval orchestrator...
[2026-05-12 00:35:04] AI Employee scheduled run complete
---
[2026-05-12 00:40:01] Starting AI Employee scheduled run
[2026-05-12 00:40:01] Running reasoning loop...
2026-05-12 00:40:03,954 - ReasoningLoop - INFO - No new items to process
[2026-05-12 00:40:03] Running approval orchestrator...
[2026-05-12 00:40:06] AI Employee scheduled run complete
---
[2026-05-12 00:45:01] Starting AI Employee scheduled run
[2026-05-12 00:45:01] Running reasoning loop...
2026-05-12 00:45:03,000 - ReasoningLoop - INFO - No new items to process
[2026-05-12 00:45:03] Running approval orchestrator...
[2026-05-12 00:45:04] AI Employee scheduled run complete
---
[2026-05-12 00:50:02] Starting AI Employee scheduled run
[2026-05-12 00:50:02] Running reasoning loop...
2026-05-12 00:50:02,936 - ReasoningLoop - INFO - No new items to process
[2026-05-12 00:50:02] Running approval orchestrator...
[2026-05-12 00:50:03] AI Employee scheduled run complete
---
[2026-05-12 00:55:02] Starting AI Employee scheduled run
[2026-05-12 00:55:02] Running reasoning loop...
2026-05-12 00:55:02,929 - ReasoningLoop - INFO - No new items to process
[2026-05-12 00:55:02] Running approval orchestrator...
[2026-05-12 00:55:03] AI Employee scheduled run complete
---
[2026-05-12 01:00:02] Starting AI Employee scheduled run
[2026-05-12 01:00:02] Running reasoning loop...
2026-05-12 01:00:04,089 - ReasoningLoop - INFO - No new items to process
[2026-05-12 01:00:04] Running approval orchestrator...
[2026-05-12 01:00:04] AI Employee scheduled run complete
---
[2026-05-12 01:05:02] Starting AI Employee scheduled run
[2026-05-12 01:05:02] Running reasoning loop...
2026-05-12 01:05:04,666 - ReasoningLoop - INFO - No new items to process
[2026-05-12 01:05:04] Running approval orchestrator...
[2026-05-12 01:05:06] AI Employee scheduled run complete
---
[2026-05-12 01:10:01] Starting AI Employee scheduled run
[2026-05-12 01:10:01] Running reasoning loop...
2026-05-12 01:10:03,245 - ReasoningLoop - INFO - No new items to process
[2026-05-12 01:10:03] Running approval orchestrator...
[2026-05-12 01:10:04] AI Employee scheduled run complete
---
[2026-05-12 01:15:02] Starting AI Employee scheduled run
[2026-05-12 01:15:02] Running reasoning loop...
2026-05-12 01:15:02,872 - ReasoningLoop - INFO - No new items to process
[2026-05-12 01:15:02] Running approval orchestrator...
[2026-05-12 01:15:03] AI Employee scheduled run complete
---
[2026-05-12 01:20:02] Starting AI Employee scheduled run
[2026-05-12 01:20:02] Running reasoning loop...
2026-05-12 01:20:03,858 - ReasoningLoop - INFO - No new items to process
[2026-05-12 01:20:03] Running approval orchestrator...
[2026-05-12 01:20:05] AI Employee scheduled run complete
---
[2026-05-12 01:25:01] Starting AI Employee scheduled run
[2026-05-12 01:25:01] Running reasoning loop...
2026-05-12 01:25:03,873 - ReasoningLoop - INFO - No new items to process
[2026-05-12 01:25:03] Running approval orchestrator...
[2026-05-12 01:25:05] AI Employee scheduled run complete
---
[2026-05-12 01:30:01] Starting AI Employee scheduled run
[2026-05-12 01:30:01] Running reasoning loop...
2026-05-12 01:30:02,925 - ReasoningLoop - INFO - No new items to process
[2026-05-12 01:30:02] Running approval orchestrator...
[2026-05-12 01:30:03] AI Employee scheduled run complete
---
[2026-05-12 01:35:02] Starting AI Employee scheduled run
[2026-05-12 01:35:02] Running reasoning loop...
2026-05-12 01:35:03,522 - ReasoningLoop - INFO - No new items to process
[2026-05-12 01:35:03] Running approval orchestrator...
[2026-05-12 01:35:05] AI Employee scheduled run complete
---
[2026-05-12 01:40:01] Starting AI Employee scheduled run
[2026-05-12 01:40:02] Running reasoning loop...
2026-05-12 01:40:05,706 - ReasoningLoop - INFO - No new items to process
[2026-05-12 01:40:05] Running approval orchestrator...
[2026-05-12 01:40:08] AI Employee scheduled run complete
---
[2026-05-12 01:45:01] Starting AI Employee scheduled run
[2026-05-12 01:45:01] Running reasoning loop...
2026-05-12 01:45:04,471 - ReasoningLoop - INFO - No new items to process
[2026-05-12 01:45:04] Running approval orchestrator...
[2026-05-12 01:45:07] AI Employee scheduled run complete
---
[2026-05-12 01:50:01] Starting AI Employee scheduled run
[2026-05-12 01:50:01] Running reasoning loop...
2026-05-12 01:50:03,521 - ReasoningLoop - INFO - No new items to process
[2026-05-12 01:50:03] Running approval orchestrator...
[2026-05-12 01:50:04] AI Employee scheduled run complete
---
[2026-05-12 01:55:01] Starting AI Employee scheduled run
[2026-05-12 01:55:01] Running reasoning loop...
2026-05-12 01:55:04,408 - ReasoningLoop - INFO - No new items to process
[2026-05-12 01:55:04] Running approval orchestrator...
[2026-05-12 01:55:07] AI Employee scheduled run complete
---
[2026-05-12 02:00:01] Starting AI Employee scheduled run
[2026-05-12 02:00:01] Running reasoning loop...
2026-05-12 02:00:04,328 - ReasoningLoop - INFO - No new items to process
[2026-05-12 02:00:04] Running approval orchestrator...
[2026-05-12 02:00:07] AI Employee scheduled run complete
---
[2026-05-12 02:05:01] Starting AI Employee scheduled run
[2026-05-12 02:05:01] Running reasoning loop...
2026-05-12 02:05:05,139 - ReasoningLoop - INFO - No new items to process
[2026-05-12 02:05:05] Running approval orchestrator...
[2026-05-12 02:05:06] AI Employee scheduled run complete
---
[2026-05-12 02:10:01] Starting AI Employee scheduled run
[2026-05-12 02:10:01] Running reasoning loop...
2026-05-12 02:10:03,634 - ReasoningLoop - INFO - No new items to process
[2026-05-12 02:10:03] Running approval orchestrator...
[2026-05-12 02:10:05] AI Employee scheduled run complete
---
[2026-05-12 02:15:02] Starting AI Employee scheduled run
[2026-05-12 02:15:02] Running reasoning loop...
2026-05-12 02:15:03,490 - ReasoningLoop - INFO - No new items to process
[2026-05-12 02:15:03] Running approval orchestrator...
[2026-05-12 02:15:04] AI Employee scheduled run complete
---
[2026-05-12 02:20:02] Starting AI Employee scheduled run
[2026-05-12 02:20:02] Running reasoning loop...
2026-05-12 02:20:04,770 - ReasoningLoop - INFO - No new items to process
[2026-05-12 02:20:04] Running approval orchestrator...
[2026-05-12 02:20:06] AI Employee scheduled run complete
---
[2026-05-12 02:25:01] Starting AI Employee scheduled run
[2026-05-12 02:25:01] Running reasoning loop...
2026-05-12 02:25:03,414 - ReasoningLoop - INFO - No new items to process
[2026-05-12 02:25:03] Running approval orchestrator...
[2026-05-12 02:25:05] AI Employee scheduled run complete
---
[2026-05-12 02:30:01] Starting AI Employee scheduled run
[2026-05-12 02:30:01] Running reasoning loop...
2026-05-12 02:30:04,584 - ReasoningLoop - INFO - Processing: FILE_20260512_022524_test_bronze_tier.md
2026-05-12 02:30:04,612 - ReasoningLoop - INFO - Created plan: PLAN_20260512_023004_FILE_20260512_022524_test_bron.md
2026-05-12 02:30:04,635 - ReasoningLoop - INFO - Processing: FILE_20260512_022826_test_bronze_tier_demo.md
2026-05-12 02:30:04,654 - ReasoningLoop - INFO - Created plan: PLAN_20260512_023004_FILE_20260512_022826_test_bron.md
2026-05-12 02:30:04,686 - ReasoningLoop - INFO - Processed 2 item(s)
[2026-05-12 02:30:04] Running approval orchestrator...
[2026-05-12 02:30:07] AI Employee scheduled run complete
---
[2026-05-12 02:35:02] Starting AI Employee scheduled run
[2026-05-12 02:35:02] Running reasoning loop...
2026-05-12 02:35:04,639 - ReasoningLoop - INFO - Processing: FILE_20260512_023322_bronze_tier_test.md
2026-05-12 02:35:04,659 - ReasoningLoop - INFO - Created plan: PLAN_20260512_023504_FILE_20260512_023322_bronze_ti.md
2026-05-12 02:35:04,688 - ReasoningLoop - INFO - Processed 1 item(s)
[2026-05-12 02:35:04] Running approval orchestrator...
[2026-05-12 02:35:07] AI Employee scheduled run complete
---
[2026-05-12 02:40:01] Starting AI Employee scheduled run
[2026-05-12 02:40:01] Running reasoning loop...
2026-05-12 02:40:03,040 - ReasoningLoop - INFO - No new items to process
[2026-05-12 02:40:03] Running approval orchestrator...
[2026-05-12 02:40:04] AI Employee scheduled run complete
---
[2026-05-12 02:45:01] Starting AI Employee scheduled run
[2026-05-12 02:45:01] Running reasoning loop...
2026-05-12 02:45:03,597 - ReasoningLoop - INFO - No new items to process
[2026-05-12 02:45:03] Running approval orchestrator...
[2026-05-12 02:45:05] AI Employee scheduled run complete
---
[2026-05-12 02:50:01] Starting AI Employee scheduled run
[2026-05-12 02:50:01] Running reasoning loop...
2026-05-12 02:50:03,066 - ReasoningLoop - INFO - No new items to process
[2026-05-12 02:50:03] Running approval orchestrator...
[2026-05-12 02:50:05] AI Employee scheduled run complete
---
[2026-05-12 02:55:01] Starting AI Employee scheduled run
[2026-05-12 02:55:01] Running reasoning loop...
2026-05-12 02:55:02,307 - ReasoningLoop - INFO - Processing: EMAIL_20260512_025455_Fwd_Quick_Check-In_About_Tomor.md
2026-05-12 02:55:02,324 - ReasoningLoop - INFO - Created plan: PLAN_20260512_025502_EMAIL_20260512_025455_Fwd_Quic.md
2026-05-12 02:55:02,342 - ReasoningLoop - INFO - Created approval request: APPROVAL_20260512_025502_EMAIL_20260512_025455_Fwd_Quic.md
2026-05-12 02:55:02,356 - ReasoningLoop - INFO - Processing: EMAIL_20260512_025455_Quick_Check-In_About_Tomorrow.md
2026-05-12 02:55:02,379 - ReasoningLoop - INFO - Created plan: PLAN_20260512_025502_EMAIL_20260512_025455_Quick_Ch.md
2026-05-12 02:55:02,388 - ReasoningLoop - INFO - Created approval request: APPROVAL_20260512_025502_EMAIL_20260512_025455_Quick_Ch.md
2026-05-12 02:55:02,407 - ReasoningLoop - INFO - Processed 2 item(s)
[2026-05-12 02:55:02] Running approval orchestrator...
[2026-05-12 02:55:03] AI Employee scheduled run complete
---
[2026-05-12 03:00:01] Starting AI Employee scheduled run
[2026-05-12 03:00:02] Running reasoning loop...
2026-05-12 03:00:06,834 - ReasoningLoop - INFO - No new items to process
[2026-05-12 03:00:06] Running approval orchestrator...
[2026-05-12 03:00:10] AI Employee scheduled run complete
---
[2026-05-12 03:05:01] Starting AI Employee scheduled run
[2026-05-12 03:05:01] Running reasoning loop...
2026-05-12 03:05:02,531 - ReasoningLoop - INFO - No new items to process
[2026-05-12 03:05:02] Running approval orchestrator...
[2026-05-12 03:05:03] AI Employee scheduled run complete
---
[2026-05-12 03:10:01] Starting AI Employee scheduled run
[2026-05-12 03:10:01] Running reasoning loop...
2026-05-12 03:10:02,078 - ReasoningLoop - INFO - No new items to process
[2026-05-12 03:10:02] Running approval orchestrator...
[2026-05-12 03:10:02] AI Employee scheduled run complete
---
