[2026-06-12 18:40:02] Starting AI Employee scheduled run
[2026-06-12 18:40:02] Running reasoning loop...
2026-06-12 18:40:05,443 - ReasoningLoop - INFO - No new items to process
[2026-06-12 18:40:05] Running approval orchestrator...
[2026-06-12 18:40:06] AI Employee scheduled run complete
---
[2026-06-12 18:45:01] Starting AI Employee scheduled run
[2026-06-12 18:45:01] Running reasoning loop...
2026-06-12 18:45:03,264 - ReasoningLoop - INFO - No new items to process
[2026-06-12 18:45:03] Running approval orchestrator...
[2026-06-12 18:45:04] AI Employee scheduled run complete
---
[2026-06-12 18:50:04] Starting AI Employee scheduled run
[2026-06-12 18:50:04] Running reasoning loop...
2026-06-12 18:50:05,451 - ReasoningLoop - INFO - No new items to process
[2026-06-12 18:50:05] Running approval orchestrator...
[2026-06-12 18:50:06] AI Employee scheduled run complete
---
[2026-06-12 18:55:03] Starting AI Employee scheduled run
[2026-06-12 18:55:03] Running reasoning loop...
2026-06-12 18:55:06,621 - ReasoningLoop - INFO - No new items to process
[2026-06-12 18:55:06] Running approval orchestrator...
[2026-06-12 18:55:07] AI Employee scheduled run complete
---
[2026-06-12 19:00:04] Starting AI Employee scheduled run
[2026-06-12 19:00:04] Running reasoning loop...
2026-06-12 19:00:06,549 - ReasoningLoop - INFO - No new items to process
[2026-06-12 19:00:06] Running approval orchestrator...
[2026-06-12 19:00:07] AI Employee scheduled run complete
---
[2026-06-12 19:05:04] Starting AI Employee scheduled run
[2026-06-12 19:05:04] Running reasoning loop...
2026-06-12 19:05:05,818 - ReasoningLoop - INFO - No new items to process
[2026-06-12 19:05:05] Running approval orchestrator...
[2026-06-12 19:05:07] AI Employee scheduled run complete
---
[2026-06-12 19:10:03] Starting AI Employee scheduled run
[2026-06-12 19:10:03] Running reasoning loop...
2026-06-12 19:10:04,212 - ReasoningLoop - INFO - No new items to process
[2026-06-12 19:10:04] Running approval orchestrator...
[2026-06-12 19:10:05] AI Employee scheduled run complete
---
[2026-06-12 19:15:05] Starting AI Employee scheduled run
[2026-06-12 19:15:05] Running reasoning loop...
2026-06-12 19:15:06,333 - ReasoningLoop - INFO - No new items to process
[2026-06-12 19:15:06] Running approval orchestrator...
[2026-06-12 19:15:07] AI Employee scheduled run complete
---
[2026-06-12 19:20:04] Starting AI Employee scheduled run
[2026-06-12 19:20:04] Running reasoning loop...
2026-06-12 19:20:05,766 - ReasoningLoop - INFO - No new items to process
[2026-06-12 19:20:05] Running approval orchestrator...
[2026-06-12 19:20:06] AI Employee scheduled run complete
---
[2026-06-12 19:25:05] Starting AI Employee scheduled run
[2026-06-12 19:25:05] Running reasoning loop...
2026-06-12 19:25:07,032 - ReasoningLoop - INFO - No new items to process
[2026-06-12 19:25:07] Running approval orchestrator...
[2026-06-12 19:25:08] AI Employee scheduled run complete
---
[2026-06-12 19:30:03] Starting AI Employee scheduled run
[2026-06-12 19:30:03] Running reasoning loop...
2026-06-12 19:30:05,907 - ReasoningLoop - INFO - No new items to process
[2026-06-12 19:30:05] Running approval orchestrator...
[2026-06-12 19:30:07] AI Employee scheduled run complete
---
[2026-06-12 19:50:02] Starting AI Employee scheduled run
[2026-06-12 19:50:02] Running reasoning loop...
2026-06-12 19:50:03,852 - ReasoningLoop - INFO - No new items to process
[2026-06-12 19:50:03] Running approval orchestrator...
[2026-06-12 19:50:04] AI Employee scheduled run complete
---
[2026-06-12 19:55:03] Starting AI Employee scheduled run
[2026-06-12 19:55:03] Running reasoning loop...
2026-06-12 19:55:04,493 - ReasoningLoop - INFO - No new items to process
[2026-06-12 19:55:04] Running approval orchestrator...
[2026-06-12 19:55:05] AI Employee scheduled run complete
---
[2026-06-12 20:00:03] Starting AI Employee scheduled run
[2026-06-12 20:00:03] Running reasoning loop...
2026-06-12 20:00:03,884 - ReasoningLoop - INFO - No new items to process
[2026-06-12 20:00:03] Running approval orchestrator...
[2026-06-12 20:00:05] AI Employee scheduled run complete
---
[2026-06-12 20:05:03] Starting AI Employee scheduled run
[2026-06-12 20:05:03] Running reasoning loop...
2026-06-12 20:05:04,141 - ReasoningLoop - INFO - No new items to process
[2026-06-12 20:05:04] Running approval orchestrator...
[2026-06-12 20:05:05] AI Employee scheduled run complete
---
[2026-06-12 20:10:02] Starting AI Employee scheduled run
[2026-06-12 20:10:02] Running reasoning loop...
2026-06-12 20:10:03,144 - ReasoningLoop - INFO - No new items to process
[2026-06-12 20:10:03] Running approval orchestrator...
[2026-06-12 20:10:04] AI Employee scheduled run complete
---
[2026-06-12 20:15:03] Starting AI Employee scheduled run
[2026-06-12 20:15:03] Running reasoning loop...
2026-06-12 20:15:04,305 - ReasoningLoop - INFO - No new items to process
[2026-06-12 20:15:04] Running approval orchestrator...
[2026-06-12 20:15:05] AI Employee scheduled run complete
---
[2026-06-12 20:20:03] Starting AI Employee scheduled run
[2026-06-12 20:20:03] Running reasoning loop...
2026-06-12 20:20:05,149 - ReasoningLoop - INFO - No new items to process
[2026-06-12 20:20:05] Running approval orchestrator...
[2026-06-12 20:20:06] AI Employee scheduled run complete
---
[2026-06-12 20:25:01] Starting AI Employee scheduled run
[2026-06-12 20:25:01] Running reasoning loop...
2026-06-12 20:25:03,327 - ReasoningLoop - INFO - No new items to process
[2026-06-12 20:25:03] Running approval orchestrator...
[2026-06-12 20:25:04] AI Employee scheduled run complete
---
[2026-06-12 20:30:02] Starting AI Employee scheduled run
[2026-06-12 20:30:02] Running reasoning loop...
2026-06-12 20:30:04,313 - ReasoningLoop - INFO - No new items to process
[2026-06-12 20:30:04] Running approval orchestrator...
[2026-06-12 20:30:05] AI Employee scheduled run complete
---
[2026-06-12 20:35:03] Starting AI Employee scheduled run
[2026-06-12 20:35:03] Running reasoning loop...
2026-06-12 20:35:04,763 - ReasoningLoop - INFO - No new items to process
[2026-06-12 20:35:04] Running approval orchestrator...
[2026-06-12 20:35:05] AI Employee scheduled run complete
---
