[2026-07-25 00:00:02] Starting AI Employee scheduled run
[2026-07-25 00:00:02] Running reasoning loop...
2026-07-25 00:00:03,157 - ReasoningLoop - INFO - No new items to process
[2026-07-25 00:00:03] Running approval orchestrator...
[2026-07-25 00:00:04] AI Employee scheduled run complete
---
[2026-07-25 00:05:02] Starting AI Employee scheduled run
[2026-07-25 00:05:02] Running reasoning loop...
2026-07-25 00:05:03,554 - ReasoningLoop - INFO - No new items to process
[2026-07-25 00:05:03] Running approval orchestrator...
[2026-07-25 00:05:04] AI Employee scheduled run complete
---
[2026-07-25 00:10:03] Starting AI Employee scheduled run
[2026-07-25 00:10:03] Running reasoning loop...
2026-07-25 00:10:04,183 - ReasoningLoop - INFO - No new items to process
[2026-07-25 00:10:04] Running approval orchestrator...
[2026-07-25 00:10:05] AI Employee scheduled run complete
---
[2026-07-25 00:15:02] Starting AI Employee scheduled run
[2026-07-25 00:15:02] Running reasoning loop...
2026-07-25 00:15:06,147 - ReasoningLoop - INFO - No new items to process
[2026-07-25 00:15:06] Running approval orchestrator...
[2026-07-25 00:15:07] AI Employee scheduled run complete
---
[2026-07-25 00:20:03] Starting AI Employee scheduled run
[2026-07-25 00:20:03] Running reasoning loop...
2026-07-25 00:20:04,992 - ReasoningLoop - INFO - No new items to process
[2026-07-25 00:20:05] Running approval orchestrator...
[2026-07-25 00:20:06] AI Employee scheduled run complete
---
[2026-07-25 00:25:02] Starting AI Employee scheduled run
[2026-07-25 00:25:02] Running reasoning loop...
2026-07-25 00:25:03,126 - ReasoningLoop - INFO - No new items to process
[2026-07-25 00:25:03] Running approval orchestrator...
[2026-07-25 00:25:04] AI Employee scheduled run complete
---
[2026-07-25 00:30:02] Starting AI Employee scheduled run
[2026-07-25 00:30:02] Running reasoning loop...
2026-07-25 00:30:03,481 - ReasoningLoop - INFO - No new items to process
[2026-07-25 00:30:03] Running approval orchestrator...
[2026-07-25 00:30:04] AI Employee scheduled run complete
---
[2026-07-25 00:35:02] Starting AI Employee scheduled run
[2026-07-25 00:35:02] Running reasoning loop...
2026-07-25 00:35:03,039 - ReasoningLoop - INFO - No new items to process
[2026-07-25 00:35:03] Running approval orchestrator...
[2026-07-25 00:35:03] AI Employee scheduled run complete
---
[2026-07-25 00:40:02] Starting AI Employee scheduled run
[2026-07-25 00:40:02] Running reasoning loop...
2026-07-25 00:40:04,227 - ReasoningLoop - INFO - No new items to process
[2026-07-25 00:40:04] Running approval orchestrator...
[2026-07-25 00:40:05] AI Employee scheduled run complete
---
[2026-07-25 00:45:03] Starting AI Employee scheduled run
[2026-07-25 00:45:03] Running reasoning loop...
2026-07-25 00:45:04,785 - ReasoningLoop - INFO - No new items to process
[2026-07-25 00:45:04] Running approval orchestrator...
[2026-07-25 00:45:06] AI Employee scheduled run complete
---
[2026-07-25 00:50:02] Starting AI Employee scheduled run
[2026-07-25 00:50:02] Running reasoning loop...
2026-07-25 00:50:04,177 - ReasoningLoop - INFO - No new items to process
[2026-07-25 00:50:04] Running approval orchestrator...
[2026-07-25 00:50:05] AI Employee scheduled run complete
---
[2026-07-25 00:55:02] Starting AI Employee scheduled run
[2026-07-25 00:55:02] Running reasoning loop...
2026-07-25 00:55:03,912 - ReasoningLoop - INFO - No new items to process
[2026-07-25 00:55:03] Running approval orchestrator...
[2026-07-25 00:55:05] AI Employee scheduled run complete
---
[2026-07-25 01:00:02] Starting AI Employee scheduled run
[2026-07-25 01:00:02] Running reasoning loop...
2026-07-25 01:00:03,473 - ReasoningLoop - INFO - No new items to process
[2026-07-25 01:00:03] Running approval orchestrator...
[2026-07-25 01:00:05] AI Employee scheduled run complete
---
[2026-07-25 01:05:03] Starting AI Employee scheduled run
[2026-07-25 01:05:03] Running reasoning loop...
2026-07-25 01:05:04,511 - ReasoningLoop - INFO - No new items to process
[2026-07-25 01:05:04] Running approval orchestrator...
[2026-07-25 01:05:05] AI Employee scheduled run complete
---
[2026-07-25 01:10:03] Starting AI Employee scheduled run
[2026-07-25 01:10:03] Running reasoning loop...
2026-07-25 01:10:04,740 - ReasoningLoop - INFO - No new items to process
[2026-07-25 01:10:04] Running approval orchestrator...
[2026-07-25 01:10:05] AI Employee scheduled run complete
---
[2026-07-25 21:20:02] Starting AI Employee scheduled run
[2026-07-25 21:20:03] Running reasoning loop...
2026-07-25 21:20:06,090 - ReasoningLoop - INFO - No new items to process
[2026-07-25 21:20:06] Running approval orchestrator...
[2026-07-25 21:20:07] AI Employee scheduled run complete
---
[2026-07-25 21:25:03] Starting AI Employee scheduled run
[2026-07-25 21:25:03] Running reasoning loop...
2026-07-25 21:25:05,098 - ReasoningLoop - INFO - No new items to process
[2026-07-25 21:25:05] Running approval orchestrator...
[2026-07-25 21:25:06] AI Employee scheduled run complete
---
[2026-07-25 21:30:03] Starting AI Employee scheduled run
[2026-07-25 21:30:03] Running reasoning loop...
2026-07-25 21:30:04,900 - ReasoningLoop - INFO - No new items to process
[2026-07-25 21:30:04] Running approval orchestrator...
[2026-07-25 21:30:07] AI Employee scheduled run complete
---
[2026-07-25 21:35:03] Starting AI Employee scheduled run
[2026-07-25 21:35:03] Running reasoning loop...
2026-07-25 21:35:04,374 - ReasoningLoop - INFO - No new items to process
[2026-07-25 21:35:04] Running approval orchestrator...
[2026-07-25 21:35:05] AI Employee scheduled run complete
---
[2026-07-25 21:40:03] Starting AI Employee scheduled run
[2026-07-25 21:40:03] Running reasoning loop...
2026-07-25 21:40:04,836 - ReasoningLoop - INFO - No new items to process
[2026-07-25 21:40:04] Running approval orchestrator...
[2026-07-25 21:40:05] AI Employee scheduled run complete
---
[2026-07-25 21:45:05] Starting AI Employee scheduled run
[2026-07-25 21:45:05] Running reasoning loop...
2026-07-25 21:45:31,141 - ReasoningLoop - INFO - No new items to process
[2026-07-25 21:45:31] Running approval orchestrator...
[2026-07-25 21:45:52] AI Employee scheduled run complete
---
[2026-07-25 21:50:04] Starting AI Employee scheduled run
[2026-07-25 21:50:04] Running reasoning loop...
2026-07-25 21:50:05,215 - ReasoningLoop - INFO - No new items to process
[2026-07-25 21:50:05] Running approval orchestrator...
[2026-07-25 21:50:06] AI Employee scheduled run complete
---
[2026-07-25 21:55:03] Starting AI Employee scheduled run
[2026-07-25 21:55:03] Running reasoning loop...
2026-07-25 21:55:04,716 - ReasoningLoop - INFO - No new items to process
[2026-07-25 21:55:04] Running approval orchestrator...
[2026-07-25 21:55:05] AI Employee scheduled run complete
---
[2026-07-25 22:00:03] Starting AI Employee scheduled run
[2026-07-25 22:00:03] Running reasoning loop...
2026-07-25 22:00:06,102 - ReasoningLoop - INFO - No new items to process
[2026-07-25 22:00:06] Running approval orchestrator...
[2026-07-25 22:00:09] AI Employee scheduled run complete
---
[2026-07-25 22:05:05] Starting AI Employee scheduled run
[2026-07-25 22:05:05] Running reasoning loop...
2026-07-25 22:05:38,710 - ReasoningLoop - INFO - No new items to process
[2026-07-25 22:05:38] Running approval orchestrator...
[2026-07-25 22:06:05] AI Employee scheduled run complete
---
[2026-07-25 22:10:03] Starting AI Employee scheduled run
[2026-07-25 22:10:03] Running reasoning loop...
2026-07-25 22:10:18,133 - ReasoningLoop - INFO - No new items to process
[2026-07-25 22:10:18] Running approval orchestrator...
[2026-07-25 22:10:29] AI Employee scheduled run complete
---
[2026-07-25 22:15:03] Starting AI Employee scheduled run
[2026-07-25 22:15:03] Running reasoning loop...
2026-07-25 22:15:05,758 - ReasoningLoop - INFO - No new items to process
[2026-07-25 22:15:05] Running approval orchestrator...
[2026-07-25 22:15:08] AI Employee scheduled run complete
---
[2026-07-25 22:20:03] Starting AI Employee scheduled run
[2026-07-25 22:20:03] Running reasoning loop...
2026-07-25 22:20:05,515 - ReasoningLoop - INFO - No new items to process
[2026-07-25 22:20:05] Running approval orchestrator...
[2026-07-25 22:20:06] AI Employee scheduled run complete
---
[2026-07-25 22:25:04] Starting AI Employee scheduled run
[2026-07-25 22:25:04] Running reasoning loop...
2026-07-25 22:25:06,288 - ReasoningLoop - INFO - No new items to process
[2026-07-25 22:25:06] Running approval orchestrator...
[2026-07-25 22:25:08] AI Employee scheduled run complete
---
[2026-07-25 22:30:05] Starting AI Employee scheduled run
[2026-07-25 22:30:06] Running reasoning loop...
2026-07-25 22:30:24,113 - ReasoningLoop - INFO - No new items to process
[2026-07-25 22:30:24] Running approval orchestrator...
[2026-07-25 22:30:39] AI Employee scheduled run complete
---
[2026-07-25 22:35:03] Starting AI Employee scheduled run
[2026-07-25 22:35:03] Running reasoning loop...
2026-07-25 22:35:10,599 - ReasoningLoop - INFO - No new items to process
[2026-07-25 22:35:10] Running approval orchestrator...
[2026-07-25 22:35:18] AI Employee scheduled run complete
---
[2026-07-25 22:40:03] Starting AI Employee scheduled run
[2026-07-25 22:40:03] Running reasoning loop...
2026-07-25 22:40:08,861 - ReasoningLoop - INFO - No new items to process
[2026-07-25 22:40:08] Running approval orchestrator...
[2026-07-25 22:40:15] AI Employee scheduled run complete
---
[2026-07-25 22:45:04] Starting AI Employee scheduled run
[2026-07-25 22:45:04] Running reasoning loop...
2026-07-25 22:45:07,241 - ReasoningLoop - INFO - No new items to process
[2026-07-25 22:45:07] Running approval orchestrator...
[2026-07-25 22:45:10] AI Employee scheduled run complete
---
[2026-07-25 22:50:04] Starting AI Employee scheduled run
[2026-07-25 22:50:04] Running reasoning loop...
2026-07-25 22:50:06,955 - ReasoningLoop - INFO - No new items to process
[2026-07-25 22:50:07] Running approval orchestrator...
[2026-07-25 22:50:10] AI Employee scheduled run complete
---
[2026-07-25 22:55:04] Starting AI Employee scheduled run
[2026-07-25 22:55:04] Running reasoning loop...
2026-07-25 22:55:07,274 - ReasoningLoop - INFO - No new items to process
[2026-07-25 22:55:07] Running approval orchestrator...
[2026-07-25 22:55:09] AI Employee scheduled run complete
---
[2026-07-25 23:00:03] Starting AI Employee scheduled run
[2026-07-25 23:00:03] Running reasoning loop...
2026-07-25 23:00:05,396 - ReasoningLoop - INFO - No new items to process
[2026-07-25 23:00:05] Running approval orchestrator...
[2026-07-25 23:00:07] AI Employee scheduled run complete
---
[2026-07-25 23:05:04] Starting AI Employee scheduled run
[2026-07-25 23:05:04] Running reasoning loop...
2026-07-25 23:05:07,215 - ReasoningLoop - INFO - No new items to process
[2026-07-25 23:05:07] Running approval orchestrator...
[2026-07-25 23:05:09] AI Employee scheduled run complete
---
[2026-07-25 23:10:04] Starting AI Employee scheduled run
[2026-07-25 23:10:05] Running reasoning loop...
2026-07-25 23:10:17,141 - ReasoningLoop - INFO - No new items to process
[2026-07-25 23:10:17] Running approval orchestrator...
[2026-07-25 23:10:31] AI Employee scheduled run complete
---
[2026-07-25 23:15:04] Starting AI Employee scheduled run
[2026-07-25 23:15:04] Running reasoning loop...
2026-07-25 23:15:16,660 - ReasoningLoop - INFO - No new items to process
[2026-07-25 23:15:16] Running approval orchestrator...
[2026-07-25 23:15:19] AI Employee scheduled run complete
---
[2026-07-25 23:20:04] Starting AI Employee scheduled run
[2026-07-25 23:20:04] Running reasoning loop...
2026-07-25 23:20:06,287 - ReasoningLoop - INFO - No new items to process
[2026-07-25 23:20:06] Running approval orchestrator...
[2026-07-25 23:20:07] AI Employee scheduled run complete
---
[2026-07-25 23:25:04] Starting AI Employee scheduled run
[2026-07-25 23:25:04] Running reasoning loop...
2026-07-25 23:25:18,375 - ReasoningLoop - INFO - No new items to process
[2026-07-25 23:25:18] Running approval orchestrator...
[2026-07-25 23:25:29] AI Employee scheduled run complete
---
[2026-07-25 23:30:03] Starting AI Employee scheduled run
[2026-07-25 23:30:03] Running reasoning loop...
2026-07-25 23:30:07,227 - ReasoningLoop - INFO - No new items to process
[2026-07-25 23:30:07] Running approval orchestrator...
[2026-07-25 23:30:13] AI Employee scheduled run complete
---
[2026-07-25 23:35:03] Starting AI Employee scheduled run
[2026-07-25 23:35:03] Running reasoning loop...
2026-07-25 23:35:06,116 - ReasoningLoop - INFO - No new items to process
[2026-07-25 23:35:06] Running approval orchestrator...
[2026-07-25 23:35:08] AI Employee scheduled run complete
---
[2026-07-25 23:40:04] Starting AI Employee scheduled run
[2026-07-25 23:40:04] Running reasoning loop...
2026-07-25 23:40:05,206 - ReasoningLoop - INFO - No new items to process
[2026-07-25 23:40:05] Running approval orchestrator...
[2026-07-25 23:40:06] AI Employee scheduled run complete
---
[2026-07-25 23:45:04] Starting AI Employee scheduled run
[2026-07-25 23:45:04] Running reasoning loop...
2026-07-25 23:45:06,239 - ReasoningLoop - INFO - No new items to process
[2026-07-25 23:45:06] Running approval orchestrator...
[2026-07-25 23:45:08] AI Employee scheduled run complete
---
[2026-07-25 23:50:04] Starting AI Employee scheduled run
[2026-07-25 23:50:04] Running reasoning loop...
2026-07-25 23:50:06,409 - ReasoningLoop - INFO - No new items to process
[2026-07-25 23:50:06] Running approval orchestrator...
[2026-07-25 23:50:08] AI Employee scheduled run complete
---
[2026-07-25 23:55:04] Starting AI Employee scheduled run
[2026-07-25 23:55:04] Running reasoning loop...
2026-07-25 23:55:07,399 - ReasoningLoop - INFO - No new items to process
[2026-07-25 23:55:07] Running approval orchestrator...
[2026-07-25 23:55:11] AI Employee scheduled run complete
---
