[2026-04-22 03:25:01] Starting AI Employee scheduled run
[2026-04-22 03:25:01] Running reasoning loop...
2026-04-22 03:25:02,365 - ReasoningLoop - INFO - No new items to process
[2026-04-22 03:25:02] Running approval orchestrator...
[2026-04-22 03:25:03] AI Employee scheduled run complete
---
[2026-04-22 03:25:13] Starting AI Employee scheduled run
[2026-04-22 03:25:13] Running reasoning loop...
2026-04-22 03:25:14,460 - ReasoningLoop - INFO - No new items to process
[2026-04-22 03:25:14] Running approval orchestrator...
[2026-04-22 03:25:16] AI Employee scheduled run complete
---
[2026-04-22 03:30:01] Starting AI Employee scheduled run
[2026-04-22 03:30:01] Running reasoning loop...
2026-04-22 03:30:03,198 - ReasoningLoop - INFO - No new items to process
[2026-04-22 03:30:03] Running approval orchestrator...
[2026-04-22 03:30:04] AI Employee scheduled run complete
---
[2026-04-22 03:35:01] Starting AI Employee scheduled run
[2026-04-22 03:35:01] Running reasoning loop...
2026-04-22 03:35:04,060 - ReasoningLoop - INFO - No new items to process
[2026-04-22 03:35:04] Running approval orchestrator...
[2026-04-22 03:35:05] AI Employee scheduled run complete
---
[2026-04-22 03:40:01] Starting AI Employee scheduled run
[2026-04-22 03:40:01] Running reasoning loop...
2026-04-22 03:40:03,201 - ReasoningLoop - INFO - No new items to process
[2026-04-22 03:40:03] Running approval orchestrator...
[2026-04-22 03:40:04] AI Employee scheduled run complete
---
[2026-04-22 15:10:02] Starting AI Employee scheduled run
[2026-04-22 15:10:02] Running reasoning loop...
2026-04-22 15:10:04,688 - ReasoningLoop - INFO - No new items to process
[2026-04-22 15:10:04] Running approval orchestrator...
[2026-04-22 15:10:06] AI Employee scheduled run complete
---
[2026-04-22 15:15:02] Starting AI Employee scheduled run
[2026-04-22 15:15:02] Running reasoning loop...
2026-04-22 15:15:04,338 - ReasoningLoop - INFO - No new items to process
[2026-04-22 15:15:04] Running approval orchestrator...
[2026-04-22 15:15:06] AI Employee scheduled run complete
---
[2026-04-22 15:20:02] Starting AI Employee scheduled run
[2026-04-22 15:20:02] Running reasoning loop...
2026-04-22 15:20:05,678 - ReasoningLoop - INFO - No new items to process
[2026-04-22 15:20:05] Running approval orchestrator...
[2026-04-22 15:20:07] AI Employee scheduled run complete
---
[2026-04-22 15:25:02] Starting AI Employee scheduled run
[2026-04-22 15:25:02] Running reasoning loop...
2026-04-22 15:25:04,841 - ReasoningLoop - INFO - No new items to process
[2026-04-22 15:25:04] Running approval orchestrator...
[2026-04-22 15:25:06] AI Employee scheduled run complete
---
[2026-04-22 15:30:01] Starting AI Employee scheduled run
[2026-04-22 15:30:01] Running reasoning loop...
2026-04-22 15:30:03,303 - ReasoningLoop - INFO - No new items to process
[2026-04-22 15:30:03] Running approval orchestrator...
[2026-04-22 15:30:04] AI Employee scheduled run complete
---
[2026-04-22 15:35:01] Starting AI Employee scheduled run
[2026-04-22 15:35:01] Running reasoning loop...
2026-04-22 15:35:02,811 - ReasoningLoop - INFO - No new items to process
[2026-04-22 15:35:02] Running approval orchestrator...
[2026-04-22 15:35:04] AI Employee scheduled run complete
---
[2026-04-22 15:40:01] Starting AI Employee scheduled run
[2026-04-22 15:40:01] Running reasoning loop...
2026-04-22 15:40:02,991 - ReasoningLoop - INFO - No new items to process
[2026-04-22 15:40:03] Running approval orchestrator...
[2026-04-22 15:40:03] AI Employee scheduled run complete
---
[2026-04-22 15:45:01] Starting AI Employee scheduled run
[2026-04-22 15:45:01] Running reasoning loop...
2026-04-22 15:45:02,787 - ReasoningLoop - INFO - No new items to process
[2026-04-22 15:45:02] Running approval orchestrator...
[2026-04-22 15:45:03] AI Employee scheduled run complete
---
[2026-04-22 15:50:02] Starting AI Employee scheduled run
[2026-04-22 15:50:02] Running reasoning loop...
2026-04-22 15:50:04,724 - ReasoningLoop - INFO - No new items to process
[2026-04-22 15:50:04] Running approval orchestrator...
[2026-04-22 15:50:06] AI Employee scheduled run complete
---
[2026-04-22 15:55:02] Starting AI Employee scheduled run
[2026-04-22 15:55:02] Running reasoning loop...
2026-04-22 15:55:03,635 - ReasoningLoop - INFO - No new items to process
[2026-04-22 15:55:03] Running approval orchestrator...
[2026-04-22 15:55:05] AI Employee scheduled run complete
---
[2026-04-22 16:00:03] Starting AI Employee scheduled run
[2026-04-22 16:00:03] Running reasoning loop...
2026-04-22 16:00:04,153 - ReasoningLoop - INFO - No new items to process
[2026-04-22 16:00:04] Running approval orchestrator...
[2026-04-22 16:00:05] AI Employee scheduled run complete
---
[2026-04-22 16:05:02] Starting AI Employee scheduled run
[2026-04-22 16:05:02] Running reasoning loop...
2026-04-22 16:05:03,650 - ReasoningLoop - INFO - No new items to process
[2026-04-22 16:05:03] Running approval orchestrator...
[2026-04-22 16:05:04] AI Employee scheduled run complete
---
[2026-04-22 16:10:03] Starting AI Employee scheduled run
[2026-04-22 16:10:03] Running reasoning loop...
2026-04-22 16:10:03,955 - ReasoningLoop - INFO - No new items to process
[2026-04-22 16:10:03] Running approval orchestrator...
[2026-04-22 16:10:04] AI Employee scheduled run complete
---
[2026-04-22 16:15:02] Starting AI Employee scheduled run
[2026-04-22 16:15:02] Running reasoning loop...
2026-04-22 16:15:03,301 - ReasoningLoop - INFO - No new items to process
[2026-04-22 16:15:03] Running approval orchestrator...
[2026-04-22 16:15:04] AI Employee scheduled run complete
---
[2026-04-22 16:20:03] Starting AI Employee scheduled run
[2026-04-22 16:20:03] Running reasoning loop...
2026-04-22 16:20:05,212 - ReasoningLoop - INFO - No new items to process
[2026-04-22 16:20:05] Running approval orchestrator...
[2026-04-22 16:20:06] AI Employee scheduled run complete
---
[2026-04-22 16:25:02] Starting AI Employee scheduled run
[2026-04-22 16:25:02] Running reasoning loop...
2026-04-22 16:25:03,654 - ReasoningLoop - INFO - No new items to process
[2026-04-22 16:25:03] Running approval orchestrator...
[2026-04-22 16:25:04] AI Employee scheduled run complete
---
[2026-04-22 16:30:02] Starting AI Employee scheduled run
[2026-04-22 16:30:02] Running reasoning loop...
2026-04-22 16:30:03,525 - ReasoningLoop - INFO - No new items to process
[2026-04-22 16:30:03] Running approval orchestrator...
[2026-04-22 16:30:04] AI Employee scheduled run complete
---
[2026-04-22 16:35:02] Starting AI Employee scheduled run
[2026-04-22 16:35:02] Running reasoning loop...
2026-04-22 16:35:04,103 - ReasoningLoop - INFO - No new items to process
[2026-04-22 16:35:04] Running approval orchestrator...
[2026-04-22 16:35:04] AI Employee scheduled run complete
---
[2026-04-22 16:40:02] Starting AI Employee scheduled run
[2026-04-22 16:40:02] Running reasoning loop...
2026-04-22 16:40:03,893 - ReasoningLoop - INFO - No new items to process
[2026-04-22 16:40:03] Running approval orchestrator...
[2026-04-22 16:40:05] AI Employee scheduled run complete
---
[2026-04-22 16:45:02] Starting AI Employee scheduled run
[2026-04-22 16:45:02] Running reasoning loop...
2026-04-22 16:45:04,364 - ReasoningLoop - INFO - No new items to process
[2026-04-22 16:45:04] Running approval orchestrator...
[2026-04-22 16:45:05] AI Employee scheduled run complete
---
[2026-04-22 16:50:02] Starting AI Employee scheduled run
[2026-04-22 16:50:02] Running reasoning loop...
2026-04-22 16:50:03,946 - ReasoningLoop - INFO - No new items to process
[2026-04-22 16:50:03] Running approval orchestrator...
[2026-04-22 16:50:05] AI Employee scheduled run complete
---
[2026-04-22 16:55:01] Starting AI Employee scheduled run
[2026-04-22 16:55:01] Running reasoning loop...
2026-04-22 16:55:03,791 - ReasoningLoop - INFO - No new items to process
[2026-04-22 16:55:03] Running approval orchestrator...
[2026-04-22 16:55:05] AI Employee scheduled run complete
---
[2026-04-22 17:00:02] Starting AI Employee scheduled run
[2026-04-22 17:00:02] Running reasoning loop...
2026-04-22 17:00:03,724 - ReasoningLoop - INFO - No new items to process
[2026-04-22 17:00:03] Running approval orchestrator...
[2026-04-22 17:00:04] AI Employee scheduled run complete
---
[2026-04-22 17:05:02] Starting AI Employee scheduled run
[2026-04-22 17:05:02] Running reasoning loop...
2026-04-22 17:05:04,539 - ReasoningLoop - INFO - No new items to process
[2026-04-22 17:05:04] Running approval orchestrator...
[2026-04-22 17:05:05] AI Employee scheduled run complete
---
[2026-04-22 17:10:02] Starting AI Employee scheduled run
[2026-04-22 17:10:02] Running reasoning loop...
2026-04-22 17:10:03,902 - ReasoningLoop - INFO - No new items to process
[2026-04-22 17:10:03] Running approval orchestrator...
[2026-04-22 17:10:05] AI Employee scheduled run complete
---
[2026-04-22 17:15:03] Starting AI Employee scheduled run
[2026-04-22 17:15:03] Running reasoning loop...
2026-04-22 17:15:04,857 - ReasoningLoop - INFO - No new items to process
[2026-04-22 17:15:04] Running approval orchestrator...
[2026-04-22 17:15:06] AI Employee scheduled run complete
---
[2026-04-22 17:20:02] Starting AI Employee scheduled run
[2026-04-22 17:20:02] Running reasoning loop...
2026-04-22 17:20:03,740 - ReasoningLoop - INFO - No new items to process
[2026-04-22 17:20:03] Running approval orchestrator...
[2026-04-22 17:20:04] AI Employee scheduled run complete
---
[2026-04-22 17:25:03] Starting AI Employee scheduled run
[2026-04-22 17:25:03] Running reasoning loop...
2026-04-22 17:25:04,161 - ReasoningLoop - INFO - No new items to process
[2026-04-22 17:25:04] Running approval orchestrator...
[2026-04-22 17:25:04] AI Employee scheduled run complete
---
[2026-04-22 17:30:03] Starting AI Employee scheduled run
[2026-04-22 17:30:03] Running reasoning loop...
2026-04-22 17:30:04,067 - ReasoningLoop - INFO - No new items to process
[2026-04-22 17:30:04] Running approval orchestrator...
[2026-04-22 17:30:05] AI Employee scheduled run complete
---
[2026-04-22 17:35:03] Starting AI Employee scheduled run
[2026-04-22 17:35:03] Running reasoning loop...
2026-04-22 17:35:04,478 - ReasoningLoop - INFO - No new items to process
[2026-04-22 17:35:04] Running approval orchestrator...
[2026-04-22 17:35:05] AI Employee scheduled run complete
---
[2026-04-22 17:40:02] Starting AI Employee scheduled run
[2026-04-22 17:40:02] Running reasoning loop...
2026-04-22 17:40:03,199 - ReasoningLoop - INFO - No new items to process
[2026-04-22 17:40:03] Running approval orchestrator...
[2026-04-22 17:40:03] AI Employee scheduled run complete
---
[2026-04-22 17:45:01] Starting AI Employee scheduled run
[2026-04-22 17:45:02] Running reasoning loop...
2026-04-22 17:45:03,081 - ReasoningLoop - INFO - No new items to process
[2026-04-22 17:45:03] Running approval orchestrator...
[2026-04-22 17:45:04] AI Employee scheduled run complete
---
[2026-04-22 17:50:02] Starting AI Employee scheduled run
[2026-04-22 17:50:02] Running reasoning loop...
2026-04-22 17:50:03,689 - ReasoningLoop - INFO - No new items to process
[2026-04-22 17:50:03] Running approval orchestrator...
[2026-04-22 17:50:06] AI Employee scheduled run complete
---
[2026-04-22 17:55:01] Starting AI Employee scheduled run
[2026-04-22 17:55:01] Running reasoning loop...
2026-04-22 17:55:03,439 - ReasoningLoop - INFO - No new items to process
[2026-04-22 17:55:03] Running approval orchestrator...
[2026-04-22 17:55:04] AI Employee scheduled run complete
---
[2026-04-22 20:25:01] Starting AI Employee scheduled run
[2026-04-22 20:25:01] Running reasoning loop...
2026-04-22 20:25:03,317 - ReasoningLoop - INFO - No new items to process
[2026-04-22 20:25:03] Running approval orchestrator...
[2026-04-22 20:25:04] AI Employee scheduled run complete
---
[2026-04-22 20:30:01] Starting AI Employee scheduled run
[2026-04-22 20:30:01] Running reasoning loop...
2026-04-22 20:30:02,268 - ReasoningLoop - INFO - No new items to process
[2026-04-22 20:30:02] Running approval orchestrator...
[2026-04-22 20:30:03] AI Employee scheduled run complete
---
[2026-04-22 20:35:02] Starting AI Employee scheduled run
[2026-04-22 20:35:02] Running reasoning loop...
2026-04-22 20:35:03,792 - ReasoningLoop - INFO - No new items to process
[2026-04-22 20:35:03] Running approval orchestrator...
[2026-04-22 20:35:05] AI Employee scheduled run complete
---
[2026-04-22 20:40:02] Starting AI Employee scheduled run
[2026-04-22 20:40:02] Running reasoning loop...
2026-04-22 20:40:03,657 - ReasoningLoop - INFO - No new items to process
[2026-04-22 20:40:03] Running approval orchestrator...
[2026-04-22 20:40:04] AI Employee scheduled run complete
---
[2026-04-22 20:45:02] Starting AI Employee scheduled run
[2026-04-22 20:45:02] Running reasoning loop...
2026-04-22 20:45:04,050 - ReasoningLoop - INFO - No new items to process
[2026-04-22 20:45:04] Running approval orchestrator...
[2026-04-22 20:45:05] AI Employee scheduled run complete
---
[2026-04-22 20:50:02] Starting AI Employee scheduled run
[2026-04-22 20:50:02] Running reasoning loop...
2026-04-22 20:50:04,631 - ReasoningLoop - INFO - No new items to process
[2026-04-22 20:50:04] Running approval orchestrator...
[2026-04-22 20:50:06] AI Employee scheduled run complete
---
[2026-04-22 20:55:03] Starting AI Employee scheduled run
[2026-04-22 20:55:03] Running reasoning loop...
2026-04-22 20:55:06,003 - ReasoningLoop - INFO - No new items to process
[2026-04-22 20:55:06] Running approval orchestrator...
[2026-04-22 20:55:07] AI Employee scheduled run complete
---
[2026-04-22 21:00:02] Starting AI Employee scheduled run
[2026-04-22 21:00:02] Running reasoning loop...
2026-04-22 21:00:04,135 - ReasoningLoop - INFO - No new items to process
[2026-04-22 21:00:04] Running approval orchestrator...
[2026-04-22 21:00:05] AI Employee scheduled run complete
---
[2026-04-22 21:05:02] Starting AI Employee scheduled run
[2026-04-22 21:05:02] Running reasoning loop...
2026-04-22 21:05:03,880 - ReasoningLoop - INFO - No new items to process
[2026-04-22 21:05:03] Running approval orchestrator...
[2026-04-22 21:05:06] AI Employee scheduled run complete
---
[2026-04-22 21:10:02] Starting AI Employee scheduled run
[2026-04-22 21:10:02] Running reasoning loop...
2026-04-22 21:10:04,932 - ReasoningLoop - INFO - No new items to process
[2026-04-22 21:10:04] Running approval orchestrator...
[2026-04-22 21:10:06] AI Employee scheduled run complete
---
[2026-04-22 21:15:02] Starting AI Employee scheduled run
[2026-04-22 21:15:02] Running reasoning loop...
2026-04-22 21:15:04,459 - ReasoningLoop - INFO - No new items to process
[2026-04-22 21:15:04] Running approval orchestrator...
[2026-04-22 21:15:06] AI Employee scheduled run complete
---
[2026-04-22 21:20:03] Starting AI Employee scheduled run
[2026-04-22 21:20:03] Running reasoning loop...
2026-04-22 21:20:04,022 - ReasoningLoop - INFO - No new items to process
[2026-04-22 21:20:04] Running approval orchestrator...
[2026-04-22 21:20:04] AI Employee scheduled run complete
---
[2026-04-22 21:25:02] Starting AI Employee scheduled run
[2026-04-22 21:25:02] Running reasoning loop...
2026-04-22 21:25:03,232 - ReasoningLoop - INFO - No new items to process
[2026-04-22 21:25:03] Running approval orchestrator...
[2026-04-22 21:25:04] AI Employee scheduled run complete
---
[2026-04-22 21:30:02] Starting AI Employee scheduled run
[2026-04-22 21:30:02] Running reasoning loop...
2026-04-22 21:30:03,588 - ReasoningLoop - INFO - No new items to process
[2026-04-22 21:30:03] Running approval orchestrator...
[2026-04-22 21:30:04] AI Employee scheduled run complete
---
[2026-04-22 21:35:02] Starting AI Employee scheduled run
[2026-04-22 21:35:02] Running reasoning loop...
2026-04-22 21:35:04,030 - ReasoningLoop - INFO - No new items to process
[2026-04-22 21:35:04] Running approval orchestrator...
[2026-04-22 21:35:04] AI Employee scheduled run complete
---
[2026-04-22 21:40:01] Starting AI Employee scheduled run
[2026-04-22 21:40:01] Running reasoning loop...
2026-04-22 21:40:02,514 - ReasoningLoop - INFO - No new items to process
[2026-04-22 21:40:02] Running approval orchestrator...
[2026-04-22 21:40:03] AI Employee scheduled run complete
---
[2026-04-22 21:45:02] Starting AI Employee scheduled run
[2026-04-22 21:45:02] Running reasoning loop...
2026-04-22 21:45:04,520 - ReasoningLoop - INFO - No new items to process
[2026-04-22 21:45:04] Running approval orchestrator...
[2026-04-22 21:45:05] AI Employee scheduled run complete
---
[2026-04-22 21:50:03] Starting AI Employee scheduled run
[2026-04-22 21:50:03] Running reasoning loop...
2026-04-22 21:50:04,215 - ReasoningLoop - INFO - No new items to process
[2026-04-22 21:50:04] Running approval orchestrator...
[2026-04-22 21:50:05] AI Employee scheduled run complete
---
[2026-04-22 21:55:02] Starting AI Employee scheduled run
[2026-04-22 21:55:02] Running reasoning loop...
2026-04-22 21:55:03,178 - ReasoningLoop - INFO - No new items to process
[2026-04-22 21:55:03] Running approval orchestrator...
[2026-04-22 21:55:04] AI Employee scheduled run complete
---
[2026-04-22 22:00:02] Starting AI Employee scheduled run
[2026-04-22 22:00:02] Running reasoning loop...
2026-04-22 22:00:04,444 - ReasoningLoop - INFO - No new items to process
[2026-04-22 22:00:04] Running approval orchestrator...
[2026-04-22 22:00:06] AI Employee scheduled run complete
---
[2026-04-22 22:05:02] Starting AI Employee scheduled run
[2026-04-22 22:05:02] Running reasoning loop...
2026-04-22 22:05:03,927 - ReasoningLoop - INFO - No new items to process
[2026-04-22 22:05:03] Running approval orchestrator...
[2026-04-22 22:05:04] AI Employee scheduled run complete
---
[2026-04-22 22:10:02] Starting AI Employee scheduled run
[2026-04-22 22:10:02] Running reasoning loop...
2026-04-22 22:10:06,097 - ReasoningLoop - INFO - No new items to process
[2026-04-22 22:10:06] Running approval orchestrator...
[2026-04-22 22:10:07] AI Employee scheduled run complete
---
[2026-04-22 22:15:01] Starting AI Employee scheduled run
[2026-04-22 22:15:01] Running reasoning loop...
2026-04-22 22:15:04,204 - ReasoningLoop - INFO - No new items to process
[2026-04-22 22:15:04] Running approval orchestrator...
[2026-04-22 22:15:05] AI Employee scheduled run complete
---
[2026-04-22 22:20:02] Starting AI Employee scheduled run
[2026-04-22 22:20:02] Running reasoning loop...
2026-04-22 22:20:03,750 - ReasoningLoop - INFO - No new items to process
[2026-04-22 22:20:03] Running approval orchestrator...
[2026-04-22 22:20:05] AI Employee scheduled run complete
---
[2026-04-22 22:25:02] Starting AI Employee scheduled run
[2026-04-22 22:25:02] Running reasoning loop...
2026-04-22 22:25:04,655 - ReasoningLoop - INFO - No new items to process
[2026-04-22 22:25:04] Running approval orchestrator...
[2026-04-22 22:25:05] AI Employee scheduled run complete
---
[2026-04-22 22:30:02] Starting AI Employee scheduled run
[2026-04-22 22:30:02] Running reasoning loop...
2026-04-22 22:30:03,613 - ReasoningLoop - INFO - No new items to process
[2026-04-22 22:30:03] Running approval orchestrator...
[2026-04-22 22:30:04] AI Employee scheduled run complete
---
[2026-04-22 22:35:02] Starting AI Employee scheduled run
[2026-04-22 22:35:02] Running reasoning loop...
2026-04-22 22:35:03,803 - ReasoningLoop - INFO - No new items to process
[2026-04-22 22:35:03] Running approval orchestrator...
[2026-04-22 22:35:04] AI Employee scheduled run complete
---
[2026-04-22 22:40:02] Starting AI Employee scheduled run
[2026-04-22 22:40:02] Running reasoning loop...
2026-04-22 22:40:03,231 - ReasoningLoop - INFO - No new items to process
[2026-04-22 22:40:03] Running approval orchestrator...
[2026-04-22 22:40:04] AI Employee scheduled run complete
---
[2026-04-22 22:45:02] Starting AI Employee scheduled run
[2026-04-22 22:45:02] Running reasoning loop...
2026-04-22 22:45:04,402 - ReasoningLoop - INFO - No new items to process
[2026-04-22 22:45:04] Running approval orchestrator...
[2026-04-22 22:45:05] AI Employee scheduled run complete
---
[2026-04-22 22:50:03] Starting AI Employee scheduled run
[2026-04-22 22:50:03] Running reasoning loop...
2026-04-22 22:50:04,428 - ReasoningLoop - INFO - No new items to process
[2026-04-22 22:50:04] Running approval orchestrator...
[2026-04-22 22:50:05] AI Employee scheduled run complete
---
[2026-04-22 22:55:02] Starting AI Employee scheduled run
[2026-04-22 22:55:02] Running reasoning loop...
2026-04-22 22:55:04,241 - ReasoningLoop - INFO - No new items to process
[2026-04-22 22:55:04] Running approval orchestrator...
[2026-04-22 22:55:05] AI Employee scheduled run complete
---
[2026-04-22 23:00:02] Starting AI Employee scheduled run
[2026-04-22 23:00:02] Running reasoning loop...
2026-04-22 23:00:03,730 - ReasoningLoop - INFO - No new items to process
[2026-04-22 23:00:03] Running approval orchestrator...
[2026-04-22 23:00:04] AI Employee scheduled run complete
---
[2026-04-22 23:05:02] Starting AI Employee scheduled run
[2026-04-22 23:05:02] Running reasoning loop...
2026-04-22 23:05:03,417 - ReasoningLoop - INFO - No new items to process
[2026-04-22 23:05:03] Running approval orchestrator...
[2026-04-22 23:05:04] AI Employee scheduled run complete
---
[2026-04-22 23:10:02] Starting AI Employee scheduled run
[2026-04-22 23:10:02] Running reasoning loop...
2026-04-22 23:10:02,975 - ReasoningLoop - INFO - No new items to process
[2026-04-22 23:10:02] Running approval orchestrator...
[2026-04-22 23:10:04] AI Employee scheduled run complete
---
[2026-04-22 23:15:01] Starting AI Employee scheduled run
[2026-04-22 23:15:01] Running reasoning loop...
2026-04-22 23:15:02,673 - ReasoningLoop - INFO - No new items to process
[2026-04-22 23:15:02] Running approval orchestrator...
[2026-04-22 23:15:03] AI Employee scheduled run complete
---
[2026-04-22 23:20:01] Starting AI Employee scheduled run
[2026-04-22 23:20:01] Running reasoning loop...
2026-04-22 23:20:02,926 - ReasoningLoop - INFO - No new items to process
[2026-04-22 23:20:02] Running approval orchestrator...
[2026-04-22 23:20:04] AI Employee scheduled run complete
---
[2026-04-22 23:25:01] Starting AI Employee scheduled run
[2026-04-22 23:25:01] Running reasoning loop...
2026-04-22 23:25:01,958 - ReasoningLoop - INFO - No new items to process
[2026-04-22 23:25:01] Running approval orchestrator...
[2026-04-22 23:25:02] AI Employee scheduled run complete
---
[2026-04-22 23:30:02] Starting AI Employee scheduled run
[2026-04-22 23:30:02] Running reasoning loop...
2026-04-22 23:30:04,004 - ReasoningLoop - INFO - No new items to process
[2026-04-22 23:30:04] Running approval orchestrator...
[2026-04-22 23:30:04] AI Employee scheduled run complete
---
[2026-04-22 23:35:02] Starting AI Employee scheduled run
[2026-04-22 23:35:02] Running reasoning loop...
2026-04-22 23:35:03,611 - ReasoningLoop - INFO - No new items to process
[2026-04-22 23:35:03] Running approval orchestrator...
[2026-04-22 23:35:04] AI Employee scheduled run complete
---
[2026-04-22 23:40:02] Starting AI Employee scheduled run
[2026-04-22 23:40:02] Running reasoning loop...
2026-04-22 23:40:03,153 - ReasoningLoop - INFO - No new items to process
[2026-04-22 23:40:03] Running approval orchestrator...
[2026-04-22 23:40:03] AI Employee scheduled run complete
---
[2026-04-22 23:45:01] Starting AI Employee scheduled run
[2026-04-22 23:45:01] Running reasoning loop...
2026-04-22 23:45:02,635 - ReasoningLoop - INFO - No new items to process
[2026-04-22 23:45:02] Running approval orchestrator...
[2026-04-22 23:45:03] AI Employee scheduled run complete
---
[2026-04-22 23:50:02] Starting AI Employee scheduled run
[2026-04-22 23:50:02] Running reasoning loop...
2026-04-22 23:50:03,248 - ReasoningLoop - INFO - No new items to process
[2026-04-22 23:50:03] Running approval orchestrator...
[2026-04-22 23:50:03] AI Employee scheduled run complete
---
[2026-04-22 23:55:02] Starting AI Employee scheduled run
[2026-04-22 23:55:02] Running reasoning loop...
2026-04-22 23:55:03,411 - ReasoningLoop - INFO - Processing: EMAIL_20260422_235321_Hi_Shanaya_welcome_to_Google_A.md
2026-04-22 23:55:03,417 - ReasoningLoop - INFO - Created plan: PLAN_20260422_235503_EMAIL_20260422_235321_Hi_Shana.md
2026-04-22 23:55:03,420 - ReasoningLoop - INFO - Created approval request: APPROVAL_20260422_235503_EMAIL_20260422_235321_Hi_Shana.md
2026-04-22 23:55:03,435 - ReasoningLoop - INFO - Processing: EMAIL_20260422_235321_Security_alert.md
2026-04-22 23:55:03,443 - ReasoningLoop - INFO - Created plan: PLAN_20260422_235503_EMAIL_20260422_235321_Security.md
2026-04-22 23:55:03,448 - ReasoningLoop - INFO - Created approval request: APPROVAL_20260422_235503_EMAIL_20260422_235321_Security.md
2026-04-22 23:55:03,460 - ReasoningLoop - INFO - Processed 2 item(s)
[2026-04-22 23:55:03] Running approval orchestrator...
[2026-04-22 23:55:03] AI Employee scheduled run complete
---
