[2026-06-25 16:20:02] Starting AI Employee scheduled run
[2026-06-25 16:20:02] Running reasoning loop...
2026-06-25 16:20:07,347 - ReasoningLoop - INFO - No new items to process
[2026-06-25 16:20:07] Running approval orchestrator...
[2026-06-25 16:20:09] AI Employee scheduled run complete
---
[2026-06-25 16:25:03] Starting AI Employee scheduled run
[2026-06-25 16:25:03] Running reasoning loop...
2026-06-25 16:25:05,061 - ReasoningLoop - INFO - No new items to process
[2026-06-25 16:25:05] Running approval orchestrator...
[2026-06-25 16:25:06] AI Employee scheduled run complete
---
[2026-06-25 16:30:04] Starting AI Employee scheduled run
[2026-06-25 16:30:04] Running reasoning loop...
2026-06-25 16:30:06,780 - ReasoningLoop - INFO - No new items to process
[2026-06-25 16:30:06] Running approval orchestrator...
[2026-06-25 16:30:08] AI Employee scheduled run complete
---
[2026-06-25 16:35:04] Starting AI Employee scheduled run
[2026-06-25 16:35:04] Running reasoning loop...
2026-06-25 16:35:06,825 - ReasoningLoop - INFO - No new items to process
[2026-06-25 16:35:06] Running approval orchestrator...
[2026-06-25 16:35:08] AI Employee scheduled run complete
---
