[2026-05-01 04:15:01] Starting AI Employee scheduled run
[2026-05-01 04:15:01] Running reasoning loop...
2026-05-01 04:15:03,507 - ReasoningLoop - INFO - No new items to process
[2026-05-01 04:15:03] Running approval orchestrator...
[2026-05-01 04:15:04] AI Employee scheduled run complete
---
[2026-05-01 04:20:01] Starting AI Employee scheduled run
[2026-05-01 04:20:01] Running reasoning loop...
2026-05-01 04:20:02,649 - ReasoningLoop - INFO - No new items to process
[2026-05-01 04:20:02] Running approval orchestrator...
[2026-05-01 04:20:03] AI Employee scheduled run complete
---
[2026-05-01 04:25:01] Starting AI Employee scheduled run
[2026-05-01 04:25:01] Running reasoning loop...
2026-05-01 04:25:02,665 - ReasoningLoop - INFO - No new items to process
[2026-05-01 04:25:02] Running approval orchestrator...
[2026-05-01 04:25:03] AI Employee scheduled run complete
---
[2026-05-01 04:30:01] Starting AI Employee scheduled run
[2026-05-01 04:30:01] Running reasoning loop...
2026-05-01 04:30:02,434 - ReasoningLoop - INFO - No new items to process
[2026-05-01 04:30:02] Running approval orchestrator...
[2026-05-01 04:30:03] AI Employee scheduled run complete
---
[2026-05-01 04:35:01] Starting AI Employee scheduled run
[2026-05-01 04:35:01] Running reasoning loop...
2026-05-01 04:35:02,422 - ReasoningLoop - INFO - No new items to process
[2026-05-01 04:35:02] Running approval orchestrator...
[2026-05-01 04:35:04] AI Employee scheduled run complete
---
[2026-05-01 04:40:02] Starting AI Employee scheduled run
[2026-05-01 04:40:02] Running reasoning loop...
2026-05-01 04:40:07,245 - ReasoningLoop - INFO - No new items to process
[2026-05-01 04:40:07] Running approval orchestrator...
[2026-05-01 04:40:10] AI Employee scheduled run complete
---
[2026-05-01 04:45:01] Starting AI Employee scheduled run
[2026-05-01 04:45:01] Running reasoning loop...
2026-05-01 04:45:03,099 - ReasoningLoop - INFO - No new items to process
[2026-05-01 04:45:03] Running approval orchestrator...
[2026-05-01 04:45:04] AI Employee scheduled run complete
---
[2026-05-01 04:50:01] Starting AI Employee scheduled run
[2026-05-01 04:50:01] Running reasoning loop...
2026-05-01 04:50:03,387 - ReasoningLoop - INFO - No new items to process
[2026-05-01 04:50:03] Running approval orchestrator...
[2026-05-01 04:50:04] AI Employee scheduled run complete
---
[2026-05-01 04:55:01] Starting AI Employee scheduled run
[2026-05-01 04:55:01] Running reasoning loop...
2026-05-01 04:55:10,264 - ReasoningLoop - INFO - No new items to process
[2026-05-01 04:55:10] Running approval orchestrator...
[2026-05-01 04:55:23] AI Employee scheduled run complete
---
[2026-05-01 05:00:01] Starting AI Employee scheduled run
[2026-05-01 05:00:01] Running reasoning loop...
2026-05-01 05:00:04,332 - ReasoningLoop - INFO - No new items to process
[2026-05-01 05:00:04] Running approval orchestrator...
[2026-05-01 05:00:06] AI Employee scheduled run complete
---
[2026-05-01 05:05:02] Starting AI Employee scheduled run
[2026-05-01 05:05:02] Running reasoning loop...
2026-05-01 05:05:03,581 - ReasoningLoop - INFO - No new items to process
[2026-05-01 05:05:03] Running approval orchestrator...
[2026-05-01 05:05:04] AI Employee scheduled run complete
---
[2026-05-01 05:10:01] Starting AI Employee scheduled run
[2026-05-01 05:10:01] Running reasoning loop...
2026-05-01 05:10:02,650 - ReasoningLoop - INFO - No new items to process
[2026-05-01 05:10:02] Running approval orchestrator...
[2026-05-01 05:10:03] AI Employee scheduled run complete
---
[2026-05-01 20:20:01] Starting AI Employee scheduled run
[2026-05-01 20:20:01] Running reasoning loop...
2026-05-01 20:20:03,708 - ReasoningLoop - INFO - No new items to process
[2026-05-01 20:20:03] Running approval orchestrator...
[2026-05-01 20:20:04] AI Employee scheduled run complete
---
[2026-05-01 20:25:01] Starting AI Employee scheduled run
[2026-05-01 20:25:01] Running reasoning loop...
2026-05-01 20:25:02,111 - ReasoningLoop - INFO - No new items to process
[2026-05-01 20:25:02] Running approval orchestrator...
[2026-05-01 20:25:04] AI Employee scheduled run complete
---
[2026-05-01 20:30:01] Starting AI Employee scheduled run
[2026-05-01 20:30:01] Running reasoning loop...
2026-05-01 20:30:02,833 - ReasoningLoop - INFO - No new items to process
[2026-05-01 20:30:02] Running approval orchestrator...
[2026-05-01 20:30:03] AI Employee scheduled run complete
---
[2026-05-01 20:35:02] Starting AI Employee scheduled run
[2026-05-01 20:35:02] Running reasoning loop...
2026-05-01 20:35:06,708 - ReasoningLoop - INFO - No new items to process
[2026-05-01 20:35:06] Running approval orchestrator...
[2026-05-01 20:35:07] AI Employee scheduled run complete
---
[2026-05-01 20:40:01] Starting AI Employee scheduled run
[2026-05-01 20:40:02] Running reasoning loop...
2026-05-01 20:40:04,111 - ReasoningLoop - INFO - No new items to process
[2026-05-01 20:40:04] Running approval orchestrator...
[2026-05-01 20:40:05] AI Employee scheduled run complete
---
[2026-05-01 20:45:01] Starting AI Employee scheduled run
[2026-05-01 20:45:01] Running reasoning loop...
2026-05-01 20:45:02,155 - ReasoningLoop - INFO - No new items to process
[2026-05-01 20:45:02] Running approval orchestrator...
[2026-05-01 20:45:03] AI Employee scheduled run complete
---
[2026-05-01 20:50:01] Starting AI Employee scheduled run
[2026-05-01 20:50:01] Running reasoning loop...
2026-05-01 20:50:05,703 - ReasoningLoop - INFO - No new items to process
[2026-05-01 20:50:05] Running approval orchestrator...
[2026-05-01 20:50:06] AI Employee scheduled run complete
---
[2026-05-01 20:55:02] Starting AI Employee scheduled run
[2026-05-01 20:55:02] Running reasoning loop...
2026-05-01 20:55:03,442 - ReasoningLoop - INFO - No new items to process
[2026-05-01 20:55:03] Running approval orchestrator...
[2026-05-01 20:55:04] AI Employee scheduled run complete
---
[2026-05-01 21:00:01] Starting AI Employee scheduled run
[2026-05-01 21:00:01] Running reasoning loop...
2026-05-01 21:00:02,910 - ReasoningLoop - INFO - No new items to process
[2026-05-01 21:00:02] Running approval orchestrator...
[2026-05-01 21:00:05] AI Employee scheduled run complete
---
[2026-05-01 21:05:01] Starting AI Employee scheduled run
[2026-05-01 21:05:01] Running reasoning loop...
2026-05-01 21:05:02,905 - ReasoningLoop - INFO - No new items to process
[2026-05-01 21:05:02] Running approval orchestrator...
[2026-05-01 21:05:04] AI Employee scheduled run complete
---
[2026-05-01 21:10:01] Starting AI Employee scheduled run
[2026-05-01 21:10:01] Running reasoning loop...
2026-05-01 21:10:02,847 - ReasoningLoop - INFO - No new items to process
[2026-05-01 21:10:02] Running approval orchestrator...
[2026-05-01 21:10:03] AI Employee scheduled run complete
---
[2026-05-01 21:15:01] Starting AI Employee scheduled run
[2026-05-01 21:15:01] Running reasoning loop...
2026-05-01 21:15:03,329 - ReasoningLoop - INFO - No new items to process
[2026-05-01 21:15:03] Running approval orchestrator...
[2026-05-01 21:15:05] AI Employee scheduled run complete
---
