[2026-04-30 16:05:01] Starting AI Employee scheduled run
[2026-04-30 16:05:01] Running reasoning loop...
2026-04-30 16:05:04,434 - ReasoningLoop - INFO - No new items to process
[2026-04-30 16:05:04] Running approval orchestrator...
[2026-04-30 16:05:06] AI Employee scheduled run complete
---
[2026-04-30 16:10:01] Starting AI Employee scheduled run
[2026-04-30 16:10:01] Running reasoning loop...
2026-04-30 16:10:02,867 - ReasoningLoop - INFO - No new items to process
[2026-04-30 16:10:02] Running approval orchestrator...
[2026-04-30 16:10:03] AI Employee scheduled run complete
---
[2026-04-30 16:15:01] Starting AI Employee scheduled run
[2026-04-30 16:15:01] Running reasoning loop...
2026-04-30 16:15:02,133 - ReasoningLoop - INFO - No new items to process
[2026-04-30 16:15:02] Running approval orchestrator...
[2026-04-30 16:15:02] AI Employee scheduled run complete
---
[2026-04-30 16:20:01] Starting AI Employee scheduled run
[2026-04-30 16:20:01] Running reasoning loop...
2026-04-30 16:20:02,109 - ReasoningLoop - INFO - No new items to process
[2026-04-30 16:20:02] Running approval orchestrator...
[2026-04-30 16:20:02] AI Employee scheduled run complete
---
[2026-04-30 16:25:01] Starting AI Employee scheduled run
[2026-04-30 16:25:01] Running reasoning loop...
2026-04-30 16:25:02,521 - ReasoningLoop - INFO - No new items to process
[2026-04-30 16:25:02] Running approval orchestrator...
[2026-04-30 16:25:03] AI Employee scheduled run complete
---
[2026-04-30 16:30:02] Starting AI Employee scheduled run
[2026-04-30 16:30:02] Running reasoning loop...
2026-04-30 16:30:03,294 - ReasoningLoop - INFO - No new items to process
[2026-04-30 16:30:03] Running approval orchestrator...
[2026-04-30 16:30:04] AI Employee scheduled run complete
---
[2026-04-30 16:35:01] Starting AI Employee scheduled run
[2026-04-30 16:35:01] Running reasoning loop...
2026-04-30 16:35:02,381 - ReasoningLoop - INFO - No new items to process
[2026-04-30 16:35:02] Running approval orchestrator...
[2026-04-30 16:35:03] AI Employee scheduled run complete
---
[2026-04-30 16:40:01] Starting AI Employee scheduled run
[2026-04-30 16:40:01] Running reasoning loop...
2026-04-30 16:40:02,872 - ReasoningLoop - INFO - No new items to process
[2026-04-30 16:40:02] Running approval orchestrator...
[2026-04-30 16:40:04] AI Employee scheduled run complete
---
[2026-04-30 16:45:01] Starting AI Employee scheduled run
[2026-04-30 16:45:01] Running reasoning loop...
2026-04-30 16:45:02,236 - ReasoningLoop - INFO - No new items to process
[2026-04-30 16:45:02] Running approval orchestrator...
[2026-04-30 16:45:03] AI Employee scheduled run complete
---
[2026-04-30 16:50:01] Starting AI Employee scheduled run
[2026-04-30 16:50:01] Running reasoning loop...
2026-04-30 16:50:02,673 - ReasoningLoop - INFO - No new items to process
[2026-04-30 16:50:02] Running approval orchestrator...
[2026-04-30 16:50:03] AI Employee scheduled run complete
---
[2026-04-30 16:55:01] Starting AI Employee scheduled run
[2026-04-30 16:55:01] Running reasoning loop...
2026-04-30 16:55:02,595 - ReasoningLoop - INFO - No new items to process
[2026-04-30 16:55:02] Running approval orchestrator...
[2026-04-30 16:55:03] AI Employee scheduled run complete
---
[2026-04-30 17:00:01] Starting AI Employee scheduled run
[2026-04-30 17:00:01] Running reasoning loop...
2026-04-30 17:00:02,681 - ReasoningLoop - INFO - No new items to process
[2026-04-30 17:00:02] Running approval orchestrator...
[2026-04-30 17:00:03] AI Employee scheduled run complete
---
[2026-04-30 17:05:02] Starting AI Employee scheduled run
[2026-04-30 17:05:02] Running reasoning loop...
2026-04-30 17:05:02,678 - ReasoningLoop - INFO - No new items to process
[2026-04-30 17:05:02] Running approval orchestrator...
[2026-04-30 17:05:03] AI Employee scheduled run complete
---
[2026-04-30 17:10:01] Starting AI Employee scheduled run
[2026-04-30 17:10:01] Running reasoning loop...
2026-04-30 17:10:02,849 - ReasoningLoop - INFO - No new items to process
[2026-04-30 17:10:02] Running approval orchestrator...
[2026-04-30 17:10:03] AI Employee scheduled run complete
---
[2026-04-30 17:15:01] Starting AI Employee scheduled run
[2026-04-30 17:15:01] Running reasoning loop...
2026-04-30 17:15:02,137 - ReasoningLoop - INFO - No new items to process
[2026-04-30 17:15:02] Running approval orchestrator...
[2026-04-30 17:15:02] AI Employee scheduled run complete
---
[2026-04-30 17:20:01] Starting AI Employee scheduled run
[2026-04-30 17:20:01] Running reasoning loop...
2026-04-30 17:20:02,208 - ReasoningLoop - INFO - No new items to process
[2026-04-30 17:20:02] Running approval orchestrator...
[2026-04-30 17:20:03] AI Employee scheduled run complete
---
[2026-04-30 17:25:01] Starting AI Employee scheduled run
[2026-04-30 17:25:01] Running reasoning loop...
2026-04-30 17:25:02,763 - ReasoningLoop - INFO - No new items to process
[2026-04-30 17:25:02] Running approval orchestrator...
[2026-04-30 17:25:03] AI Employee scheduled run complete
---
[2026-04-30 17:30:01] Starting AI Employee scheduled run
[2026-04-30 17:30:01] Running reasoning loop...
2026-04-30 17:30:02,178 - ReasoningLoop - INFO - No new items to process
[2026-04-30 17:30:02] Running approval orchestrator...
[2026-04-30 17:30:02] AI Employee scheduled run complete
---
[2026-04-30 17:35:01] Starting AI Employee scheduled run
[2026-04-30 17:35:01] Running reasoning loop...
2026-04-30 17:35:02,460 - ReasoningLoop - INFO - No new items to process
[2026-04-30 17:35:02] Running approval orchestrator...
[2026-04-30 17:35:03] AI Employee scheduled run complete
---
[2026-04-30 22:50:02] Starting AI Employee scheduled run
[2026-04-30 22:50:02] Running reasoning loop...
2026-04-30 22:50:04,987 - ReasoningLoop - INFO - No new items to process
[2026-04-30 22:50:05] Running approval orchestrator...
[2026-04-30 22:50:06] AI Employee scheduled run complete
---
[2026-04-30 22:55:01] Starting AI Employee scheduled run
[2026-04-30 22:55:01] Running reasoning loop...
2026-04-30 22:55:03,398 - ReasoningLoop - INFO - No new items to process
[2026-04-30 22:55:03] Running approval orchestrator...
[2026-04-30 22:55:05] AI Employee scheduled run complete
---
[2026-04-30 23:00:01] Starting AI Employee scheduled run
[2026-04-30 23:00:01] Running reasoning loop...
2026-04-30 23:00:03,865 - ReasoningLoop - INFO - No new items to process
[2026-04-30 23:00:03] Running approval orchestrator...
[2026-04-30 23:00:05] AI Employee scheduled run complete
---
[2026-04-30 23:05:03] Starting AI Employee scheduled run
[2026-04-30 23:05:03] Running reasoning loop...
2026-04-30 23:05:16,284 - ReasoningLoop - INFO - No new items to process
[2026-04-30 23:05:16] Running approval orchestrator...
[2026-04-30 23:05:20] AI Employee scheduled run complete
---
[2026-04-30 23:10:02] Starting AI Employee scheduled run
[2026-04-30 23:10:02] Running reasoning loop...
2026-04-30 23:10:04,556 - ReasoningLoop - INFO - No new items to process
[2026-04-30 23:10:04] Running approval orchestrator...
[2026-04-30 23:10:06] AI Employee scheduled run complete
---
[2026-04-30 23:15:02] Starting AI Employee scheduled run
[2026-04-30 23:15:02] Running reasoning loop...
2026-04-30 23:15:04,296 - ReasoningLoop - INFO - No new items to process
[2026-04-30 23:15:04] Running approval orchestrator...
[2026-04-30 23:15:05] AI Employee scheduled run complete
---
[2026-04-30 23:20:02] Starting AI Employee scheduled run
[2026-04-30 23:20:02] Running reasoning loop...
2026-04-30 23:20:03,452 - ReasoningLoop - INFO - No new items to process
[2026-04-30 23:20:03] Running approval orchestrator...
[2026-04-30 23:20:04] AI Employee scheduled run complete
---
