[2026-07-28 21:15:01] Starting AI Employee scheduled run
[2026-07-28 21:15:01] Running reasoning loop...
2026-07-28 21:15:03,195 - ReasoningLoop - INFO - No new items to process
[2026-07-28 21:15:03] Running approval orchestrator...
[2026-07-28 21:15:05] AI Employee scheduled run complete
---
[2026-07-28 21:20:01] Starting AI Employee scheduled run
[2026-07-28 21:20:01] Running reasoning loop...
2026-07-28 21:20:02,600 - ReasoningLoop - INFO - No new items to process
[2026-07-28 21:20:02] Running approval orchestrator...
[2026-07-28 21:20:03] AI Employee scheduled run complete
---
[2026-07-28 21:25:02] Starting AI Employee scheduled run
[2026-07-28 21:25:02] Running reasoning loop...
2026-07-28 21:25:03,326 - ReasoningLoop - INFO - No new items to process
[2026-07-28 21:25:03] Running approval orchestrator...
[2026-07-28 21:25:04] AI Employee scheduled run complete
---
[2026-07-28 21:30:01] Starting AI Employee scheduled run
[2026-07-28 21:30:01] Running reasoning loop...
2026-07-28 21:30:04,103 - ReasoningLoop - INFO - No new items to process
[2026-07-28 21:30:04] Running approval orchestrator...
[2026-07-28 21:30:07] AI Employee scheduled run complete
---
[2026-07-28 21:35:03] Starting AI Employee scheduled run
[2026-07-28 21:35:03] Running reasoning loop...
2026-07-28 21:35:30,871 - ReasoningLoop - INFO - No new items to process
[2026-07-28 21:35:31] Running approval orchestrator...
[2026-07-28 21:35:51] AI Employee scheduled run complete
---
[2026-07-28 21:40:01] Starting AI Employee scheduled run
[2026-07-28 21:40:01] Running reasoning loop...
2026-07-28 21:40:04,514 - ReasoningLoop - INFO - No new items to process
[2026-07-28 21:40:04] Running approval orchestrator...
[2026-07-28 21:40:06] AI Employee scheduled run complete
---
[2026-07-28 21:45:01] Starting AI Employee scheduled run
[2026-07-28 21:45:01] Running reasoning loop...
2026-07-28 21:45:17,366 - ReasoningLoop - INFO - No new items to process
[2026-07-28 21:45:17] Running approval orchestrator...
[2026-07-28 21:45:29] AI Employee scheduled run complete
---
[2026-07-28 21:50:02] Starting AI Employee scheduled run
[2026-07-28 21:50:03] Running reasoning loop...
2026-07-28 21:50:41,852 - ReasoningLoop - INFO - No new items to process
[2026-07-28 21:50:42] Running approval orchestrator...
[2026-07-28 21:51:06] AI Employee scheduled run complete
---
[2026-07-28 21:55:01] Starting AI Employee scheduled run
[2026-07-28 21:55:01] Running reasoning loop...
2026-07-28 21:55:03,481 - ReasoningLoop - INFO - No new items to process
[2026-07-28 21:55:03] Running approval orchestrator...
[2026-07-28 21:55:05] AI Employee scheduled run complete
---
[2026-07-28 22:00:01] Starting AI Employee scheduled run
[2026-07-28 22:00:01] Running reasoning loop...
2026-07-28 22:00:04,536 - ReasoningLoop - INFO - No new items to process
[2026-07-28 22:00:04] Running approval orchestrator...
[2026-07-28 22:00:06] AI Employee scheduled run complete
---
[2026-07-28 22:05:01] Starting AI Employee scheduled run
[2026-07-28 22:05:01] Running reasoning loop...
2026-07-28 22:05:02,080 - ReasoningLoop - INFO - No new items to process
[2026-07-28 22:05:02] Running approval orchestrator...
[2026-07-28 22:05:03] AI Employee scheduled run complete
---
[2026-07-28 22:10:01] Starting AI Employee scheduled run
[2026-07-28 22:10:01] Running reasoning loop...
2026-07-28 22:10:10,838 - ReasoningLoop - INFO - No new items to process
[2026-07-28 22:10:10] Running approval orchestrator...
[2026-07-28 22:10:18] AI Employee scheduled run complete
---
[2026-07-28 22:15:01] Starting AI Employee scheduled run
[2026-07-28 22:15:01] Running reasoning loop...
2026-07-28 22:15:03,552 - ReasoningLoop - INFO - No new items to process
[2026-07-28 22:15:03] Running approval orchestrator...
[2026-07-28 22:15:05] AI Employee scheduled run complete
---
[2026-07-28 22:20:01] Starting AI Employee scheduled run
[2026-07-28 22:20:01] Running reasoning loop...
2026-07-28 22:20:03,434 - ReasoningLoop - INFO - No new items to process
[2026-07-28 22:20:03] Running approval orchestrator...
[2026-07-28 22:20:05] AI Employee scheduled run complete
---
[2026-07-28 22:25:00] Starting AI Employee scheduled run
[2026-07-28 22:25:00] Running reasoning loop...
2026-07-28 22:25:03,946 - ReasoningLoop - INFO - No new items to process
[2026-07-28 22:25:04] Running approval orchestrator...
[2026-07-28 22:25:06] AI Employee scheduled run complete
---
[2026-07-28 22:30:01] Starting AI Employee scheduled run
[2026-07-28 22:30:01] Running reasoning loop...
2026-07-28 22:30:03,187 - ReasoningLoop - INFO - No new items to process
[2026-07-28 22:30:03] Running approval orchestrator...
[2026-07-28 22:30:04] AI Employee scheduled run complete
---
[2026-07-28 22:35:01] Starting AI Employee scheduled run
[2026-07-28 22:35:01] Running reasoning loop...
2026-07-28 22:35:01,872 - ReasoningLoop - INFO - No new items to process
[2026-07-28 22:35:01] Running approval orchestrator...
[2026-07-28 22:35:03] AI Employee scheduled run complete
---
[2026-07-28 22:40:02] Starting AI Employee scheduled run
[2026-07-28 22:40:02] Running reasoning loop...
2026-07-28 22:40:20,215 - ReasoningLoop - INFO - No new items to process
[2026-07-28 22:40:20] Running approval orchestrator...
[2026-07-28 22:40:30] AI Employee scheduled run complete
---
[2026-07-28 22:45:01] Starting AI Employee scheduled run
[2026-07-28 22:45:01] Running reasoning loop...
2026-07-28 22:45:10,977 - ReasoningLoop - INFO - No new items to process
[2026-07-28 22:45:11] Running approval orchestrator...
[2026-07-28 22:45:19] AI Employee scheduled run complete
---
[2026-07-28 22:50:02] Starting AI Employee scheduled run
[2026-07-28 22:50:02] Running reasoning loop...
2026-07-28 22:50:17,118 - ReasoningLoop - INFO - No new items to process
[2026-07-28 22:50:17] Running approval orchestrator...
[2026-07-28 22:50:29] AI Employee scheduled run complete
---
[2026-07-28 22:55:01] Starting AI Employee scheduled run
[2026-07-28 22:55:01] Running reasoning loop...
2026-07-28 22:55:03,137 - ReasoningLoop - INFO - No new items to process
[2026-07-28 22:55:03] Running approval orchestrator...
[2026-07-28 22:55:03] AI Employee scheduled run complete
---
[2026-07-28 23:00:01] Starting AI Employee scheduled run
[2026-07-28 23:00:01] Running reasoning loop...
2026-07-28 23:00:06,109 - ReasoningLoop - INFO - No new items to process
[2026-07-28 23:00:06] Running approval orchestrator...
[2026-07-28 23:00:08] AI Employee scheduled run complete
---
[2026-07-28 23:05:01] Starting AI Employee scheduled run
[2026-07-28 23:05:01] Running reasoning loop...
2026-07-28 23:05:04,306 - ReasoningLoop - INFO - No new items to process
[2026-07-28 23:05:04] Running approval orchestrator...
[2026-07-28 23:05:05] AI Employee scheduled run complete
---
[2026-07-28 23:10:02] Starting AI Employee scheduled run
[2026-07-28 23:10:02] Running reasoning loop...
2026-07-28 23:10:12,803 - ReasoningLoop - INFO - No new items to process
[2026-07-28 23:10:12] Running approval orchestrator...
[2026-07-28 23:10:21] AI Employee scheduled run complete
---
[2026-07-28 23:15:01] Starting AI Employee scheduled run
[2026-07-28 23:15:01] Running reasoning loop...
2026-07-28 23:15:03,929 - ReasoningLoop - INFO - No new items to process
[2026-07-28 23:15:03] Running approval orchestrator...
[2026-07-28 23:15:05] AI Employee scheduled run complete
---
[2026-07-28 23:20:01] Starting AI Employee scheduled run
[2026-07-28 23:20:01] Running reasoning loop...
2026-07-28 23:20:02,109 - ReasoningLoop - INFO - No new items to process
[2026-07-28 23:20:02] Running approval orchestrator...
[2026-07-28 23:20:02] AI Employee scheduled run complete
---
[2026-07-28 23:25:02] Starting AI Employee scheduled run
[2026-07-28 23:25:02] Running reasoning loop...
2026-07-28 23:25:05,524 - ReasoningLoop - INFO - No new items to process
[2026-07-28 23:25:05] Running approval orchestrator...
[2026-07-28 23:25:13] AI Employee scheduled run complete
---
[2026-07-28 23:30:01] Starting AI Employee scheduled run
[2026-07-28 23:30:01] Running reasoning loop...
2026-07-28 23:30:14,552 - ReasoningLoop - INFO - No new items to process
[2026-07-28 23:30:14] Running approval orchestrator...
[2026-07-28 23:30:26] AI Employee scheduled run complete
---
[2026-07-28 23:35:01] Starting AI Employee scheduled run
[2026-07-28 23:35:01] Running reasoning loop...
2026-07-28 23:35:04,347 - ReasoningLoop - INFO - No new items to process
[2026-07-28 23:35:04] Running approval orchestrator...
[2026-07-28 23:35:06] AI Employee scheduled run complete
---
[2026-07-28 23:40:01] Starting AI Employee scheduled run
[2026-07-28 23:40:01] Running reasoning loop...
2026-07-28 23:40:03,464 - ReasoningLoop - INFO - No new items to process
[2026-07-28 23:40:03] Running approval orchestrator...
[2026-07-28 23:40:04] AI Employee scheduled run complete
---
[2026-07-28 23:45:01] Starting AI Employee scheduled run
[2026-07-28 23:45:01] Running reasoning loop...
2026-07-28 23:45:02,670 - ReasoningLoop - INFO - No new items to process
[2026-07-28 23:45:02] Running approval orchestrator...
[2026-07-28 23:45:03] AI Employee scheduled run complete
---
[2026-07-28 23:50:01] Starting AI Employee scheduled run
[2026-07-28 23:50:01] Running reasoning loop...
2026-07-28 23:50:03,466 - ReasoningLoop - INFO - No new items to process
[2026-07-28 23:50:03] Running approval orchestrator...
[2026-07-28 23:50:05] AI Employee scheduled run complete
---
[2026-07-28 23:55:01] Starting AI Employee scheduled run
[2026-07-28 23:55:01] Running reasoning loop...
2026-07-28 23:55:05,275 - ReasoningLoop - INFO - No new items to process
[2026-07-28 23:55:05] Running approval orchestrator...
[2026-07-28 23:55:07] AI Employee scheduled run complete
---
