[2026-07-29 00:00:01] Starting AI Employee scheduled run
[2026-07-29 00:00:01] Running reasoning loop...
2026-07-29 00:00:03,458 - ReasoningLoop - INFO - No new items to process
[2026-07-29 00:00:03] Running approval orchestrator...
[2026-07-29 00:00:05] AI Employee scheduled run complete
---
[2026-07-29 00:05:01] Starting AI Employee scheduled run
[2026-07-29 00:05:01] Running reasoning loop...
2026-07-29 00:05:04,897 - ReasoningLoop - INFO - No new items to process
[2026-07-29 00:05:05] Running approval orchestrator...
[2026-07-29 00:05:07] AI Employee scheduled run complete
---
[2026-07-29 00:10:01] Starting AI Employee scheduled run
[2026-07-29 00:10:01] Running reasoning loop...
2026-07-29 00:10:02,805 - ReasoningLoop - INFO - No new items to process
[2026-07-29 00:10:02] Running approval orchestrator...
[2026-07-29 00:10:04] AI Employee scheduled run complete
---
[2026-07-29 00:15:01] Starting AI Employee scheduled run
[2026-07-29 00:15:01] Running reasoning loop...
2026-07-29 00:15:02,371 - ReasoningLoop - INFO - No new items to process
[2026-07-29 00:15:02] Running approval orchestrator...
[2026-07-29 00:15:03] AI Employee scheduled run complete
---
[2026-07-29 00:20:01] Starting AI Employee scheduled run
[2026-07-29 00:20:01] Running reasoning loop...
2026-07-29 00:20:07,321 - ReasoningLoop - INFO - No new items to process
[2026-07-29 00:20:07] Running approval orchestrator...
[2026-07-29 00:20:12] AI Employee scheduled run complete
---
[2026-07-29 00:25:03] Starting AI Employee scheduled run
[2026-07-29 00:25:03] Running reasoning loop...
2026-07-29 00:25:13,225 - ReasoningLoop - INFO - No new items to process
[2026-07-29 00:25:13] Running approval orchestrator...
[2026-07-29 00:25:31] AI Employee scheduled run complete
---
