[2026-07-26 00:00:03] Starting AI Employee scheduled run
[2026-07-26 00:00:03] Running reasoning loop...
2026-07-26 00:00:05,362 - ReasoningLoop - INFO - No new items to process
[2026-07-26 00:00:05] Running approval orchestrator...
[2026-07-26 00:00:06] AI Employee scheduled run complete
---
[2026-07-26 00:05:04] Starting AI Employee scheduled run
[2026-07-26 00:05:04] Running reasoning loop...
2026-07-26 00:05:05,228 - ReasoningLoop - INFO - No new items to process
[2026-07-26 00:05:05] Running approval orchestrator...
[2026-07-26 00:05:06] AI Employee scheduled run complete
---
[2026-07-26 00:10:04] Starting AI Employee scheduled run
[2026-07-26 00:10:04] Running reasoning loop...
2026-07-26 00:10:05,187 - ReasoningLoop - INFO - No new items to process
[2026-07-26 00:10:05] Running approval orchestrator...
[2026-07-26 00:10:06] AI Employee scheduled run complete
---
[2026-07-26 00:15:03] Starting AI Employee scheduled run
[2026-07-26 00:15:03] Running reasoning loop...
2026-07-26 00:15:04,607 - ReasoningLoop - INFO - No new items to process
[2026-07-26 00:15:04] Running approval orchestrator...
[2026-07-26 00:15:05] AI Employee scheduled run complete
---
[2026-07-26 00:20:03] Starting AI Employee scheduled run
[2026-07-26 00:20:03] Running reasoning loop...
2026-07-26 00:20:04,848 - ReasoningLoop - INFO - No new items to process
[2026-07-26 00:20:04] Running approval orchestrator...
[2026-07-26 00:20:05] AI Employee scheduled run complete
---
[2026-07-26 00:25:03] Starting AI Employee scheduled run
[2026-07-26 00:25:03] Running reasoning loop...
2026-07-26 00:25:04,992 - ReasoningLoop - INFO - No new items to process
[2026-07-26 00:25:05] Running approval orchestrator...
[2026-07-26 00:25:05] AI Employee scheduled run complete
---
[2026-07-26 00:30:04] Starting AI Employee scheduled run
[2026-07-26 00:30:04] Running reasoning loop...
2026-07-26 00:30:04,935 - ReasoningLoop - INFO - No new items to process
[2026-07-26 00:30:04] Running approval orchestrator...
[2026-07-26 00:30:05] AI Employee scheduled run complete
---
[2026-07-26 00:35:03] Starting AI Employee scheduled run
[2026-07-26 00:35:03] Running reasoning loop...
2026-07-26 00:35:03,975 - ReasoningLoop - INFO - No new items to process
[2026-07-26 00:35:03] Running approval orchestrator...
[2026-07-26 00:35:05] AI Employee scheduled run complete
---
[2026-07-26 00:40:04] Starting AI Employee scheduled run
[2026-07-26 00:40:04] Running reasoning loop...
2026-07-26 00:40:05,155 - ReasoningLoop - INFO - No new items to process
[2026-07-26 00:40:05] Running approval orchestrator...
[2026-07-26 00:40:06] AI Employee scheduled run complete
---
[2026-07-26 00:45:04] Starting AI Employee scheduled run
[2026-07-26 00:45:04] Running reasoning loop...
2026-07-26 00:45:05,434 - ReasoningLoop - INFO - No new items to process
[2026-07-26 00:45:05] Running approval orchestrator...
[2026-07-26 00:45:06] AI Employee scheduled run complete
---
[2026-07-26 00:50:04] Starting AI Employee scheduled run
[2026-07-26 00:50:04] Running reasoning loop...
2026-07-26 00:50:05,257 - ReasoningLoop - INFO - No new items to process
[2026-07-26 00:50:05] Running approval orchestrator...
[2026-07-26 00:50:06] AI Employee scheduled run complete
---
[2026-07-26 00:55:03] Starting AI Employee scheduled run
[2026-07-26 00:55:03] Running reasoning loop...
2026-07-26 00:55:05,162 - ReasoningLoop - INFO - No new items to process
[2026-07-26 00:55:05] Running approval orchestrator...
[2026-07-26 00:55:06] AI Employee scheduled run complete
---
[2026-07-26 01:00:03] Starting AI Employee scheduled run
[2026-07-26 01:00:03] Running reasoning loop...
2026-07-26 01:00:04,305 - ReasoningLoop - INFO - No new items to process
[2026-07-26 01:00:04] Running approval orchestrator...
[2026-07-26 01:00:06] AI Employee scheduled run complete
---
[2026-07-26 01:05:03] Starting AI Employee scheduled run
[2026-07-26 01:05:03] Running reasoning loop...
2026-07-26 01:05:05,051 - ReasoningLoop - INFO - No new items to process
[2026-07-26 01:05:05] Running approval orchestrator...
[2026-07-26 01:05:06] AI Employee scheduled run complete
---
[2026-07-26 01:10:03] Starting AI Employee scheduled run
[2026-07-26 01:10:03] Running reasoning loop...
2026-07-26 01:10:06,238 - ReasoningLoop - INFO - No new items to process
[2026-07-26 01:10:06] Running approval orchestrator...
[2026-07-26 01:10:08] AI Employee scheduled run complete
---
[2026-07-26 01:15:03] Starting AI Employee scheduled run
[2026-07-26 01:15:03] Running reasoning loop...
2026-07-26 01:15:05,711 - ReasoningLoop - INFO - No new items to process
[2026-07-26 01:15:05] Running approval orchestrator...
[2026-07-26 01:15:07] AI Employee scheduled run complete
---
[2026-07-26 01:20:03] Starting AI Employee scheduled run
[2026-07-26 01:20:03] Running reasoning loop...
2026-07-26 01:20:05,519 - ReasoningLoop - INFO - No new items to process
[2026-07-26 01:20:05] Running approval orchestrator...
[2026-07-26 01:20:07] AI Employee scheduled run complete
---
[2026-07-26 01:25:03] Starting AI Employee scheduled run
[2026-07-26 01:25:03] Running reasoning loop...
2026-07-26 01:25:05,044 - ReasoningLoop - INFO - No new items to process
[2026-07-26 01:25:05] Running approval orchestrator...
[2026-07-26 01:25:06] AI Employee scheduled run complete
---
[2026-07-26 01:30:04] Starting AI Employee scheduled run
[2026-07-26 01:30:04] Running reasoning loop...
2026-07-26 01:30:05,503 - ReasoningLoop - INFO - No new items to process
[2026-07-26 01:30:05] Running approval orchestrator...
[2026-07-26 01:30:06] AI Employee scheduled run complete
---
[2026-07-26 01:35:03] Starting AI Employee scheduled run
[2026-07-26 01:35:03] Running reasoning loop...
2026-07-26 01:35:06,625 - ReasoningLoop - INFO - No new items to process
[2026-07-26 01:35:06] Running approval orchestrator...
[2026-07-26 01:35:09] AI Employee scheduled run complete
---
[2026-07-26 01:40:03] Starting AI Employee scheduled run
[2026-07-26 01:40:03] Running reasoning loop...
2026-07-26 01:40:05,309 - ReasoningLoop - INFO - No new items to process
[2026-07-26 01:40:05] Running approval orchestrator...
[2026-07-26 01:40:07] AI Employee scheduled run complete
---
[2026-07-26 01:45:04] Starting AI Employee scheduled run
[2026-07-26 01:45:04] Running reasoning loop...
2026-07-26 01:45:05,832 - ReasoningLoop - INFO - No new items to process
[2026-07-26 01:45:05] Running approval orchestrator...
[2026-07-26 01:45:07] AI Employee scheduled run complete
---
[2026-07-26 01:50:04] Starting AI Employee scheduled run
[2026-07-26 01:50:04] Running reasoning loop...
2026-07-26 01:50:05,653 - ReasoningLoop - INFO - No new items to process
[2026-07-26 01:50:05] Running approval orchestrator...
[2026-07-26 01:50:07] AI Employee scheduled run complete
---
[2026-07-26 01:55:04] Starting AI Employee scheduled run
[2026-07-26 01:55:04] Running reasoning loop...
2026-07-26 01:55:05,830 - ReasoningLoop - INFO - No new items to process
[2026-07-26 01:55:05] Running approval orchestrator...
[2026-07-26 01:55:07] AI Employee scheduled run complete
---
[2026-07-26 02:00:03] Starting AI Employee scheduled run
[2026-07-26 02:00:03] Running reasoning loop...
2026-07-26 02:00:05,048 - ReasoningLoop - INFO - No new items to process
[2026-07-26 02:00:05] Running approval orchestrator...
[2026-07-26 02:00:07] AI Employee scheduled run complete
---
[2026-07-26 02:05:03] Starting AI Employee scheduled run
[2026-07-26 02:05:03] Running reasoning loop...
2026-07-26 02:05:04,529 - ReasoningLoop - INFO - No new items to process
[2026-07-26 02:05:04] Running approval orchestrator...
[2026-07-26 02:05:05] AI Employee scheduled run complete
---
[2026-07-26 02:10:03] Starting AI Employee scheduled run
[2026-07-26 02:10:04] Running reasoning loop...
2026-07-26 02:10:05,342 - ReasoningLoop - INFO - No new items to process
[2026-07-26 02:10:05] Running approval orchestrator...
[2026-07-26 02:10:06] AI Employee scheduled run complete
---
[2026-07-26 02:15:04] Starting AI Employee scheduled run
[2026-07-26 02:15:04] Running reasoning loop...
2026-07-26 02:15:06,165 - ReasoningLoop - INFO - No new items to process
[2026-07-26 02:15:06] Running approval orchestrator...
[2026-07-26 02:15:07] AI Employee scheduled run complete
---
[2026-07-26 02:20:03] Starting AI Employee scheduled run
[2026-07-26 02:20:03] Running reasoning loop...
2026-07-26 02:20:05,215 - ReasoningLoop - INFO - No new items to process
[2026-07-26 02:20:05] Running approval orchestrator...
[2026-07-26 02:20:07] AI Employee scheduled run complete
---
[2026-07-26 02:25:03] Starting AI Employee scheduled run
[2026-07-26 02:25:03] Running reasoning loop...
2026-07-26 02:25:06,847 - ReasoningLoop - INFO - No new items to process
[2026-07-26 02:25:06] Running approval orchestrator...
[2026-07-26 02:25:10] AI Employee scheduled run complete
---
[2026-07-26 02:30:03] Starting AI Employee scheduled run
[2026-07-26 02:30:03] Running reasoning loop...
2026-07-26 02:30:05,175 - ReasoningLoop - INFO - No new items to process
[2026-07-26 02:30:05] Running approval orchestrator...
[2026-07-26 02:30:08] AI Employee scheduled run complete
---
[2026-07-26 02:35:03] Starting AI Employee scheduled run
[2026-07-26 02:35:03] Running reasoning loop...
2026-07-26 02:35:05,482 - ReasoningLoop - INFO - No new items to process
[2026-07-26 02:35:05] Running approval orchestrator...
[2026-07-26 02:35:07] AI Employee scheduled run complete
---
[2026-07-26 02:40:04] Starting AI Employee scheduled run
[2026-07-26 02:40:04] Running reasoning loop...
2026-07-26 02:40:07,017 - ReasoningLoop - INFO - No new items to process
[2026-07-26 02:40:07] Running approval orchestrator...
[2026-07-26 02:40:09] AI Employee scheduled run complete
---
[2026-07-26 02:45:03] Starting AI Employee scheduled run
[2026-07-26 02:45:03] Running reasoning loop...
2026-07-26 02:45:04,616 - ReasoningLoop - INFO - No new items to process
[2026-07-26 02:45:04] Running approval orchestrator...
[2026-07-26 02:45:06] AI Employee scheduled run complete
---
[2026-07-26 02:50:03] Starting AI Employee scheduled run
[2026-07-26 02:50:03] Running reasoning loop...
2026-07-26 02:50:04,586 - ReasoningLoop - INFO - No new items to process
[2026-07-26 02:50:04] Running approval orchestrator...
[2026-07-26 02:50:06] AI Employee scheduled run complete
---
[2026-07-26 02:55:04] Starting AI Employee scheduled run
[2026-07-26 02:55:04] Running reasoning loop...
2026-07-26 02:55:05,110 - ReasoningLoop - INFO - No new items to process
[2026-07-26 02:55:05] Running approval orchestrator...
[2026-07-26 02:55:06] AI Employee scheduled run complete
---
[2026-07-26 03:00:03] Starting AI Employee scheduled run
[2026-07-26 03:00:03] Running reasoning loop...
2026-07-26 03:00:04,950 - ReasoningLoop - INFO - No new items to process
[2026-07-26 03:00:04] Running approval orchestrator...
[2026-07-26 03:00:06] AI Employee scheduled run complete
---
[2026-07-26 03:05:04] Starting AI Employee scheduled run
[2026-07-26 03:05:05] Running reasoning loop...
2026-07-26 03:05:13,120 - ReasoningLoop - INFO - No new items to process
[2026-07-26 03:05:13] Running approval orchestrator...
[2026-07-26 03:05:15] AI Employee scheduled run complete
---
[2026-07-26 03:10:03] Starting AI Employee scheduled run
[2026-07-26 03:10:03] Running reasoning loop...
2026-07-26 03:10:08,773 - ReasoningLoop - INFO - No new items to process
[2026-07-26 03:10:08] Running approval orchestrator...
[2026-07-26 03:10:13] AI Employee scheduled run complete
---
[2026-07-26 03:15:04] Starting AI Employee scheduled run
[2026-07-26 03:15:04] Running reasoning loop...
2026-07-26 03:15:06,130 - ReasoningLoop - INFO - No new items to process
[2026-07-26 03:15:06] Running approval orchestrator...
[2026-07-26 03:15:07] AI Employee scheduled run complete
---
[2026-07-26 03:20:03] Starting AI Employee scheduled run
[2026-07-26 03:20:03] Running reasoning loop...
2026-07-26 03:20:05,721 - ReasoningLoop - INFO - No new items to process
[2026-07-26 03:20:05] Running approval orchestrator...
[2026-07-26 03:20:08] AI Employee scheduled run complete
---
[2026-07-26 03:25:03] Starting AI Employee scheduled run
[2026-07-26 03:25:03] Running reasoning loop...
2026-07-26 03:25:05,656 - ReasoningLoop - INFO - No new items to process
[2026-07-26 03:25:05] Running approval orchestrator...
[2026-07-26 03:25:07] AI Employee scheduled run complete
---
[2026-07-26 03:30:05] Starting AI Employee scheduled run
[2026-07-26 03:30:05] Running reasoning loop...
2026-07-26 03:30:22,540 - ReasoningLoop - INFO - No new items to process
[2026-07-26 03:30:22] Running approval orchestrator...
[2026-07-26 03:30:29] AI Employee scheduled run complete
---
[2026-07-26 03:35:04] Starting AI Employee scheduled run
[2026-07-26 03:35:04] Running reasoning loop...
2026-07-26 03:35:07,589 - ReasoningLoop - INFO - No new items to process
[2026-07-26 03:35:07] Running approval orchestrator...
[2026-07-26 03:35:11] AI Employee scheduled run complete
---
[2026-07-26 03:40:03] Starting AI Employee scheduled run
[2026-07-26 03:40:03] Running reasoning loop...
2026-07-26 03:40:04,566 - ReasoningLoop - INFO - No new items to process
[2026-07-26 03:40:04] Running approval orchestrator...
[2026-07-26 03:40:05] AI Employee scheduled run complete
---
